 sha3_C_Addon

 Timestamp is 5a43a79d (Wed Dec 27 16:01:01 2017)

 Preferred load address is 0000000180000000

 Start         Length     Name                   Class
 0001:00000000 0000f9b0H .text$mn                CODE
 0001:0000f9b0 000000e0H .text$mn$00             CODE
 0001:0000fa90 00000240H .text$x                 CODE
 0002:00000000 00000240H .idata$5                DATA
 0002:00000240 00000020H .00cfg                  DATA
 0002:00000260 00000008H .CRT$XCA                DATA
 0002:00000268 00000008H .CRT$XCU                DATA
 0002:00000270 00000008H .CRT$XCZ                DATA
 0002:00000278 00000008H .CRT$XIA                DATA
 0002:00000280 00000018H .CRT$XIC                DATA
 0002:00000298 00000008H .CRT$XIZ                DATA
 0002:000002a0 00000008H .CRT$XPA                DATA
 0002:000002a8 00000010H .CRT$XPX                DATA
 0002:000002b8 00000008H .CRT$XPXA               DATA
 0002:000002c0 00000008H .CRT$XPZ                DATA
 0002:000002c8 00000008H .CRT$XTA                DATA
 0002:000002d0 00000010H .CRT$XTZ                DATA
 0002:000002d8 00000000H .gfids$y                DATA
 0002:000002e0 00007d08H .rdata                  DATA
 0002:00007fe8 00000000H .rdata$r                DATA
 0002:00007fe8 00000390H .rdata$zzzdbg           DATA
 0002:00008378 00000008H .rtc$IAA                DATA
 0002:00008380 00000008H .rtc$IZZ                DATA
 0002:00008388 00000008H .rtc$TAA                DATA
 0002:00008390 00000008H .rtc$TZZ                DATA
 0002:00008398 00000cdcH .xdata                  DATA
 0002:00009074 00000020H .didat$2                DATA
 0002:00009094 00000024H .didat$3                DATA
 0002:000090b8 00000060H .didat$4                DATA
 0002:00009118 000002c8H .didat$6                DATA
 0002:000093e0 00000060H .didat$7                DATA
 0002:00009440 0000005cH .edata                  DATA
 0002:0000949c 00000014H .idata$2                DATA
 0002:000094b0 00000018H .idata$3                DATA
 0002:000094c8 00000240H .idata$4                DATA
 0002:00009708 0000053aH .idata$6                DATA
 0003:00000000 00000930H .data                   DATA
 0003:00000930 00000000H .data$r                 DATA
 0003:00000930 00000060H .didat$5                DATA
 0003:00000990 00001a00H .bss                    DATA
 0004:00000000 00000fb4H .pdata                  DATA
 0005:00000000 00000060H .rsrc$01                DATA
 0005:00000060 00000180H .rsrc$02                DATA

  Address         Publics by Value              Rva+Base               Lib:Object

 0000:00000000       __guard_iat_table          0000000000000000     <absolute>
 0000:00000000       __dynamic_value_reloc_table 0000000000000000     <absolute>
 0000:00000000       __hybrid_code_map          0000000000000000     <absolute>
 0000:00000000       __hybrid_code_map_count    0000000000000000     <absolute>
 0000:00000000       __guard_iat_count          0000000000000000     <absolute>
 0000:00000000       __hybrid_auxiliary_iat     0000000000000000     <absolute>
 0000:00000000       __guard_longjmp_table      0000000000000000     <absolute>
 0000:00000000       __guard_longjmp_count      0000000000000000     <absolute>
 0000:00000000       __guard_fids_count         0000000000000000     <absolute>
 0000:00000000       __enclave_config           0000000000000000     <absolute>
 0000:00000000       ___safe_se_handler_table   0000000000000000     <absolute>
 0000:00000000       ___safe_se_handler_count   0000000000000000     <absolute>
 0000:00000000       __guard_fids_table         0000000000000000     <absolute>
 0000:00000100       __guard_flags              0000000000000100     <absolute>
 0000:00000000       __ImageBase                0000000180000000     <linker-defined>
 0001:00000000       __local_stdio_printf_options 0000000180001000 f i sha3JS.obj
 0001:00000010       sprintf                    0000000180001010 f i sha3JS.obj
 0001:000004a0       ?sha3_512_JS@sha3@@YAXAEBV?$FunctionCallbackInfo@VValue@v8@@@v8@@@Z 00000001800014a0 f   sha3JS.obj
 0001:00000530       ?Init@sha3@@YAXV?$Local@VObject@v8@@@v8@@@Z 0000000180001530 f   sha3JS.obj
 0001:0000084c       __imp_load_?GetCurrent@Isolate@v8@@SAPEAV12@XZ 000000018000184c f   node:node.exe
 0001:00000858       __tailMerge_node_exe       0000000180001858     node:node.exe
 0001:000008d1       __imp_load_??1HandleScope@v8@@QEAA@XZ 00000001800018d1 f   node:node.exe
 0001:000008dd       __imp_load_??0HandleScope@v8@@QEAA@PEAVIsolate@1@@Z 00000001800018dd f   node:node.exe
 0001:000008e9       __imp_load_?GetFunction@FunctionTemplate@v8@@QEAA?AV?$Local@VFunction@v8@@@2@XZ 00000001800018e9 f   node:node.exe
 0001:000008f5       __imp_load_?New@FunctionTemplate@v8@@SA?AV?$Local@VFunctionTemplate@v8@@@2@PEAVIsolate@2@P6AXAEBV?$FunctionCallbackInfo@VValue@v8@@@2@@ZV?$Local@VValue@v8@@@2@V?$Local@VSignature@v8@@@2@HW4ConstructorBehavior@2@@Z 00000001800018f5 f   node:node.exe
 0001:00000901       __imp_load_??1Utf8Value@String@v8@@QEAA@XZ 0000000180001901 f   node:node.exe
 0001:0000090d       __imp_load_??0Utf8Value@String@v8@@QEAA@V?$Local@VValue@v8@@@2@@Z 000000018000190d f   node:node.exe
 0001:00000919       __imp_load_?NewFromUtf8@String@v8@@SA?AV?$Local@VString@v8@@@2@PEAVIsolate@2@PEBDW4NewStringType@12@H@Z 0000000180001919 f   node:node.exe
 0001:00000925       __imp_load_?Set@Object@v8@@QEAA_NV?$Local@VValue@v8@@@2@0@Z 0000000180001925 f   node:node.exe
 0001:00000931       __imp_load_?SetName@Function@v8@@QEAAXV?$Local@VString@v8@@@2@@Z 0000000180001931 f   node:node.exe
 0001:0000093d       __imp_load_node_module_register 000000018000193d f   node:node.exe
 0001:00000960       __security_check_cookie    0000000180001960 f   LIBCMT:_amdsecgs_.obj
 0001:00000cc0       _DllMainCRTStartup         0000000180001cc0 f   LIBCMT:dll_dllmain.obj
 0001:00000d00       __raise_securityfailure    0000000180001d00 f   LIBCMT:gs_report.obj
 0001:00000d34       __report_gsfailure         0000000180001d34 f   LIBCMT:gs_report.obj
 0001:00000e08       __report_rangecheckfailure 0000000180001e08 f   LIBCMT:gs_report.obj
 0001:00000e1c       __report_securityfailure   0000000180001e1c f   LIBCMT:gs_report.obj
 0001:00000f9c       __security_init_cookie     0000000180001f9c f   LIBCMT:gs_support.obj
 0001:00001048       DllMain                    0000000180002048 f   LIBCMT:dll_dllmain_stub.obj
 0001:00001048       _get_startup_argv_mode     0000000180002048 f   LIBCMT:argv_mode.obj
 0001:00001050       ?__scrt_initialize_type_info@@YAXXZ 0000000180002050 f   LIBCMT:tncleanup.obj
 0001:00001060       ?__scrt_uninitialize_type_info@@YAXXZ 0000000180002060 f   LIBCMT:tncleanup.obj
 0001:0000106c       __local_stdio_scanf_options 000000018000206c f i LIBCMT:default_local_stdio_options.obj
 0001:00001074       __scrt_initialize_default_local_stdio_options 0000000180002074 f   LIBCMT:default_local_stdio_options.obj
 0001:00001090       __scrt_acquire_startup_lock 0000000180002090 f   LIBCMT:utility.obj
 0001:000010cc       __scrt_dllmain_after_initialize_c 00000001800020cc f   LIBCMT:utility.obj
 0001:00001100       __scrt_dllmain_before_initialize_c 0000000180002100 f   LIBCMT:utility.obj
 0001:00001118       __scrt_dllmain_crt_thread_attach 0000000180002118 f   LIBCMT:utility.obj
 0001:00001140       __scrt_dllmain_crt_thread_detach 0000000180002140 f   LIBCMT:utility.obj
 0001:00001158       __scrt_dllmain_exception_filter 0000000180002158 f   LIBCMT:utility.obj
 0001:000011bc       __scrt_dllmain_uninitialize_c 00000001800021bc f   LIBCMT:utility.obj
 0001:000011ec       __scrt_dllmain_uninitialize_critical 00000001800021ec f   LIBCMT:utility.obj
 0001:00001200       __scrt_initialize_crt      0000000180002200 f   LIBCMT:utility.obj
 0001:0000124c       __scrt_initialize_onexit_tables 000000018000224c f   LIBCMT:utility.obj
 0001:0000132c       __scrt_is_nonwritable_in_current_image 000000018000232c f   LIBCMT:utility.obj
 0001:000013c8       __scrt_release_startup_lock 00000001800023c8 f   LIBCMT:utility.obj
 0001:000013ec       __scrt_uninitialize_crt    00000001800023ec f   LIBCMT:utility.obj
 0001:00001418       __scrt_get_dyn_tls_init_callback 0000000180002418 f   LIBCMT:dyn_tls_init.obj
 0001:00001420       __crt_debugger_hook        0000000180002420 f   LIBCMT:utility_desktop.obj
 0001:00001428       __scrt_fastfail            0000000180002428 f   LIBCMT:utility_desktop.obj
 0001:00001574       _RTC_Initialize            0000000180002574 f   LIBCMT:_initsect_.obj
 0001:000015c0       _RTC_Terminate             00000001800025c0 f   LIBCMT:_initsect_.obj
 0001:0000160c       _guard_check_icall         000000018000260c f i LIBCMT:checkcfg.obj
 0001:00001614       __isa_available_init       0000000180002614 f   LIBCMT:_cpu_disp_.obj
 0001:000017d0       __scrt_is_ucrt_dll_in_use  00000001800027d0 f   LIBCMT:ucrt_detection.obj
 0001:000017dc       _guard_check_icall_nop     00000001800027dc f i LIBCMT:guard_support.obj
 0001:000017e0       __C_specific_handler       00000001800027e0 f   libvcruntime:_riscchandler_.obj
 0001:000019dc       __std_type_info_destroy_list 00000001800029dc f   libvcruntime:std_type_info.obj
 0001:00001a08       __vcrt_initialize          0000000180002a08 f   libvcruntime:initialization.obj
 0001:00001a3c       __vcrt_thread_attach       0000000180002a3c f   libvcruntime:initialization.obj
 0001:00001a50       __vcrt_thread_detach       0000000180002a50 f   libvcruntime:initialization.obj
 0001:00001a64       __vcrt_uninitialize        0000000180002a64 f   libvcruntime:initialization.obj
 0001:00001a84       __vcrt_uninitialize_critical 0000000180002a84 f   libvcruntime:initialization.obj
 0001:00001ab0       memset                     0000000180002ab0 f   libvcruntime:memset.obj
 0001:00001c70       _local_unwind              0000000180002c70 f   libvcruntime:_jmpuwind_.obj
 0001:00001ca0       _NLG_Notify                0000000180002ca0 f   libvcruntime:_jmpuwind_.obj
 0001:00001cc0       __NLG_Dispatch2            0000000180002cc0 f   libvcruntime:_jmpuwind_.obj
 0001:00001cd0       __NLG_Return2              0000000180002cd0 f   libvcruntime:_jmpuwind_.obj
 0001:00001cd4       __except_validate_context_record 0000000180002cd4 f   libvcruntime:jbcxrval.obj
 0001:00001d0c       __vcrt_freefls             0000000180002d0c f   libvcruntime:per_thread_data.obj
 0001:00001d2c       __vcrt_freeptd             0000000180002d2c f   libvcruntime:per_thread_data.obj
 0001:00001d7c       __vcrt_getptd_noexit       0000000180002d7c f   libvcruntime:per_thread_data.obj
 0001:00001e34       __vcrt_initialize_ptd      0000000180002e34 f   libvcruntime:per_thread_data.obj
 0001:00001e74       __vcrt_uninitialize_ptd    0000000180002e74 f   libvcruntime:per_thread_data.obj
 0001:00001e98       __vcrt_initialize_locks    0000000180002e98 f   libvcruntime:locks.obj
 0001:00001ee0       __vcrt_uninitialize_locks  0000000180002ee0 f   libvcruntime:locks.obj
 0001:000020f0       __vcrt_FlsAlloc            00000001800030f0 f   libvcruntime:winapi_downlevel.obj
 0001:00002144       __vcrt_FlsFree             0000000180003144 f   libvcruntime:winapi_downlevel.obj
 0001:00002198       __vcrt_FlsGetValue         0000000180003198 f   libvcruntime:winapi_downlevel.obj
 0001:000021ec       __vcrt_FlsSetValue         00000001800031ec f   libvcruntime:winapi_downlevel.obj
 0001:00002254       __vcrt_InitializeCriticalSectionEx 0000000180003254 f   libvcruntime:winapi_downlevel.obj
 0001:000022cc       __vcrt_initialize_winapi_thunks 00000001800032cc f   libvcruntime:winapi_downlevel.obj
 0001:00002310       __vcrt_uninitialize_winapi_thunks 0000000180003310 f   libvcruntime:winapi_downlevel.obj
 0001:00002350       __vcrt_initialize_pure_virtual_call_handler 0000000180003350 f   libvcruntime:purevirt_data.obj
 0001:00002540       ??$ensure_buffer_is_big_enough@D@formatting_buffer@__crt_stdio_output@@QEAA_N_K@Z 0000000180003540 f i libucrt:output.obj
 0001:000025e8       ??$type_case_integer_parse_into_buffer@I@?$output_processor@DV?$string_output_adapter@D@__crt_stdio_output@@V?$standard_base@DV?$string_output_adapter@D@__crt_stdio_output@@@2@@__crt_stdio_output@@AEAAXII_N@Z 00000001800035e8 f i libucrt:output.obj
 0001:00002670       ??$type_case_integer_parse_into_buffer@_K@?$output_processor@DV?$string_output_adapter@D@__crt_stdio_output@@V?$standard_base@DV?$string_output_adapter@D@__crt_stdio_output@@@2@@__crt_stdio_output@@AEAAX_KI_N@Z 0000000180003670 f i libucrt:output.obj
 0001:00002700       ??$write_multiple_characters@V?$string_output_adapter@D@__crt_stdio_output@@D@__crt_stdio_output@@YAXAEBV?$string_output_adapter@D@0@DHQEAH@Z 0000000180003700 f i libucrt:output.obj
 0001:0000275c       ??0_LocaleUpdate@@QEAA@QEAU__crt_locale_pointers@@@Z 000000018000375c f i libucrt:output.obj
 0001:000027ec       ?force_decimal_point@__crt_stdio_output@@YAXPEADQEAU__crt_locale_pointers@@@Z 00000001800037ec f i libucrt:output.obj
 0001:0000285c       ?parse_int_from_format_string@?$output_processor@DV?$string_output_adapter@D@__crt_stdio_output@@V?$standard_base@DV?$string_output_adapter@D@__crt_stdio_output@@@2@@__crt_stdio_output@@AEAA_NQEAH@Z 000000018000385c f i libucrt:output.obj
 0001:00002900       ?process@?$output_processor@DV?$string_output_adapter@D@__crt_stdio_output@@V?$standard_base@DV?$string_output_adapter@D@__crt_stdio_output@@@2@@__crt_stdio_output@@QEAAHXZ 0000000180003900 f i libucrt:output.obj
 0001:00002b08       ?state_case_normal@?$output_processor@DV?$string_output_adapter@D@__crt_stdio_output@@V?$standard_base@DV?$string_output_adapter@D@__crt_stdio_output@@@2@@__crt_stdio_output@@AEAA_NXZ 0000000180003b08 f i libucrt:output.obj
 0001:00002b7c       ?state_case_normal_tchar@?$output_processor@DV?$string_output_adapter@D@__crt_stdio_output@@V?$standard_base@DV?$string_output_adapter@D@__crt_stdio_output@@@2@@__crt_stdio_output@@AEAA_ND@Z 0000000180003b7c f i libucrt:output.obj
 0001:00002c14       ?state_case_size@?$output_processor@DV?$string_output_adapter@D@__crt_stdio_output@@V?$standard_base@DV?$string_output_adapter@D@__crt_stdio_output@@@2@@__crt_stdio_output@@AEAA_NXZ 0000000180003c14 f i libucrt:output.obj
 0001:00002d90       ?state_case_type@?$output_processor@DV?$string_output_adapter@D@__crt_stdio_output@@V?$standard_base@DV?$string_output_adapter@D@__crt_stdio_output@@@2@@__crt_stdio_output@@AEAA_NXZ 0000000180003d90 f i libucrt:output.obj
 0001:00003004       ?type_case_Z@?$output_processor@DV?$string_output_adapter@D@__crt_stdio_output@@V?$standard_base@DV?$string_output_adapter@D@__crt_stdio_output@@@2@@__crt_stdio_output@@AEAA_NXZ 0000000180004004 f i libucrt:output.obj
 0001:00003084       ?type_case_a@?$output_processor@DV?$string_output_adapter@D@__crt_stdio_output@@V?$standard_base@DV?$string_output_adapter@D@__crt_stdio_output@@@2@@__crt_stdio_output@@AEAA_NXZ 0000000180004084 f i libucrt:output.obj
 0001:0000329c       ?type_case_c_tchar@?$output_processor@DV?$string_output_adapter@D@__crt_stdio_output@@V?$standard_base@DV?$string_output_adapter@D@__crt_stdio_output@@@2@@__crt_stdio_output@@AEAA_ND@Z 000000018000429c f i libucrt:output.obj
 0001:00003368       ?type_case_integer@?$output_processor@DV?$string_output_adapter@D@__crt_stdio_output@@V?$standard_base@DV?$string_output_adapter@D@__crt_stdio_output@@@2@@__crt_stdio_output@@AEAA_NI_N@Z 0000000180004368 f i libucrt:output.obj
 0001:0000352c       ?type_case_n@?$output_processor@DV?$string_output_adapter@D@__crt_stdio_output@@V?$standard_base@DV?$string_output_adapter@D@__crt_stdio_output@@@2@@__crt_stdio_output@@AEAA_NXZ 000000018000452c f i libucrt:output.obj
 0001:00003608       ?type_case_s@?$output_processor@DV?$string_output_adapter@D@__crt_stdio_output@@V?$standard_base@DV?$string_output_adapter@D@__crt_stdio_output@@@2@@__crt_stdio_output@@AEAA_NXZ 0000000180004608 f i libucrt:output.obj
 0001:000036a4       ?write_stored_string_tchar@?$output_processor@DV?$string_output_adapter@D@__crt_stdio_output@@V?$standard_base@DV?$string_output_adapter@D@__crt_stdio_output@@@2@@__crt_stdio_output@@AEAA_ND@Z 00000001800046a4 f i libucrt:output.obj
 0001:0000377c       ?write_string@?$string_output_adapter@D@__crt_stdio_output@@QEBAXQEBDHQEAHAEAV__crt_deferred_errno_cache@@@Z 000000018000477c f i libucrt:output.obj
 0001:00003820       __stdio_common_vsprintf    0000000180004820 f   libucrt:output.obj
 0001:00003828       __ascii_stricmp            0000000180004828 f   libucrt:stricmp.obj
 0001:00003868       _stricmp                   0000000180004868 f   libucrt:stricmp.obj
 0001:000038b0       _stricmp_l                 00000001800048b0 f   libucrt:stricmp.obj
 0001:00003964       _initterm                  0000000180004964 f   libucrt:initterm.obj
 0001:000039c8       _initterm_e                00000001800049c8 f   libucrt:initterm.obj
 0001:00003a08       _seh_filter_dll            0000000180004a08 f   libucrt:exception_filter.obj
 0001:00003a1c       _seh_filter_exe            0000000180004a1c f   libucrt:exception_filter.obj
 0001:00003e28       __acrt_initialize_thread_local_exit_callback 0000000180004e28 f   libucrt:exit.obj
 0001:00003e30       _cexit                     0000000180004e30 f   libucrt:exit.obj
 0001:00003e40       _exit                      0000000180004e40 f   libucrt:exit.obj
 0001:00003e4c       _is_c_termination_complete 0000000180004e4c f   libucrt:exit.obj
 0001:00004010       __acrt_allocate_buffer_for_argv 0000000180005010 f   libucrt:argv_parsing.obj
 0001:00004070       _configure_narrow_argv     0000000180005070 f   libucrt:argv_parsing.obj
 0001:000043ec       __dcrt_uninitialize_environments_nolock 00000001800053ec f   libucrt:environment_initialization.obj
 0001:00004424       _initialize_narrow_environment 0000000180005424 f   libucrt:environment_initialization.obj
 0001:000045b4       _execute_onexit_table      00000001800055b4 f   libucrt:onexit.obj
 0001:000045f0       _initialize_onexit_table   00000001800055f0 f   libucrt:onexit.obj
 0001:00004770       __acrt_uninitialize_command_line 0000000180005770 f   libucrt:argv_data.obj
 0001:00004774       __acrt_initialize          0000000180005774 f   libucrt:initialization.obj
 0001:00004788       __acrt_thread_attach       0000000180005788 f   libucrt:initialization.obj
 0001:0000479c       __acrt_thread_detach       000000018000579c f   libucrt:initialization.obj
 0001:000047ac       __acrt_uninitialize        00000001800057ac f   libucrt:initialization.obj
 0001:000047e4       __acrt_uninitialize_critical 00000001800057e4 f   libucrt:initialization.obj
 0001:000047f4       terminate                  00000001800057f4 f   libucrt:terminate.obj
 0001:00004814       _free_base                 0000000180005814 f   libucrt:free_base.obj
 0001:00004854       _malloc_base               0000000180005854 f   libucrt:malloc_base.obj
 0001:000048b4       strcpy_s                   00000001800058b4 f   libucrt:strcpy_s.obj
 0001:00004914       ??$parse_integer@KV?$c_string_character_source@D@__crt_strtox@@@__crt_strtox@@YAKQEAU__crt_locale_pointers@@V?$c_string_character_source@D@0@H_N@Z 0000000180005914 f i libucrt:atox.obj
 0001:00004c30       abort                      0000000180005c30 f   libucrt:abort.obj
 0001:00004c88       _calloc_base               0000000180005c88 f   libucrt:calloc_base.obj
 0001:00004d00       wcsncmp                    0000000180005d00 f   libucrt:wcsncmp.obj
 0001:00004d2c       __acrt_call_reportfault    0000000180005d2c f   libucrt:invalid_parameter.obj
 0001:00004e88       __acrt_initialize_invalid_parameter_handler 0000000180005e88 f   libucrt:invalid_parameter.obj
 0001:00004e90       _invalid_parameter         0000000180005e90 f   libucrt:invalid_parameter.obj
 0001:00004f40       _invalid_parameter_noinfo  0000000180005f40 f   libucrt:invalid_parameter.obj
 0001:00004f60       _invoke_watson             0000000180005f60 f   libucrt:invalid_parameter.obj
 0001:00004fa8       isdigit                    0000000180005fa8 f i libucrt:_ctype.obj
 0001:00005060       _tolower_l                 0000000180006060 f   libucrt:tolower_toupper.obj
 0001:000051a0       tolower                    00000001800061a0 f   libucrt:tolower_toupper.obj
 0001:000051cc       __acrt_errno_from_os_error 00000001800061cc f   libucrt:errno.obj
 0001:00005214       __acrt_errno_map_os_error  0000000180006214 f   libucrt:errno.obj
 0001:00005264       __doserrno                 0000000180006264 f   libucrt:errno.obj
 0001:00005284       _errno                     0000000180006284 f   libucrt:errno.obj
 0001:000052a4       strtol                     00000001800062a4 f   libucrt:strtox.obj
 0001:000052d0       _mbtowc_l                  00000001800062d0 f   libucrt:mbtowc.obj
 0001:00005418       mbtowc                     0000000180006418 f   libucrt:mbtowc.obj
 0001:00005420       _wctomb_s_l                0000000180006420 f   libucrt:wctomb.obj
 0001:000055a4       wctomb_s                   00000001800065a4 f   libucrt:wctomb.obj
 0001:000055b8       strnlen                    00000001800065b8 f   libucrt:strnlen.obj
 0001:000056fc       wcsnlen                    00000001800066fc f   libucrt:strnlen.obj
 0001:00005c3c       __acrt_freeptd             0000000180006c3c f   libucrt:per_thread_data.obj
 0001:00005c80       __acrt_getptd              0000000180006c80 f   libucrt:per_thread_data.obj
 0001:00005d4c       __acrt_getptd_head         0000000180006d4c f   libucrt:per_thread_data.obj
 0001:00005df4       __acrt_getptd_noexit       0000000180006df4 f   libucrt:per_thread_data.obj
 0001:00005ec4       __acrt_initialize_ptd      0000000180006ec4 f   libucrt:per_thread_data.obj
 0001:00005f00       __acrt_uninitialize_ptd    0000000180006f00 f   libucrt:per_thread_data.obj
 0001:00005f24       __acrt_update_locale_info  0000000180006f24 f   libucrt:locale_update.obj
 0001:00005f58       __acrt_update_multibyte_info 0000000180006f58 f   libucrt:locale_update.obj
 0001:00006948       __acrt_fp_format           0000000180007948 f   libucrt:cvt.obj
 0001:00006bd0       _fileno                    0000000180007bd0 f   libucrt:fileno.obj
 0001:00006bf8       __acrt_initialize_stdio    0000000180007bf8 f   libucrt:_file.obj
 0001:00006d18       __acrt_uninitialize_stdio  0000000180007d18 f   libucrt:_file.obj
 0001:00006d74       _lock_file                 0000000180007d74 f   libucrt:_file.obj
 0001:00006d80       _unlock_file               0000000180007d80 f   libucrt:_file.obj
 0001:00006d8c       _get_printf_count_output   0000000180007d8c f   libucrt:printf_count_output.obj
 0001:00006e14       __acrt_set_locale_changed  0000000180007e14 f   libucrt:wsetlocale.obj
 0001:00006e20       __acrt_uninitialize_locale 0000000180007e20 f   libucrt:wsetlocale.obj
 0001:00007038       __acrt_initialize_lowio    0000000180008038 f   libucrt:ioinit.obj
 0001:00007074       __acrt_uninitialize_lowio  0000000180008074 f   libucrt:ioinit.obj
 0001:000070b4       __acrt_initialize_locks    00000001800080b4 f   libucrt:locks.obj
 0001:000070fc       __acrt_lock                00000001800080fc f   libucrt:locks.obj
 0001:00007118       __acrt_uninitialize_locks  0000000180008118 f   libucrt:locks.obj
 0001:00007150       __acrt_unlock              0000000180008150 f   libucrt:locks.obj
 0001:0000716c       __acrt_get_process_end_policy 000000018000816c f   libucrt:win_policies.obj
 0001:0000770c       __acrt_expand_narrow_argv_wildcards 000000018000870c f   libucrt:argv_wildcards.obj
 0001:00007e54       __acrt_initialize_multibyte 0000000180008e54 f   libucrt:mbctype.obj
 0001:00007eb4       __acrt_update_thread_multibyte_data 0000000180008eb4 f   libucrt:mbctype.obj
 0001:00007ed0       _setmbcp_nolock            0000000180008ed0 f   libucrt:mbctype.obj
 0001:00008208       _ismbblead                 0000000180009208 f   libucrt:ismbbyte.obj
 0001:0000821c       __acrt_initialize_command_line 000000018000921c f   libucrt:argv_data.obj
 0001:00008244       __dcrt_get_narrow_environment_from_os 0000000180009244 f   libucrt:get_environment_from_os.obj
 0001:00008348       _recalloc                  0000000180009348 f   libucrt:recalloc.obj
 0001:00008350       _recalloc_base             0000000180009350 f   libucrt:recalloc.obj
 0001:000085c0       __acrt_AppPolicyGetProcessTerminationMethodInternal 00000001800095c0 f   libucrt:winapi_thunks.obj
 0001:00008610       __acrt_FlsAlloc            0000000180009610 f   libucrt:winapi_thunks.obj
 0001:00008658       __acrt_FlsFree             0000000180009658 f   libucrt:winapi_thunks.obj
 0001:000086a0       __acrt_FlsGetValue         00000001800096a0 f   libucrt:winapi_thunks.obj
 0001:000086e8       __acrt_FlsSetValue         00000001800096e8 f   libucrt:winapi_thunks.obj
 0001:0000873c       __acrt_InitializeCriticalSectionEx 000000018000973c f   libucrt:winapi_thunks.obj
 0001:000087a0       __acrt_LCMapStringEx       00000001800097a0 f   libucrt:winapi_thunks.obj
 0001:0000887c       __acrt_LocaleNameToLCID    000000018000987c f   libucrt:winapi_thunks.obj
 0001:000088cc       __acrt_initialize_winapi_thunks 00000001800098cc f   libucrt:winapi_thunks.obj
 0001:00008914       __acrt_uninitialize_winapi_thunks 0000000180009914 f   libucrt:winapi_thunks.obj
 0001:00008958       __acrt_initialize_heap     0000000180009958 f   libucrt:heap_handle.obj
 0001:00008974       __acrt_uninitialize_heap   0000000180009974 f   libucrt:heap_handle.obj
 0001:00008980       __acrt_execute_initializers 0000000180009980 f   libucrt:shared_initialization.obj
 0001:00008a00       __acrt_execute_uninitializers 0000000180009a00 f   libucrt:shared_initialization.obj
 0001:00008a3c       __acrt_initialize_new_handler 0000000180009a3c f   libucrt:new_handler.obj
 0001:00008a44       _callnewh                  0000000180009a44 f   libucrt:new_handler.obj
 0001:00008a74       _query_new_handler         0000000180009a74 f   libucrt:new_handler.obj
 0001:00008af0       __acrt_get_sigabrt_handler 0000000180009af0 f   libucrt:signal.obj
 0001:00008b20       __acrt_initialize_signal_handlers 0000000180009b20 f   libucrt:signal.obj
 0001:00008b40       raise                      0000000180009b40 f   libucrt:signal.obj
 0001:00008db4       __acrt_has_user_matherr    0000000180009db4 f   libucrt:matherr.obj
 0001:00008dd4       __acrt_initialize_user_matherr 0000000180009dd4 f   libucrt:matherr.obj
 0001:00008ddc       __acrt_invoke_user_matherr 0000000180009ddc f   libucrt:matherr.obj
 0001:00008ff0       __acrt_stdio_flush_nolock  0000000180009ff0 f   libucrt:fflush.obj
 0001:0000906c       _fflush_nolock             000000018000a06c f   libucrt:fflush.obj
 0001:000090b8       _flushall                  000000018000a0b8 f   libucrt:fflush.obj
 0001:000090c0       _query_new_mode            000000018000a0c0 f   libucrt:new_mode.obj
 0001:000090c8       __pctype_func              000000018000a0c8 f   libucrt:ctype.obj
 0001:000090f8       _isctype_l                 000000018000a0f8 f   libucrt:isctype.obj
 0001:00009208       _isleadbyte_l              000000018000a208 f i libucrt:_wctype.obj
 0001:00009560       __acrt_LCMapStringA        000000018000a560 f   libucrt:lcmapstringa.obj
 0001:000095f8       __acrt_MultiByteToWideChar 000000018000a5f8 f   libucrt:multibytetowidechar.obj
 0001:00009600       __acrt_WideCharToMultiByte 000000018000a600 f   libucrt:widechartomultibyte.obj
 0001:00009608       __acrt_add_locale_ref      000000018000a608 f   libucrt:locale_refcounting.obj
 0001:00009694       __acrt_free_locale         000000018000a694 f   libucrt:locale_refcounting.obj
 0001:0000980c       __acrt_locale_add_lc_time_reference 000000018000a80c f   libucrt:locale_refcounting.obj
 0001:00009834       __acrt_locale_free_lc_time_if_unreferenced 000000018000a834 f   libucrt:locale_refcounting.obj
 0001:0000986c       __acrt_locale_release_lc_time_reference 000000018000a86c f   libucrt:locale_refcounting.obj
 0001:00009894       __acrt_release_locale_ref  000000018000a894 f   libucrt:locale_refcounting.obj
 0001:0000993c       __acrt_update_thread_locale_data 000000018000a93c f   libucrt:locale_refcounting.obj
 0001:000099ac       _updatetlocinfoEx_nolock   000000018000a9ac f   libucrt:locale_refcounting.obj
 0001:00009a14       __acrt_fp_strflt_to_string 000000018000aa14 f   libucrt:_fptostr.obj
 0001:00009ae0       ?divide@__crt_strtox@@YA_KAEAUbig_integer@1@AEBU21@@Z 000000018000aae0 f i libucrt:cfout.obj
 0001:00009f74       __acrt_fltout              000000018000af74 f   libucrt:cfout.obj
 0001:0000b350       _fcloseall                 000000018000c350 f   libucrt:closeall.obj
 0001:0000b404       __acrt_stdio_free_buffer_nolock 000000018000c404 f   libucrt:_freebuf.obj
 0001:0000b444       _isatty                    000000018000c444 f   libucrt:isatty.obj
 0001:0000b4a4       __acrt_locale_free_monetary 000000018000c4a4 f   libucrt:initmon.obj
 0001:0000b5b0       __acrt_locale_free_numeric 000000018000c5b0 f   libucrt:initnum.obj
 0001:0000b670       __acrt_locale_free_time    000000018000c670 f   libucrt:inittime.obj
 0001:0000b778       __acrt_GetStringTypeA      000000018000c778 f   libucrt:getstringtypea.obj
 0001:0000b908       __acrt_lowio_create_handle_array 000000018000c908 f   libucrt:osfinfo.obj
 0001:0000b9a0       __acrt_lowio_destroy_handle_array 000000018000c9a0 f   libucrt:osfinfo.obj
 0001:0000b9f0       __acrt_lowio_ensure_fh_exists 000000018000c9f0 f   libucrt:osfinfo.obj
 0001:0000ba98       __acrt_lowio_lock_fh       000000018000ca98 f   libucrt:osfinfo.obj
 0001:0000babc       __acrt_lowio_unlock_fh     000000018000cabc f   libucrt:osfinfo.obj
 0001:0000bae0       _free_osfhnd               000000018000cae0 f   libucrt:osfinfo.obj
 0001:0000bb9c       _get_osfhandle             000000018000cb9c f   libucrt:osfinfo.obj
 0001:0000bc20       qsort                      000000018000cc20 f   libucrt:qsort.obj
 0001:0000bfd0       strncpy_s                  000000018000cfd0 f   libucrt:strncpy_s.obj
 0001:0000c150       strpbrk                    000000018000d150 f   libucrt:strpbrk.obj
 0001:0000c530       _mbsdec                    000000018000d530 f   libucrt:mbsdec.obj
 0001:0000c538       _mbsdec_l                  000000018000d538 f   libucrt:mbsdec.obj
 0001:0000c5e0       _msize                     000000018000d5e0 f   libucrt:msize.obj
 0001:0000c5e8       _msize_base                000000018000d5e8 f   libucrt:msize.obj
 0001:0000c624       _realloc_base              000000018000d624 f   libucrt:realloc_base.obj
 0001:0000c76c       __acrt_DownlevelLocaleNameToLCID 000000018000d76c f   libucrt:lcidtoname_downlevel.obj
 0001:0000c82c       _commit                    000000018000d82c f   libucrt:commit.obj
 0001:0000ce78       _write                     000000018000de78 f   libucrt:write.obj
 0001:0000cf64       _write_nolock              000000018000df64 f   libucrt:write.obj
 0001:0000d2a8       __strncnt                  000000018000e2a8 f   libucrt:strncnt.obj
 0001:0000d2c0       fegetenv                   000000018000e2c0 f   libucrt:fegetenv.obj
 0001:0000d2e0       fesetenv                   000000018000e2e0 f   libucrt:fesetenv.obj
 0001:0000d330       feholdexcept               000000018000e330 f   libucrt:feholdexcept.obj
 0001:0000d380       ceil                       000000018000e380 f   libucrt:ceil.obj
 0001:0000d450       log10                      000000018000e450 f   libucrt:log10.obj
 0001:0000da98       _lseeki64_nolock           000000018000ea98 f   libucrt:lseek.obj
 0001:0000daa0       _fclose_nolock             000000018000eaa0 f   libucrt:fclose.obj
 0001:0000db24       fclose                     000000018000eb24 f   libucrt:fclose.obj
 0001:0000db88       _query_app_type            000000018000eb88 f   libucrt:report_runtime_error.obj
 0001:0000db90       _putwch_nolock             000000018000eb90 f   libucrt:putwch.obj
 0001:0000dbcc       __acrt_fenv_get_control    000000018000ebcc f   libucrt:_fenvutils.obj
 0001:0000dccc       __acrt_fenv_get_status     000000018000eccc f   libucrt:_fenvutils.obj
 0001:0000dd24       __acrt_fenv_set_control    000000018000ed24 f   libucrt:_fenvutils.obj
 0001:0000de6c       __acrt_fenv_set_status     000000018000ee6c f   libucrt:_fenvutils.obj
 0001:0000def0       _clearfp                   000000018000eef0 f   libucrt:ieee.obj
 0001:0000e084       _handle_error              000000018000f084 f   libucrt:libm_error.obj
 0001:0000e1ac       _handle_nan                000000018000f1ac f   libucrt:libm_error.obj
 0001:0000e1d0       __acrt_initialize_fma3     000000018000f1d0 f   libucrt:fma3_available.obj
 0001:0000e240       _log10_special             000000018000f240 f   libucrt:log_special.obj
 0001:0000e36c       _close                     000000018000f36c f   libucrt:close.obj
 0001:0000e410       _close_nolock              000000018000f410 f   libucrt:close.obj
 0001:0000e4cc       ?__acrt_stdio_free_stream@@YAXV__crt_stdio_stream@@@Z 000000018000f4cc f   libucrt:stream.obj
 0001:0000e4e8       __dcrt_lowio_ensure_console_output_initialized 000000018000f4e8 f   libucrt:initcon.obj
 0001:0000e53c       __dcrt_terminate_console_output 000000018000f53c f   libucrt:initcon.obj
 0001:0000e558       __dcrt_write_console_w     000000018000f558 f   libucrt:initcon.obj
 0001:0000e630       _get_fpsr                  000000018000f630 f   libucrt:fpsr.obj
 0001:0000e640       _set_fpsr                  000000018000f640 f   libucrt:fpsr.obj
 0001:0000e64a       _fclrf                     000000018000f64a f   libucrt:fpsr.obj
 0001:0000e65e       _frnd                      000000018000f65e f   libucrt:fpsr.obj
 0001:0000e680       _raise_exc                 000000018000f680 f   libucrt:fpexcept.obj
 0001:0000e6a8       _raise_exc_ex              000000018000f6a8 f   libucrt:fpexcept.obj
 0001:0000e9b0       _set_errno_from_matherr    000000018000f9b0 f   libucrt:fpexcept.obj
 0001:0000e9e0       _clrfp                     000000018000f9e0 f   libucrt:fpctrl.obj
 0001:0000ea00       _ctrlfp                    000000018000fa00 f   libucrt:fpctrl.obj
 0001:0000ea7c       _set_statfp                000000018000fa7c f   libucrt:fpctrl.obj
 0001:0000ea9c       _statfp                    000000018000fa9c f   libucrt:fpctrl.obj
 0001:0000eaad       IsProcessorFeaturePresent  000000018000faad f   kernel32:KERNEL32.dll
 0001:0000eab3       RtlUnwindEx                000000018000fab3 f   kernel32:KERNEL32.dll
 0001:0000eabc       ?DloadAcquireSectionWriteAccess@@YAXXZ 000000018000fabc f i DelayImp:delayhlp.obj
 0001:0000eb78       ?DloadGetSRWLockFunctionPointers@@YAEXZ 000000018000fb78 f i DelayImp:delayhlp.obj
 0001:0000ec14       ?DloadMakePermanentImageCommit@@YAXPEAX_K@Z 000000018000fc14 f i DelayImp:delayhlp.obj
 0001:0000eca8       ?DloadObtainSection@@YAPEAXPEAK0@Z 000000018000fca8 f i DelayImp:delayhlp.obj
 0001:0000ed3c       ?DloadProtectSection@@YAXKPEAK@Z 000000018000fd3c f i DelayImp:delayhlp.obj
 0001:0000edcc       ?DloadReleaseSectionWriteAccess@@YAXXZ 000000018000fdcc f i DelayImp:delayhlp.obj
 0001:0000ee70       __delayLoadHelper2         000000018000fe70 f   DelayImp:delayhlp.obj
 0001:0000f170       _FindPESection             0000000180010170 f   LIBCMT:pesect.obj
 0001:0000f1c0       _IsNonwritableInCurrentImage 00000001800101c0 f   LIBCMT:pesect.obj
 0001:0000f210       _ValidateImageBase         0000000180010210 f   LIBCMT:pesect.obj
 0001:0000f240       __GSHandlerCheck           0000000180010240 f   LIBCMT:_gshandler_.obj
 0001:0000f260       __GSHandlerCheckCommon     0000000180010260 f   LIBCMT:_gshandler_.obj
 0001:0000f2d0       __chkstk                   00000001800102d0 f   LIBCMT:_chkstk_.obj
 0001:0000f2d0       _alloca_probe              00000001800102d0 f   LIBCMT:_chkstk_.obj
 0001:0000f340       memcpy                     0000000180010340 f   libvcruntime:memcpy.obj
 0001:0000f340       memmove                    0000000180010340 f   libvcruntime:memcpy.obj
 0001:0000f788       strrchr                    0000000180010788 f   libvcruntime:strrchr.obj
 0001:0000f8e0       memcmp                     00000001800108e0 f   libvcruntime:memcmp.obj
 0001:0000f9c0       _guard_dispatch_icall_nop  00000001800109c0 f   LIBCMT:_guard_dispatch_.obj
 0001:0000f9e0       __guard_ss_verify_failure  00000001800109e0 f   LIBCMT:_rfgfailure_.obj
 0001:0000f9eb       __guard_ss_verify_failure_rcx 00000001800109eb     LIBCMT:_rfgfailure_.obj
 0001:0000f9f1       __guard_ss_verify_failure_rdx 00000001800109f1     LIBCMT:_rfgfailure_.obj
 0001:0000f9f7       __guard_ss_verify_failure_r8 00000001800109f7     LIBCMT:_rfgfailure_.obj
 0001:0000f9fd       __guard_ss_verify_failure_r9 00000001800109fd     LIBCMT:_rfgfailure_.obj
 0001:0000fa03       __guard_ss_verify_failure_r10 0000000180010a03     LIBCMT:_rfgfailure_.obj
 0001:0000fa10       __guard_ss_verify_failure_default 0000000180010a10 f   LIBCMT:_rfgfailure_.obj
 0001:0000fa70       __guard_ss_verify_sp       0000000180010a70 f   LIBCMT:_rfgfailure_.obj
 0001:0000fa80       __guard_ss_verify_sp_default 0000000180010a80 f   LIBCMT:_rfgfailure_.obj
 0002:00000000       __imp_GetModuleHandleA     0000000180011000     kernel32:KERNEL32.dll
 0002:00000008       __imp_VirtualQuery         0000000180011008     kernel32:KERNEL32.dll
 0002:00000010       __imp_RtlCaptureContext    0000000180011010     kernel32:KERNEL32.dll
 0002:00000018       __imp_RtlLookupFunctionEntry 0000000180011018     kernel32:KERNEL32.dll
 0002:00000020       __imp_RtlVirtualUnwind     0000000180011020     kernel32:KERNEL32.dll
 0002:00000028       __imp_UnhandledExceptionFilter 0000000180011028     kernel32:KERNEL32.dll
 0002:00000030       __imp_SetUnhandledExceptionFilter 0000000180011030     kernel32:KERNEL32.dll
 0002:00000038       __imp_GetCurrentProcess    0000000180011038     kernel32:KERNEL32.dll
 0002:00000040       __imp_TerminateProcess     0000000180011040     kernel32:KERNEL32.dll
 0002:00000048       __imp_IsProcessorFeaturePresent 0000000180011048     kernel32:KERNEL32.dll
 0002:00000050       __imp_QueryPerformanceCounter 0000000180011050     kernel32:KERNEL32.dll
 0002:00000058       __imp_GetCurrentProcessId  0000000180011058     kernel32:KERNEL32.dll
 0002:00000060       __imp_GetCurrentThreadId   0000000180011060     kernel32:KERNEL32.dll
 0002:00000068       __imp_GetSystemTimeAsFileTime 0000000180011068     kernel32:KERNEL32.dll
 0002:00000070       __imp_InitializeSListHead  0000000180011070     kernel32:KERNEL32.dll
 0002:00000078       __imp_IsDebuggerPresent    0000000180011078     kernel32:KERNEL32.dll
 0002:00000080       __imp_GetStartupInfoW      0000000180011080     kernel32:KERNEL32.dll
 0002:00000088       __imp_GetModuleHandleW     0000000180011088     kernel32:KERNEL32.dll
 0002:00000090       __imp_RtlUnwindEx          0000000180011090     kernel32:KERNEL32.dll
 0002:00000098       __imp_InterlockedFlushSList 0000000180011098     kernel32:KERNEL32.dll
 0002:000000a0       __imp_GetLastError         00000001800110a0     kernel32:KERNEL32.dll
 0002:000000a8       __imp_SetLastError         00000001800110a8     kernel32:KERNEL32.dll
 0002:000000b0       __imp_EnterCriticalSection 00000001800110b0     kernel32:KERNEL32.dll
 0002:000000b8       __imp_LeaveCriticalSection 00000001800110b8     kernel32:KERNEL32.dll
 0002:000000c0       __imp_DeleteCriticalSection 00000001800110c0     kernel32:KERNEL32.dll
 0002:000000c8       __imp_InitializeCriticalSectionAndSpinCount 00000001800110c8     kernel32:KERNEL32.dll
 0002:000000d0       __imp_TlsAlloc             00000001800110d0     kernel32:KERNEL32.dll
 0002:000000d8       __imp_TlsGetValue          00000001800110d8     kernel32:KERNEL32.dll
 0002:000000e0       __imp_TlsSetValue          00000001800110e0     kernel32:KERNEL32.dll
 0002:000000e8       __imp_TlsFree              00000001800110e8     kernel32:KERNEL32.dll
 0002:000000f0       __imp_FreeLibrary          00000001800110f0     kernel32:KERNEL32.dll
 0002:000000f8       __imp_GetProcAddress       00000001800110f8     kernel32:KERNEL32.dll
 0002:00000100       __imp_LoadLibraryExW       0000000180011100     kernel32:KERNEL32.dll
 0002:00000108       __imp_ExitProcess          0000000180011108     kernel32:KERNEL32.dll
 0002:00000110       __imp_GetModuleHandleExW   0000000180011110     kernel32:KERNEL32.dll
 0002:00000118       __imp_GetModuleFileNameA   0000000180011118     kernel32:KERNEL32.dll
 0002:00000120       __imp_MultiByteToWideChar  0000000180011120     kernel32:KERNEL32.dll
 0002:00000128       __imp_WideCharToMultiByte  0000000180011128     kernel32:KERNEL32.dll
 0002:00000130       __imp_HeapFree             0000000180011130     kernel32:KERNEL32.dll
 0002:00000138       __imp_HeapAlloc            0000000180011138     kernel32:KERNEL32.dll
 0002:00000140       __imp_GetACP               0000000180011140     kernel32:KERNEL32.dll
 0002:00000148       __imp_GetStdHandle         0000000180011148     kernel32:KERNEL32.dll
 0002:00000150       __imp_GetFileType          0000000180011150     kernel32:KERNEL32.dll
 0002:00000158       __imp_FindClose            0000000180011158     kernel32:KERNEL32.dll
 0002:00000160       __imp_FindFirstFileExA     0000000180011160     kernel32:KERNEL32.dll
 0002:00000168       __imp_FindNextFileA        0000000180011168     kernel32:KERNEL32.dll
 0002:00000170       __imp_IsValidCodePage      0000000180011170     kernel32:KERNEL32.dll
 0002:00000178       __imp_GetOEMCP             0000000180011178     kernel32:KERNEL32.dll
 0002:00000180       __imp_GetCPInfo            0000000180011180     kernel32:KERNEL32.dll
 0002:00000188       __imp_GetCommandLineA      0000000180011188     kernel32:KERNEL32.dll
 0002:00000190       __imp_GetCommandLineW      0000000180011190     kernel32:KERNEL32.dll
 0002:00000198       __imp_GetEnvironmentStringsW 0000000180011198     kernel32:KERNEL32.dll
 0002:000001a0       __imp_FreeEnvironmentStringsW 00000001800111a0     kernel32:KERNEL32.dll
 0002:000001a8       __imp_LCMapStringW         00000001800111a8     kernel32:KERNEL32.dll
 0002:000001b0       __imp_GetProcessHeap       00000001800111b0     kernel32:KERNEL32.dll
 0002:000001b8       __imp_GetStringTypeW       00000001800111b8     kernel32:KERNEL32.dll
 0002:000001c0       __imp_SetStdHandle         00000001800111c0     kernel32:KERNEL32.dll
 0002:000001c8       __imp_HeapSize             00000001800111c8     kernel32:KERNEL32.dll
 0002:000001d0       __imp_HeapReAlloc          00000001800111d0     kernel32:KERNEL32.dll
 0002:000001d8       __imp_FlushFileBuffers     00000001800111d8     kernel32:KERNEL32.dll
 0002:000001e0       __imp_WriteFile            00000001800111e0     kernel32:KERNEL32.dll
 0002:000001e8       __imp_GetConsoleCP         00000001800111e8     kernel32:KERNEL32.dll
 0002:000001f0       __imp_GetConsoleMode       00000001800111f0     kernel32:KERNEL32.dll
 0002:000001f8       __imp_SetFilePointerEx     00000001800111f8     kernel32:KERNEL32.dll
 0002:00000200       __imp_CloseHandle          0000000180011200     kernel32:KERNEL32.dll
 0002:00000208       __imp_CreateFileW          0000000180011208     kernel32:KERNEL32.dll
 0002:00000210       __imp_WriteConsoleW        0000000180011210     kernel32:KERNEL32.dll
 0002:00000218       __imp_RaiseException       0000000180011218     kernel32:KERNEL32.dll
 0002:00000220       __imp_GetSystemInfo        0000000180011220     kernel32:KERNEL32.dll
 0002:00000228       __imp_VirtualProtect       0000000180011228     kernel32:KERNEL32.dll
 0002:00000230       __imp_LoadLibraryExA       0000000180011230     kernel32:KERNEL32.dll
 0002:00000238       \177KERNEL32_NULL_THUNK_DATA 0000000180011238     kernel32:KERNEL32.dll
 0002:00000240       __guard_check_icall_fptr   0000000180011240     LIBCMT:guard_support.obj
 0002:00000248       __guard_dispatch_icall_fptr 0000000180011248     LIBCMT:guard_support.obj
 0002:00000250       __guard_ss_verify_failure_fptr 0000000180011250     LIBCMT:guard_support.obj
 0002:00000258       __guard_ss_verify_sp_fptr  0000000180011258     LIBCMT:guard_support.obj
 0002:00000260       __xc_a                     0000000180011260     LIBCMT:initializers.obj
 0002:00000268       _register_sha3_C_Addon_    0000000180011268     sha3JS.obj
 0002:00000270       __xc_z                     0000000180011270     LIBCMT:initializers.obj
 0002:00000278       __xi_a                     0000000180011278     LIBCMT:initializers.obj
 0002:00000280       __acrt_stdio_initializer   0000000180011280     libucrt:stdio_initializer.obj
 0002:00000288       __acrt_multibyte_initializer 0000000180011288     libucrt:multibyte_initializer.obj
 0002:00000290       __acrt_tran_fma3_initializer 0000000180011290     libucrt:fma3_initializer.obj
 0002:00000298       __xi_z                     0000000180011298     LIBCMT:initializers.obj
 0002:000002a0       __xp_a                     00000001800112a0     LIBCMT:initializers.obj
 0002:000002a8       __acrt_locale_terminator   00000001800112a8     libucrt:locale_initializer.obj
 0002:000002b0       __dcrt_console_output_terminator 00000001800112b0     libucrt:console_output_initializer.obj
 0002:000002b8       __acrt_stdio_terminator    00000001800112b8     libucrt:stdio_initializer.obj
 0002:000002c0       __xp_z                     00000001800112c0     LIBCMT:initializers.obj
 0002:000002c8       __xt_a                     00000001800112c8     LIBCMT:initializers.obj
 0002:000002d0       __xt_z                     00000001800112d0     LIBCMT:initializers.obj
 0002:000002e0       __sz_node_exe              00000001800112e0     node:node.exe
 0002:000002f0       _pDefaultRawDllMain        00000001800112f0     LIBCMT:dll_dllmain.obj
 0002:000002f0       _pRawDllMain               00000001800112f0     LIBCMT:dll_dllmain.obj
 0002:00000638       ??_C@_08EHJDFFNH@__based?$CI?$AA@ 0000000180011638     libvcruntime:undname.obj
 0002:00000648       ??_C@_07KOLFKCDI@__cdecl?$AA@ 0000000180011648     libvcruntime:undname.obj
 0002:00000650       ??_C@_08GHMPAG@__pascal?$AA@ 0000000180011650     libvcruntime:undname.obj
 0002:00000660       ??_C@_09IFJBGAPI@__stdcall?$AA@ 0000000180011660     libvcruntime:undname.obj
 0002:00000670       ??_C@_0L@NPHFGOKO@__thiscall?$AA@ 0000000180011670     libvcruntime:undname.obj
 0002:00000680       ??_C@_0L@JMKHOMEK@__fastcall?$AA@ 0000000180011680     libvcruntime:undname.obj
 0002:00000690       ??_C@_0N@BCKKPABJ@__vectorcall?$AA@ 0000000180011690     libvcruntime:undname.obj
 0002:000006a0       ??_C@_09HIJEGCPM@__clrcall?$AA@ 00000001800116a0     libvcruntime:undname.obj
 0002:000006ac       ??_C@_06GHPCKEAG@__eabi?$AA@ 00000001800116ac     libvcruntime:undname.obj
 0002:000006b8       ??_C@_07JOMMBBKO@__ptr64?$AA@ 00000001800116b8     libvcruntime:undname.obj
 0002:000006c0       ??_C@_0L@PILCLIHE@__restrict?$AA@ 00000001800116c0     libvcruntime:undname.obj
 0002:000006d0       ??_C@_0M@GFIIJFMG@__unaligned?$AA@ 00000001800116d0     libvcruntime:undname.obj
 0002:000006e0       ??_C@_09DHDLOLLB@restrict?$CI?$AA@ 00000001800116e0     libvcruntime:undname.obj
 0002:000006ea       ??_C@_00CNPNBAHC@?$AA@     00000001800116ea     libvcruntime:undname.obj
 0002:000006ec       ??_C@_04NIHEBCM@?5new?$AA@ 00000001800116ec     libvcruntime:undname.obj
 0002:000006f8       ??_C@_07FPCDHGMM@?5delete?$AA@ 00000001800116f8     libvcruntime:undname.obj
 0002:00000700       ??_C@_01NEMOKFLO@?$DN?$AA@ 0000000180011700     libvcruntime:undname.obj
 0002:00000704       ??_C@_02GPIOPFAK@?$DO?$DO?$AA@ 0000000180011704     libvcruntime:undname.obj
 0002:00000708       ??_C@_02FODMEDOG@?$DM?$DM?$AA@ 0000000180011708     libvcruntime:undname.obj
 0002:0000070c       ??_C@_01DCLJPIOD@?$CB?$AA@ 000000018001170c     libvcruntime:undname.obj
 0002:00000710       ??_C@_02EGOFBIJA@?$DN?$DN?$AA@ 0000000180011710     libvcruntime:undname.obj
 0002:00000714       ??_C@_02FDNJECIE@?$CB?$DN?$AA@ 0000000180011714     libvcruntime:undname.obj
 0002:00000718       ??_C@_02GPECMEKF@?$FL?$FN?$AA@ 0000000180011718     libvcruntime:undname.obj
 0002:00000720       ??_C@_08LHJFAFGD@operator?$AA@ 0000000180011720     libvcruntime:undname.obj
 0002:0000072c       ??_C@_02HBOOOICD@?9?$DO?$AA@ 000000018001172c     libvcruntime:undname.obj
 0002:00000730       ??_C@_01NBENCBCI@?$CK?$AA@ 0000000180011730     libvcruntime:undname.obj
 0002:00000734       ??_C@_02ECNGHCIF@?$CL?$CL?$AA@ 0000000180011734     libvcruntime:undname.obj
 0002:00000738       ??_C@_02BAABKJLB@?9?9?$AA@ 0000000180011738     libvcruntime:undname.obj
 0002:0000073c       ??_C@_01JOAMLHOP@?9?$AA@   000000018001173c     libvcruntime:undname.obj
 0002:00000740       ??_C@_01MIFGBAGJ@?$CL?$AA@ 0000000180011740     libvcruntime:undname.obj
 0002:00000744       ??_C@_01HNPIGOCE@?$CG?$AA@ 0000000180011744     libvcruntime:undname.obj
 0002:00000748       ??_C@_03MNHNFDLC@?9?$DO?$CK?$AA@ 0000000180011748     libvcruntime:undname.obj
 0002:0000074c       ??_C@_01KMDKNFGN@?1?$AA@   000000018001174c     libvcruntime:undname.obj
 0002:00000750       ??_C@_01FGNFDNOH@?$CF?$AA@ 0000000180011750     libvcruntime:undname.obj
 0002:00000754       ??_C@_01MNNFJEPP@?$DM?$AA@ 0000000180011754     libvcruntime:undname.obj
 0002:00000758       ??_C@_02EHCHHCKH@?$DM?$DN?$AA@ 0000000180011758     libvcruntime:undname.obj
 0002:0000075c       ??_C@_01PPODPGHN@?$DO?$AA@ 000000018001175c     libvcruntime:undname.obj
 0002:00000760       ??_C@_02EEKDKGMJ@?$DO?$DN?$AA@ 0000000180011760     libvcruntime:undname.obj
 0002:00000764       ??_C@_01IHBHIGKO@?0?$AA@   0000000180011764     libvcruntime:undname.obj
 0002:00000768       ??_C@_02HCKGKOFO@?$CI?$CJ?$AA@ 0000000180011768     libvcruntime:undname.obj
 0002:0000076c       ??_C@_01PJKLJHI@?$HO?$AA@  000000018001176c     libvcruntime:undname.obj
 0002:00000770       ??_C@_01JKBOJNNK@?$FO?$AA@ 0000000180011770     libvcruntime:undname.obj
 0002:00000774       ??_C@_01DNKMNLPK@?$HM?$AA@ 0000000180011774     libvcruntime:undname.obj
 0002:00000778       ??_C@_02PPKAJPJL@?$CG?$CG?$AA@ 0000000180011778     libvcruntime:undname.obj
 0002:0000077c       ??_C@_02NONPIBCD@?$HM?$HM?$AA@ 000000018001177c     libvcruntime:undname.obj
 0002:00000780       ??_C@_02FPIMKNGF@?$CK?$DN?$AA@ 0000000180011780     libvcruntime:undname.obj
 0002:00000784       ??_C@_02FOEOMHFC@?$CL?$DN?$AA@ 0000000180011784     libvcruntime:undname.obj
 0002:00000788       ??_C@_02FKMDLLOA@?9?$DN?$AA@ 0000000180011788     libvcruntime:undname.obj
 0002:0000078c       ??_C@_02FJEHGPIO@?1?$DN?$AA@ 000000018001178c     libvcruntime:undname.obj
 0002:00000790       ??_C@_02FENAOKFI@?$CF?$DN?$AA@ 0000000180011790     libvcruntime:undname.obj
 0002:00000794       ??_C@_03IKFCCPFF@?$DO?$DO?$DN?$AA@ 0000000180011794     libvcruntime:undname.obj
 0002:00000798       ??_C@_03CDNPDDLA@?$DM?$DM?$DN?$AA@ 0000000180011798     libvcruntime:undname.obj
 0002:0000079c       ??_C@_02FGJGFEAB@?$CG?$DN?$AA@ 000000018001179c     libvcruntime:undname.obj
 0002:000007a0       ??_C@_02DHLNPPGH@?$HM?$DN?$AA@ 00000001800117a0     libvcruntime:undname.obj
 0002:000007a4       ??_C@_02MHEGNOJ@?$FO?$DN?$AA@ 00000001800117a4     libvcruntime:undname.obj
 0002:000007a8       ??_C@_09IFPLHPGF@?$GAvftable?8?$AA@ 00000001800117a8     libvcruntime:undname.obj
 0002:000007b8       ??_C@_09BLBHBJP@?$GAvbtable?8?$AA@ 00000001800117b8     libvcruntime:undname.obj
 0002:000007c8       ??_C@_07FEEIOKP@?$GAvcall?8?$AA@ 00000001800117c8     libvcruntime:undname.obj
 0002:000007d0       ??_C@_08LLFFHHDJ@?$GAtypeof?8?$AA@ 00000001800117d0     libvcruntime:undname.obj
 0002:000007e0       ??_C@_0BF@KDPPACIK@?$GAlocal?5static?5guard?8?$AA@ 00000001800117e0     libvcruntime:undname.obj
 0002:000007f8       ??_C@_08OBABFOLI@?$GAstring?8?$AA@ 00000001800117f8     libvcruntime:undname.obj
 0002:00000808       ??_C@_0BD@JDLKDPAB@?$GAvbase?5destructor?8?$AA@ 0000000180011808     libvcruntime:undname.obj
 0002:00000820       ??_C@_0BN@DEGPLNFK@?$GAvector?5deleting?5destructor?8?$AA@ 0000000180011820     libvcruntime:undname.obj
 0002:00000840       ??_C@_0BO@OBMKPJIG@?$GAdefault?5constructor?5closure?8?$AA@ 0000000180011840     libvcruntime:undname.obj
 0002:00000860       ??_C@_0BN@IMDCHIKM@?$GAscalar?5deleting?5destructor?8?$AA@ 0000000180011860     libvcruntime:undname.obj
 0002:00000880       ??_C@_0BO@PFGOCPJJ@?$GAvector?5constructor?5iterator?8?$AA@ 0000000180011880     libvcruntime:undname.obj
 0002:000008a0       ??_C@_0BN@LFPFMEDL@?$GAvector?5destructor?5iterator?8?$AA@ 00000001800118a0     libvcruntime:undname.obj
 0002:000008c0       ??_C@_0CE@IKBNEHA@?$GAvector?5vbase?5constructor?5iterat@ 00000001800118c0     libvcruntime:undname.obj
 0002:000008e8       ??_C@_0BL@NILFHHPC@?$GAvirtual?5displacement?5map?8?$AA@ 00000001800118e8     libvcruntime:undname.obj
 0002:00000908       ??_C@_0CB@JONCMFFK@?$GAeh?5vector?5constructor?5iterator?8@ 0000000180011908     libvcruntime:undname.obj
 0002:00000930       ??_C@_0CA@GCEOPDGL@?$GAeh?5vector?5destructor?5iterator?8?$AA@ 0000000180011930     libvcruntime:undname.obj
 0002:00000950       ??_C@_0CH@OOJPLCPH@?$GAeh?5vector?5vbase?5constructor?5ite@ 0000000180011950     libvcruntime:undname.obj
 0002:00000978       ??_C@_0BL@LLKPOHJI@?$GAcopy?5constructor?5closure?8?$AA@ 0000000180011978     libvcruntime:undname.obj
 0002:00000998       ??_C@_0BA@KBCDOMBN@?$GAudt?5returning?8?$AA@ 0000000180011998     libvcruntime:undname.obj
 0002:000009a8       ??_C@_03KLGMFNMG@?$GAEH?$AA@ 00000001800119a8     libvcruntime:undname.obj
 0002:000009ac       ??_C@_05KHLCHHI@?$GARTTI?$AA@ 00000001800119ac     libvcruntime:undname.obj
 0002:000009b8       ??_C@_0BA@KKLDJDLB@?$GAlocal?5vftable?8?$AA@ 00000001800119b8     libvcruntime:undname.obj
 0002:000009c8       ??_C@_0CE@IIHCMGGL@?$GAlocal?5vftable?5constructor?5closu@ 00000001800119c8     libvcruntime:undname.obj
 0002:000009ec       ??_C@_06FHBGPFGH@?5new?$FL?$FN?$AA@ 00000001800119ec     libvcruntime:undname.obj
 0002:000009f8       ??_C@_09LBNFPBCA@?5delete?$FL?$FN?$AA@ 00000001800119f8     libvcruntime:undname.obj
 0002:00000a08       ??_C@_0P@HJKNJFNN@?$GAomni?5callsig?8?$AA@ 0000000180011a08     libvcruntime:undname.obj
 0002:00000a18       ??_C@_0BL@CNOONJFP@?$GAplacement?5delete?5closure?8?$AA@ 0000000180011a18     libvcruntime:undname.obj
 0002:00000a38       ??_C@_0BN@CKNJLHMB@?$GAplacement?5delete?$FL?$FN?5closure?8?$AA@ 0000000180011a38     libvcruntime:undname.obj
 0002:00000a58       ??_C@_0CG@CFDHKGGD@?$GAmanaged?5vector?5constructor?5iter@ 0000000180011a58     libvcruntime:undname.obj
 0002:00000a80       ??_C@_0CF@IMGKMJNO@?$GAmanaged?5vector?5destructor?5itera@ 0000000180011a80     libvcruntime:undname.obj
 0002:00000aa8       ??_C@_0CG@HLDDJMAG@?$GAeh?5vector?5copy?5constructor?5iter@ 0000000180011aa8     libvcruntime:undname.obj
 0002:00000ad0       ??_C@_0CM@FCBBDIGB@?$GAeh?5vector?5vbase?5copy?5constructo@ 0000000180011ad0     libvcruntime:undname.obj
 0002:00000b00       ??_C@_0BL@CLIPGLGB@?$GAdynamic?5initializer?5for?5?8?$AA@ 0000000180011b00     libvcruntime:undname.obj
 0002:00000b20       ??_C@_0CB@PDBIFEP@?$GAdynamic?5atexit?5destructor?5for?5?8@ 0000000180011b20     libvcruntime:undname.obj
 0002:00000b48       ??_C@_0CD@CGAJBKEJ@?$GAvector?5copy?5constructor?5iterato@ 0000000180011b48     libvcruntime:undname.obj
 0002:00000b70       ??_C@_0CJ@GJELGAMM@?$GAvector?5vbase?5copy?5constructor?5i@ 0000000180011b70     libvcruntime:undname.obj
 0002:00000ba0       ??_C@_0CL@FGIJHLCE@?$GAmanaged?5vector?5copy?5constructor@ 0000000180011ba0     libvcruntime:undname.obj
 0002:00000bd0       ??_C@_0BM@PMGGMLDN@?$GAlocal?5static?5thread?5guard?8?$AA@ 0000000180011bd0     libvcruntime:undname.obj
 0002:00000bf0       ??_C@_0N@BDNMDMOL@operator?5?$CC?$CC?5?$AA@ 0000000180011bf0     libvcruntime:undname.obj
 0002:00000c00       ??_C@_0BC@GGEBGALA@operator?5co_await?$AA@ 0000000180011c00     libvcruntime:undname.obj
 0002:00000c18       ??_C@_0BC@DAFEJGAK@?5Type?5Descriptor?8?$AA@ 0000000180011c18     libvcruntime:undname.obj
 0002:00000c30       ??_C@_0BM@LDKODKLH@?5Base?5Class?5Descriptor?5at?5?$CI?$AA@ 0000000180011c30     libvcruntime:undname.obj
 0002:00000c50       ??_C@_0BD@LGICGFMM@?5Base?5Class?5Array?8?$AA@ 0000000180011c50     libvcruntime:undname.obj
 0002:00000c68       ??_C@_0BN@MECKDCOJ@?5Class?5Hierarchy?5Descriptor?8?$AA@ 0000000180011c68     libvcruntime:undname.obj
 0002:00000c88       ??_C@_0BK@CFCOFLF@?5Complete?5Object?5Locator?8?$AA@ 0000000180011c88     libvcruntime:undname.obj
 0002:00000cc0       ??_C@_1DM@KHCHBNEB@?$AAa?$AAp?$AAi?$AA?9?$AAm?$AAs?$AA?9?$AAw?$AAi?$AAn?$AA?9?$AAc?$AAo?$AAr?$AAe?$AA?9?$AAf?$AAi?$AAb?$AAe?$AAr?$AAs?$AA?9?$AAl?$AA1?$AA?9?$AA1?$AA?9?$AA1?$AA?$AA@ 0000000180011cc0     libvcruntime:winapi_downlevel.obj
 0002:00000d00       ??_C@_1DK@LPPGFMPP@?$AAa?$AAp?$AAi?$AA?9?$AAm?$AAs?$AA?9?$AAw?$AAi?$AAn?$AA?9?$AAc?$AAo?$AAr?$AAe?$AA?9?$AAs?$AAy?$AAn?$AAc?$AAh?$AA?9?$AAl?$AA1?$AA?9?$AA2?$AA?9?$AA0?$AA?$AA@ 0000000180011d00     libvcruntime:winapi_downlevel.obj
 0002:00000d40       ??_C@_1BC@GDMECMAK@?$AAk?$AAe?$AAr?$AAn?$AAe?$AAl?$AA3?$AA2?$AA?$AA@ 0000000180011d40     libvcruntime:winapi_downlevel.obj
 0002:00000d58       ??_C@_1BA@PFFKHIOG@?$AAa?$AAp?$AAi?$AA?9?$AAm?$AAs?$AA?9?$AA?$AA@ 0000000180011d58     libvcruntime:winapi_downlevel.obj
 0002:00000d68       ??_C@_1BA@IAIFMGEF@?$AAe?$AAx?$AAt?$AA?9?$AAm?$AAs?$AA?9?$AA?$AA@ 0000000180011d68     libvcruntime:winapi_downlevel.obj
 0002:00000d80       ??_C@_08KNHFBNJ@FlsAlloc?$AA@ 0000000180011d80     libvcruntime:winapi_downlevel.obj
 0002:00000d98       ??_C@_07PEJMOBNF@FlsFree?$AA@ 0000000180011d98     libvcruntime:winapi_downlevel.obj
 0002:00000da8       ??_C@_0M@GDNOONDI@FlsGetValue?$AA@ 0000000180011da8     libvcruntime:winapi_downlevel.obj
 0002:00000dc0       ??_C@_0M@JCPCPOEF@FlsSetValue?$AA@ 0000000180011dc0     libvcruntime:winapi_downlevel.obj
 0002:00000dd8       ??_C@_0BM@HCFOFFN@InitializeCriticalSectionEx?$AA@ 0000000180011dd8     libvcruntime:winapi_downlevel.obj
 0002:00000e00       standard_lookup_table      0000000180011e00     libucrt:output.obj
 0002:00000e60       ??_C@_1O@CEDCILHN@?$AA?$CI?$AAn?$AAu?$AAl?$AAl?$AA?$CJ?$AA?$AA@ 0000000180011e60     libucrt:output.obj
 0002:00000e70       ??_C@_06OJHGLDPL@?$CInull?$CJ?$AA@ 0000000180011e70     libucrt:output.obj
 0002:00000e80       __acrt_exception_action_table 0000000180011e80     libucrt:exception_filter.obj
 0002:00000f40       __acrt_signal_action_table_count 0000000180011f40     libucrt:exception_filter.obj
 0002:00000f48       __acrt_signal_action_first_fpe_index 0000000180011f48     libucrt:exception_filter.obj
 0002:00000f50       __acrt_signal_action_fpe_count 0000000180011f50     libucrt:exception_filter.obj
 0002:00000f58       ??_C@_1BI@BGOHAHKC@?$AAm?$AAs?$AAc?$AAo?$AAr?$AAe?$AAe?$AA?4?$AAd?$AAl?$AAl?$AA?$AA@ 0000000180011f58     libucrt:exit.obj
 0002:00000f70       ??_C@_0P@MIGLKIOC@CorExitProcess?$AA@ 0000000180011f70     libucrt:exit.obj
 0002:000011e0       ??_C@_03OEIAHPBN@INF?$AA@  00000001800121e0     libucrt:cvt.obj
 0002:000011e4       ??_C@_03OJHLLCGB@inf?$AA@  00000001800121e4     libucrt:cvt.obj
 0002:000011e8       ??_C@_03LKNCIKJB@NAN?$AA@  00000001800121e8     libucrt:cvt.obj
 0002:000011ec       ??_C@_03LHCJEHON@nan?$AA@  00000001800121ec     libucrt:cvt.obj
 0002:000011f0       ??_C@_09OFJJIMPC@NAN?$CISNAN?$CJ?$AA@ 00000001800121f0     libucrt:cvt.obj
 0002:00001200       ??_C@_09IPFBKMDL@nan?$CIsnan?$CJ?$AA@ 0000000180012200     libucrt:cvt.obj
 0002:00001210       ??_C@_08IKHNHAJ@NAN?$CIIND?$CJ?$AA@ 0000000180012210     libucrt:cvt.obj
 0002:00001220       ??_C@_08OFCDMILK@nan?$CIind?$CJ?$AA@ 0000000180012220     libucrt:cvt.obj
 0002:0000122c       ??_C@_05KLBDPFGC@e?$CL000?$AA@ 000000018001222c     libucrt:cvt.obj
 0002:00001240       __lc_time_c                0000000180012240     libucrt:nlsdata.obj
 0002:00001500       ??_C@_03KOEHGMDN@Sun?$AA@  0000000180012500     libucrt:nlsdata.obj
 0002:00001504       ??_C@_03PDAGKDH@Mon?$AA@   0000000180012504     libucrt:nlsdata.obj
 0002:00001508       ??_C@_03NAGEINEP@Tue?$AA@  0000000180012508     libucrt:nlsdata.obj
 0002:0000150c       ??_C@_03MHOMLAJA@Wed?$AA@  000000018001250c     libucrt:nlsdata.obj
 0002:00001510       ??_C@_03IOFIKPDN@Thu?$AA@  0000000180012510     libucrt:nlsdata.obj
 0002:00001514       ??_C@_03IDIOELNC@Fri?$AA@  0000000180012514     libucrt:nlsdata.obj
 0002:00001518       ??_C@_03FEFJNEK@Sat?$AA@   0000000180012518     libucrt:nlsdata.obj
 0002:0000151c       ??_C@_06OOPIFAJ@Sunday?$AA@ 000000018001251c     libucrt:nlsdata.obj
 0002:00001524       ??_C@_06JLEDEDGH@Monday?$AA@ 0000000180012524     libucrt:nlsdata.obj
 0002:00001530       ??_C@_07BAAGCFCM@Tuesday?$AA@ 0000000180012530     libucrt:nlsdata.obj
 0002:00001538       ??_C@_09DLIGFAKA@Wednesday?$AA@ 0000000180012538     libucrt:nlsdata.obj
 0002:00001548       ??_C@_08HACCIKIA@Thursday?$AA@ 0000000180012548     libucrt:nlsdata.obj
 0002:00001554       ??_C@_06JECMNKMI@Friday?$AA@ 0000000180012554     libucrt:nlsdata.obj
 0002:00001560       ??_C@_08INBOOONO@Saturday?$AA@ 0000000180012560     libucrt:nlsdata.obj
 0002:0000156c       ??_C@_03JIHJHPIE@Jan?$AA@  000000018001256c     libucrt:nlsdata.obj
 0002:00001570       ??_C@_03HJBDCHOM@Feb?$AA@  0000000180012570     libucrt:nlsdata.obj
 0002:00001574       ??_C@_03ODNJBKGA@Mar?$AA@  0000000180012574     libucrt:nlsdata.obj
 0002:00001578       ??_C@_03LEOLGMJP@Apr?$AA@  0000000180012578     libucrt:nlsdata.obj
 0002:0000157c       ??_C@_03CNMDKL@May?$AA@    000000018001257c     libucrt:nlsdata.obj
 0002:00001580       ??_C@_03IDFGHECI@Jun?$AA@  0000000180012580     libucrt:nlsdata.obj
 0002:00001584       ??_C@_03LBGABGKK@Jul?$AA@  0000000180012584     libucrt:nlsdata.obj
 0002:00001588       ??_C@_03IFJFEIGA@Aug?$AA@  0000000180012588     libucrt:nlsdata.obj
 0002:0000158c       ??_C@_03GGCAPAJC@Sep?$AA@  000000018001258c     libucrt:nlsdata.obj
 0002:00001590       ??_C@_03BMAOKBAD@Oct?$AA@  0000000180012590     libucrt:nlsdata.obj
 0002:00001594       ??_C@_03JPJOFNIA@Nov?$AA@  0000000180012594     libucrt:nlsdata.obj
 0002:00001598       ??_C@_03MKABNOCG@Dec?$AA@  0000000180012598     libucrt:nlsdata.obj
 0002:000015a0       ??_C@_07CGJPFGJA@January?$AA@ 00000001800125a0     libucrt:nlsdata.obj
 0002:000015a8       ??_C@_08GNJGEPFN@February?$AA@ 00000001800125a8     libucrt:nlsdata.obj
 0002:000015b4       ??_C@_05HPCKOFNC@March?$AA@ 00000001800125b4     libucrt:nlsdata.obj
 0002:000015bc       ??_C@_05DMJDNLEJ@April?$AA@ 00000001800125bc     libucrt:nlsdata.obj
 0002:000015c4       ??_C@_04CNLMGBGM@June?$AA@ 00000001800125c4     libucrt:nlsdata.obj
 0002:000015cc       ??_C@_04MIEPOIFP@July?$AA@ 00000001800125cc     libucrt:nlsdata.obj
 0002:000015d4       ??_C@_06LBBHFDDG@August?$AA@ 00000001800125d4     libucrt:nlsdata.obj
 0002:000015e0       ??_C@_09BHHEALKD@September?$AA@ 00000001800125e0     libucrt:nlsdata.obj
 0002:000015f0       ??_C@_07JJNFCEND@October?$AA@ 00000001800125f0     libucrt:nlsdata.obj
 0002:000015f8       ??_C@_08HCHEGEOA@November?$AA@ 00000001800125f8     libucrt:nlsdata.obj
 0002:00001608       ??_C@_08EDHMEBNP@December?$AA@ 0000000180012608     libucrt:nlsdata.obj
 0002:00001614       ??_C@_02DEDBPAFC@AM?$AA@   0000000180012614     libucrt:nlsdata.obj
 0002:00001618       ??_C@_02CJNFDJBF@PM?$AA@   0000000180012618     libucrt:nlsdata.obj
 0002:00001620       ??_C@_08BPBNCDIB@MM?1dd?1yy?$AA@ 0000000180012620     libucrt:nlsdata.obj
 0002:00001630       ??_C@_0BE@CKGJFCPC@dddd?0?5MMMM?5dd?0?5yyyy?$AA@ 0000000180012630     libucrt:nlsdata.obj
 0002:00001648       ??_C@_08JCCMCCIL@HH?3mm?3ss?$AA@ 0000000180012648     libucrt:nlsdata.obj
 0002:00001658       ??_C@_17MBGCMIPB@?$AAS?$AAu?$AAn?$AA?$AA@ 0000000180012658     libucrt:nlsdata.obj
 0002:00001660       ??_C@_17KBOMKBF@?$AAM?$AAo?$AAn?$AA?$AA@ 0000000180012660     libucrt:nlsdata.obj
 0002:00001668       ??_C@_17BMKGEGOJ@?$AAT?$AAu?$AAe?$AA?$AA@ 0000000180012668     libucrt:nlsdata.obj
 0002:00001670       ??_C@_17CJEDCEPE@?$AAW?$AAe?$AAd?$AA?$AA@ 0000000180012670     libucrt:nlsdata.obj
 0002:00001678       ??_C@_17PDPHAADD@?$AAT?$AAh?$AAu?$AA?$AA@ 0000000180012678     libucrt:nlsdata.obj
 0002:00001680       ??_C@_17HFOLPPLP@?$AAF?$AAr?$AAi?$AA?$AA@ 0000000180012680     libucrt:nlsdata.obj
 0002:00001688       ??_C@_17GGIBDPIH@?$AAS?$AAa?$AAt?$AA?$AA@ 0000000180012688     libucrt:nlsdata.obj
 0002:00001690       ??_C@_1O@IHNHDHPB@?$AAS?$AAu?$AAn?$AAd?$AAa?$AAy?$AA?$AA@ 0000000180012690     libucrt:nlsdata.obj
 0002:000016a0       ??_C@_1O@MMNBFLIA@?$AAM?$AAo?$AAn?$AAd?$AAa?$AAy?$AA?$AA@ 00000001800126a0     libucrt:nlsdata.obj
 0002:000016b0       ??_C@_1BA@ENFBFFEK@?$AAT?$AAu?$AAe?$AAs?$AAd?$AAa?$AAy?$AA?$AA@ 00000001800126b0     libucrt:nlsdata.obj
 0002:000016c0       ??_C@_1BE@EBOGMDOH@?$AAW?$AAe?$AAd?$AAn?$AAe?$AAs?$AAd?$AAa?$AAy?$AA?$AA@ 00000001800126c0     libucrt:nlsdata.obj
 0002:000016d8       ??_C@_1BC@HHMNLIHE@?$AAT?$AAh?$AAu?$AAr?$AAs?$AAd?$AAa?$AAy?$AA?$AA@ 00000001800126d8     libucrt:nlsdata.obj
 0002:000016f0       ??_C@_1O@PDICJHAG@?$AAF?$AAr?$AAi?$AAd?$AAa?$AAy?$AA?$AA@ 00000001800126f0     libucrt:nlsdata.obj
 0002:00001700       ??_C@_1BC@ENMNNPAJ@?$AAS?$AAa?$AAt?$AAu?$AAr?$AAd?$AAa?$AAy?$AA?$AA@ 0000000180012700     libucrt:nlsdata.obj
 0002:00001718       ??_C@_17DKNBKCHM@?$AAJ?$AAa?$AAn?$AA?$AA@ 0000000180012718     libucrt:nlsdata.obj
 0002:00001720       ??_C@_17LMDJEKJN@?$AAF?$AAe?$AAb?$AA?$AA@ 0000000180012720     libucrt:nlsdata.obj
 0002:00001728       ??_C@_17CKNLEDEC@?$AAM?$AAa?$AAr?$AA?$AA@ 0000000180012728     libucrt:nlsdata.obj
 0002:00001730       ??_C@_17LFPOIHDD@?$AAA?$AAp?$AAr?$AA?$AA@ 0000000180012730     libucrt:nlsdata.obj
 0002:00001738       ??_C@_17PNNKMEED@?$AAM?$AAa?$AAy?$AA?$AA@ 0000000180012738     libucrt:nlsdata.obj
 0002:00001740       ??_C@_17KCJGOCPB@?$AAJ?$AAu?$AAn?$AA?$AA@ 0000000180012740     libucrt:nlsdata.obj
 0002:00001748       ??_C@_17IJPCKHK@?$AAJ?$AAu?$AAl?$AA?$AA@ 0000000180012748     libucrt:nlsdata.obj
 0002:00001750       ??_C@_17ICPELBCN@?$AAA?$AAu?$AAg?$AA?$AA@ 0000000180012750     libucrt:nlsdata.obj
 0002:00001758       ??_C@_17HCHCOKMG@?$AAS?$AAe?$AAp?$AA?$AA@ 0000000180012758     libucrt:nlsdata.obj
 0002:00001760       ??_C@_17FNLKOI@?$AAO?$AAc?$AAt?$AA?$AA@ 0000000180012760     libucrt:nlsdata.obj
 0002:00001768       ??_C@_17BBDMLCIG@?$AAN?$AAo?$AAv?$AA?$AA@ 0000000180012768     libucrt:nlsdata.obj
 0002:00001770       ??_C@_17EGKACKIF@?$AAD?$AAe?$AAc?$AA?$AA@ 0000000180012770     libucrt:nlsdata.obj
 0002:00001778       ??_C@_1BA@EFMEIEBA@?$AAJ?$AAa?$AAn?$AAu?$AAa?$AAr?$AAy?$AA?$AA@ 0000000180012778     libucrt:nlsdata.obj
 0002:00001788       ??_C@_1BC@JGDDFFAM@?$AAF?$AAe?$AAb?$AAr?$AAu?$AAa?$AAr?$AAy?$AA?$AA@ 0000000180012788     libucrt:nlsdata.obj
 0002:000017a0       ??_C@_1M@IKEENEDF@?$AAM?$AAa?$AAr?$AAc?$AAh?$AA?$AA@ 00000001800127a0     libucrt:nlsdata.obj
 0002:000017b0       ??_C@_1M@GJNLMHFD@?$AAA?$AAp?$AAr?$AAi?$AAl?$AA?$AA@ 00000001800127b0     libucrt:nlsdata.obj
 0002:000017c0       ??_C@_19EPFLPGAP@?$AAJ?$AAu?$AAn?$AAe?$AA?$AA@ 00000001800127c0     libucrt:nlsdata.obj
 0002:000017d0       ??_C@_19BIFMLPCD@?$AAJ?$AAu?$AAl?$AAy?$AA?$AA@ 00000001800127d0     libucrt:nlsdata.obj
 0002:000017e0       ??_C@_1O@PAHLKOAC@?$AAA?$AAu?$AAg?$AAu?$AAs?$AAt?$AA?$AA@ 00000001800127e0     libucrt:nlsdata.obj
 0002:000017f0       ??_C@_1BE@DKAAMBJL@?$AAS?$AAe?$AAp?$AAt?$AAe?$AAm?$AAb?$AAe?$AAr?$AA?$AA@ 00000001800127f0     libucrt:nlsdata.obj
 0002:00001808       ??_C@_1BA@EPANDLNG@?$AAO?$AAc?$AAt?$AAo?$AAb?$AAe?$AAr?$AA?$AA@ 0000000180012808     libucrt:nlsdata.obj
 0002:00001818       ??_C@_1BC@BGLIFPF@?$AAN?$AAo?$AAv?$AAe?$AAm?$AAb?$AAe?$AAr?$AA?$AA@ 0000000180012818     libucrt:nlsdata.obj
 0002:00001830       ??_C@_1BC@FEMKIFH@?$AAD?$AAe?$AAc?$AAe?$AAm?$AAb?$AAe?$AAr?$AA?$AA@ 0000000180012830     libucrt:nlsdata.obj
 0002:00001844       ??_C@_15ODEHAHHF@?$AAA?$AAM?$AA?$AA@ 0000000180012844     libucrt:nlsdata.obj
 0002:0000184c       ??_C@_15CLMNNGEL@?$AAP?$AAM?$AA?$AA@ 000000018001284c     libucrt:nlsdata.obj
 0002:00001858       ??_C@_1BC@IEBCMHCM@?$AAM?$AAM?$AA?1?$AAd?$AAd?$AA?1?$AAy?$AAy?$AA?$AA@ 0000000180012858     libucrt:nlsdata.obj
 0002:00001870       ??_C@_1CI@KNAKOEBC@?$AAd?$AAd?$AAd?$AAd?$AA?0?$AA?5?$AAM?$AAM?$AAM?$AAM?$AA?5?$AAd?$AAd?$AA?0?$AA?5?$AAy?$AAy?$AAy?$AAy?$AA?$AA@ 0000000180012870     libucrt:nlsdata.obj
 0002:00001898       ??_C@_1BC@GDGBMEMK@?$AAH?$AAH?$AA?3?$AAm?$AAm?$AA?3?$AAs?$AAs?$AA?$AA@ 0000000180012898     libucrt:nlsdata.obj
 0002:000018b0       ??_C@_1M@BMHNFIME@?$AAe?$AAn?$AA?9?$AAU?$AAS?$AA?$AA@ 00000001800128b0     libucrt:nlsdata.obj
 0002:000018e0       ??_C@_1M@HPNHIDJI@?$AAj?$AAa?$AA?9?$AAJ?$AAP?$AA?$AA@ 00000001800128e0     libucrt:mbctype.obj
 0002:000018f0       ??_C@_1M@BIBDDEMK@?$AAz?$AAh?$AA?9?$AAC?$AAN?$AA?$AA@ 00000001800128f0     libucrt:mbctype.obj
 0002:00001900       ??_C@_1M@JLOOOEGK@?$AAk?$AAo?$AA?9?$AAK?$AAR?$AA?$AA@ 0000000180012900     libucrt:mbctype.obj
 0002:00001910       ??_C@_1M@CLNBBOPM@?$AAz?$AAh?$AA?9?$AAT?$AAW?$AA?$AA@ 0000000180012910     libucrt:mbctype.obj
 0002:000019c0       ??_C@_1EA@JGEFHKEI@?$AAa?$AAp?$AAi?$AA?9?$AAm?$AAs?$AA?9?$AAw?$AAi?$AAn?$AA?9?$AAc?$AAo?$AAr?$AAe?$AA?9?$AAd?$AAa?$AAt?$AAe?$AAt?$AAi?$AAm?$AAe?$AA?9?$AAl?$AA1?$AA?9?$AA1?$AA?9?$AA1?$AA?$AA@ 00000001800129c0     libucrt:winapi_thunks.obj
 0002:00001a00       ??_C@_1DI@IJCEHOCB@?$AAa?$AAp?$AAi?$AA?9?$AAm?$AAs?$AA?9?$AAw?$AAi?$AAn?$AA?9?$AAc?$AAo?$AAr?$AAe?$AA?9?$AAf?$AAi?$AAl?$AAe?$AA?9?$AAl?$AA1?$AA?9?$AA2?$AA?9?$AA2?$AA?$AA@ 0000000180012a00     libucrt:winapi_thunks.obj
 0002:00001a40       ??_C@_1EI@MPIAOHOC@?$AAa?$AAp?$AAi?$AA?9?$AAm?$AAs?$AA?9?$AAw?$AAi?$AAn?$AA?9?$AAc?$AAo?$AAr?$AAe?$AA?9?$AAl?$AAo?$AAc?$AAa?$AAl?$AAi?$AAz?$AAa?$AAt?$AAi?$AAo?$AAn?$AA?9?$AAl?$AA1?$AA?9@ 0000000180012a40     libucrt:winapi_thunks.obj
 0002:00001a90       ??_C@_1FK@FPHCKFIE@?$AAa?$AAp?$AAi?$AA?9?$AAm?$AAs?$AA?9?$AAw?$AAi?$AAn?$AA?9?$AAc?$AAo?$AAr?$AAe?$AA?9?$AAl?$AAo?$AAc?$AAa?$AAl?$AAi?$AAz?$AAa?$AAt?$AAi?$AAo?$AAn?$AA?9?$AAo?$AAb?$AAs@ 0000000180012a90     libucrt:winapi_thunks.obj
 0002:00001af0       ??_C@_1EM@DILCGIIO@?$AAa?$AAp?$AAi?$AA?9?$AAm?$AAs?$AA?9?$AAw?$AAi?$AAn?$AA?9?$AAc?$AAo?$AAr?$AAe?$AA?9?$AAp?$AAr?$AAo?$AAc?$AAe?$AAs?$AAs?$AAt?$AAh?$AAr?$AAe?$AAa?$AAd?$AAs?$AA?9?$AAl@ 0000000180012af0     libucrt:winapi_thunks.obj
 0002:00001b40       ??_C@_1DM@LNCGDDPN@?$AAa?$AAp?$AAi?$AA?9?$AAm?$AAs?$AA?9?$AAw?$AAi?$AAn?$AA?9?$AAc?$AAo?$AAr?$AAe?$AA?9?$AAs?$AAt?$AAr?$AAi?$AAn?$AAg?$AA?9?$AAl?$AA1?$AA?9?$AA1?$AA?9?$AA0?$AA?$AA@ 0000000180012b40     libucrt:winapi_thunks.obj
 0002:00001b80       ??_C@_1DO@FPAPJEMD@?$AAa?$AAp?$AAi?$AA?9?$AAm?$AAs?$AA?9?$AAw?$AAi?$AAn?$AA?9?$AAc?$AAo?$AAr?$AAe?$AA?9?$AAs?$AAy?$AAs?$AAi?$AAn?$AAf?$AAo?$AA?9?$AAl?$AA1?$AA?9?$AA2?$AA?9?$AA1?$AA?$AA@ 0000000180012b80     libucrt:winapi_thunks.obj
 0002:00001bc0       ??_C@_1DK@NDHNAHIO@?$AAa?$AAp?$AAi?$AA?9?$AAm?$AAs?$AA?9?$AAw?$AAi?$AAn?$AA?9?$AAc?$AAo?$AAr?$AAe?$AA?9?$AAw?$AAi?$AAn?$AAr?$AAt?$AA?9?$AAl?$AA1?$AA?9?$AA1?$AA?9?$AA0?$AA?$AA@ 0000000180012bc0     libucrt:winapi_thunks.obj
 0002:00001c00       ??_C@_1DM@KGHDGBCM@?$AAa?$AAp?$AAi?$AA?9?$AAm?$AAs?$AA?9?$AAw?$AAi?$AAn?$AA?9?$AAc?$AAo?$AAr?$AAe?$AA?9?$AAx?$AAs?$AAt?$AAa?$AAt?$AAe?$AA?9?$AAl?$AA2?$AA?9?$AA1?$AA?9?$AA0?$AA?$AA@ 0000000180012c00     libucrt:winapi_thunks.obj
 0002:00001c40       ??_C@_1EO@IJIOEFOH@?$AAa?$AAp?$AAi?$AA?9?$AAm?$AAs?$AA?9?$AAw?$AAi?$AAn?$AA?9?$AAr?$AAt?$AAc?$AAo?$AAr?$AAe?$AA?9?$AAn?$AAt?$AAu?$AAs?$AAe?$AAr?$AA?9?$AAw?$AAi?$AAn?$AAd?$AAo?$AAw?$AA?9@ 0000000180012c40     libucrt:winapi_thunks.obj
 0002:00001c90       ??_C@_1FG@HHGEKANL@?$AAa?$AAp?$AAi?$AA?9?$AAm?$AAs?$AA?9?$AAw?$AAi?$AAn?$AA?9?$AAs?$AAe?$AAc?$AAu?$AAr?$AAi?$AAt?$AAy?$AA?9?$AAs?$AAy?$AAs?$AAt?$AAe?$AAm?$AAf?$AAu?$AAn?$AAc?$AAt?$AAi@ 0000000180012c90     libucrt:winapi_thunks.obj
 0002:00001cf0       ??_C@_1EG@DBIOJECG@?$AAe?$AAx?$AAt?$AA?9?$AAm?$AAs?$AA?9?$AAw?$AAi?$AAn?$AA?9?$AAn?$AAt?$AAu?$AAs?$AAe?$AAr?$AA?9?$AAd?$AAi?$AAa?$AAl?$AAo?$AAg?$AAb?$AAo?$AAx?$AA?9?$AAl?$AA1?$AA?9?$AA1@ 0000000180012cf0     libucrt:winapi_thunks.obj
 0002:00001d40       ??_C@_1EO@FIHMJCLF@?$AAe?$AAx?$AAt?$AA?9?$AAm?$AAs?$AA?9?$AAw?$AAi?$AAn?$AA?9?$AAn?$AAt?$AAu?$AAs?$AAe?$AAr?$AA?9?$AAw?$AAi?$AAn?$AAd?$AAo?$AAw?$AAs?$AAt?$AAa?$AAt?$AAi?$AAo?$AAn?$AA?9@ 0000000180012d40     libucrt:winapi_thunks.obj
 0002:00001d90       ??_C@_1BC@DNHGCMLG@?$AAa?$AAd?$AAv?$AAa?$AAp?$AAi?$AA3?$AA2?$AA?$AA@ 0000000180012d90     libucrt:winapi_thunks.obj
 0002:00001da8       ??_C@_1M@OAIMIKLP@?$AAn?$AAt?$AAd?$AAl?$AAl?$AA?$AA@ 0000000180012da8     libucrt:winapi_thunks.obj
 0002:00001dc0       ??_C@_1EG@DPGNFKGC@?$AAa?$AAp?$AAi?$AA?9?$AAm?$AAs?$AA?9?$AAw?$AAi?$AAn?$AA?9?$AAa?$AAp?$AAp?$AAm?$AAo?$AAd?$AAe?$AAl?$AA?9?$AAr?$AAu?$AAn?$AAt?$AAi?$AAm?$AAe?$AA?9?$AAl?$AA1?$AA?9?$AA1@ 0000000180012dc0     libucrt:winapi_thunks.obj
 0002:00001e08       ??_C@_1O@BCCLBEOE@?$AAu?$AAs?$AAe?$AAr?$AA3?$AA2?$AA?$AA@ 0000000180012e08     libucrt:winapi_thunks.obj
 0002:00001e48       ??_C@_0O@KKBNKAPF@LCMapStringEx?$AA@ 0000000180012e48     libucrt:winapi_thunks.obj
 0002:00001e60       ??_C@_0BB@HBDEELFH@LocaleNameToLCID?$AA@ 0000000180012e60     libucrt:winapi_thunks.obj
 0002:00001e78       ??_C@_0CF@OJOFEIGO@AppPolicyGetProcessTerminationMe@ 0000000180012e78     libucrt:winapi_thunks.obj
 0002:00001ea0       __newctype                 0000000180012ea0     libucrt:ctype.obj
 0002:000021a0       __newclmap                 00000001800131a0     libucrt:ctype.obj
 0002:00002320       __newcumap                 0000000180013320     libucrt:ctype.obj
 0002:000024a0       ?large_power_data@?1??multiply_by_power_of_ten@__crt_strtox@@YA_NAEAUbig_integer@2@I@Z@4QBIB 00000001800134a0     libucrt:cfout.obj
 0002:00002db0       ?large_power_indices@?1??multiply_by_power_of_ten@__crt_strtox@@YA_NAEAUbig_integer@2@I@Z@4QBUunpack_index@?1??12@YA_N0I@Z@B 0000000180013db0     libucrt:cfout.obj
 0002:00002e48       ?small_powers_of_ten@?1??multiply_by_power_of_ten@__crt_strtox@@YA_NAEAUbig_integer@2@I@Z@4QBIB 0000000180013e48     libucrt:cfout.obj
 0002:00002e6c       ??_C@_01GBGANLPD@0?$AA@    0000000180013e6c     libucrt:cfout.obj
 0002:00002e70       ??_C@_05DNEBIAHO@1?$CDINF?$AA@ 0000000180013e70     libucrt:cfout.obj
 0002:00002e78       ??_C@_06IMKFLFPG@1?$CDQNAN?$AA@ 0000000180013e78     libucrt:cfout.obj
 0002:00002e80       ??_C@_06PGGFOGJG@1?$CDSNAN?$AA@ 0000000180013e80     libucrt:cfout.obj
 0002:00002e88       ??_C@_05PHHOCPM@1?$CDIND?$AA@ 0000000180013e88     libucrt:cfout.obj
 0002:00002e90       ??_C@_15PJPFLCCM@?$AAu?$AAk?$AA?$AA@ 0000000180013e90     libucrt:get_qualified_locale.obj
 0002:00002e98       ??_C@_1M@BJNKEDC@?$AAc?$AAa?$AA?9?$AAE?$AAS?$AA?$AA@ 0000000180013e98     libucrt:lcidtoname_downlevel.obj
 0002:00002ea8       ??_C@_1M@IJJHFJHA@?$AAc?$AAs?$AA?9?$AAC?$AAZ?$AA?$AA@ 0000000180013ea8     libucrt:lcidtoname_downlevel.obj
 0002:00002eb8       ??_C@_1M@CLPEOBGI@?$AAd?$AAa?$AA?9?$AAD?$AAK?$AA?$AA@ 0000000180013eb8     libucrt:lcidtoname_downlevel.obj
 0002:00002ec8       ??_C@_1M@MCMADGCB@?$AAd?$AAe?$AA?9?$AAD?$AAE?$AA?$AA@ 0000000180013ec8     libucrt:lcidtoname_downlevel.obj
 0002:00002ed8       ??_C@_1M@OOCKEMAM@?$AAe?$AAl?$AA?9?$AAG?$AAR?$AA?$AA@ 0000000180013ed8     libucrt:lcidtoname_downlevel.obj
 0002:00002ee8       ??_C@_1M@DDNJFGID@?$AAf?$AAi?$AA?9?$AAF?$AAI?$AA?$AA@ 0000000180013ee8     libucrt:lcidtoname_downlevel.obj
 0002:00002ef8       ??_C@_1M@GLIPPMAC@?$AAf?$AAr?$AA?9?$AAF?$AAR?$AA?$AA@ 0000000180013ef8     libucrt:lcidtoname_downlevel.obj
 0002:00002f08       ??_C@_1M@GFMCHPE@?$AAh?$AAe?$AA?9?$AAI?$AAL?$AA?$AA@ 0000000180013f08     libucrt:lcidtoname_downlevel.obj
 0002:00002f18       ??_C@_1M@MHLPGNKM@?$AAh?$AAu?$AA?9?$AAH?$AAU?$AA?$AA@ 0000000180013f18     libucrt:lcidtoname_downlevel.obj
 0002:00002f28       ??_C@_1M@LPDDNNPN@?$AAi?$AAs?$AA?9?$AAI?$AAS?$AA?$AA@ 0000000180013f28     libucrt:lcidtoname_downlevel.obj
 0002:00002f38       ??_C@_1M@MADIPODN@?$AAi?$AAt?$AA?9?$AAI?$AAT?$AA?$AA@ 0000000180013f38     libucrt:lcidtoname_downlevel.obj
 0002:00002f48       ??_C@_1M@IHBJJGG@?$AAn?$AAl?$AA?9?$AAN?$AAL?$AA?$AA@ 0000000180013f48     libucrt:lcidtoname_downlevel.obj
 0002:00002f58       ??_C@_1M@EANAGDL@?$AAn?$AAb?$AA?9?$AAN?$AAO?$AA?$AA@ 0000000180013f58     libucrt:lcidtoname_downlevel.obj
 0002:00002f68       ??_C@_1M@NEIEMEGP@?$AAp?$AAl?$AA?9?$AAP?$AAL?$AA?$AA@ 0000000180013f68     libucrt:lcidtoname_downlevel.obj
 0002:00002f78       ??_C@_1M@BOCFIGEP@?$AAp?$AAt?$AA?9?$AAB?$AAR?$AA?$AA@ 0000000180013f78     libucrt:lcidtoname_downlevel.obj
 0002:00002f88       ??_C@_1M@IMPFOPBG@?$AAr?$AAo?$AA?9?$AAR?$AAO?$AA?$AA@ 0000000180013f88     libucrt:lcidtoname_downlevel.obj
 0002:00002f98       ??_C@_1M@IDNNEJMM@?$AAr?$AAu?$AA?9?$AAR?$AAU?$AA?$AA@ 0000000180013f98     libucrt:lcidtoname_downlevel.obj
 0002:00002fa8       ??_C@_1M@LILEEOGM@?$AAh?$AAr?$AA?9?$AAH?$AAR?$AA?$AA@ 0000000180013fa8     libucrt:lcidtoname_downlevel.obj
 0002:00002fb8       ??_C@_1M@FKIFEHPB@?$AAs?$AAk?$AA?9?$AAS?$AAK?$AA?$AA@ 0000000180013fb8     libucrt:lcidtoname_downlevel.obj
 0002:00002fc8       ??_C@_1M@LJMAMNPJ@?$AAs?$AAq?$AA?9?$AAA?$AAL?$AA?$AA@ 0000000180013fc8     libucrt:lcidtoname_downlevel.obj
 0002:00002fd8       ??_C@_1M@GIAKDKJK@?$AAs?$AAv?$AA?9?$AAS?$AAE?$AA?$AA@ 0000000180013fd8     libucrt:lcidtoname_downlevel.obj
 0002:00002fe8       ??_C@_1M@MKJKIKCL@?$AAt?$AAh?$AA?9?$AAT?$AAH?$AA?$AA@ 0000000180013fe8     libucrt:lcidtoname_downlevel.obj
 0002:00002ff8       ??_C@_1M@MFLCCMPB@?$AAt?$AAr?$AA?9?$AAT?$AAR?$AA?$AA@ 0000000180013ff8     libucrt:lcidtoname_downlevel.obj
 0002:00003008       ??_C@_1M@OIJHDKJN@?$AAu?$AAr?$AA?9?$AAP?$AAK?$AA?$AA@ 0000000180014008     libucrt:lcidtoname_downlevel.obj
 0002:00003018       ??_C@_1M@LHIPCIEK@?$AAi?$AAd?$AA?9?$AAI?$AAD?$AA?$AA@ 0000000180014018     libucrt:lcidtoname_downlevel.obj
 0002:00003028       ??_C@_1M@MFMOBGI@?$AAu?$AAk?$AA?9?$AAU?$AAA?$AA?$AA@ 0000000180014028     libucrt:lcidtoname_downlevel.obj
 0002:00003038       ??_C@_1M@OBGLJIPL@?$AAb?$AAe?$AA?9?$AAB?$AAY?$AA?$AA@ 0000000180014038     libucrt:lcidtoname_downlevel.obj
 0002:00003048       ??_C@_1M@BCFAJEAD@?$AAs?$AAl?$AA?9?$AAS?$AAI?$AA?$AA@ 0000000180014048     libucrt:lcidtoname_downlevel.obj
 0002:00003058       ??_C@_1M@FKFFEDDN@?$AAe?$AAt?$AA?9?$AAE?$AAE?$AA?$AA@ 0000000180014058     libucrt:lcidtoname_downlevel.obj
 0002:00003068       ??_C@_1M@KGKKAACI@?$AAl?$AAv?$AA?9?$AAL?$AAV?$AA?$AA@ 0000000180014068     libucrt:lcidtoname_downlevel.obj
 0002:00003078       ??_C@_1M@IFGBIJO@?$AAl?$AAt?$AA?9?$AAL?$AAT?$AA?$AA@ 0000000180014078     libucrt:lcidtoname_downlevel.obj
 0002:00003088       ??_C@_1M@FGEAHEDM@?$AAf?$AAa?$AA?9?$AAI?$AAR?$AA?$AA@ 0000000180014088     libucrt:lcidtoname_downlevel.obj
 0002:00003098       ??_C@_1M@KBMAIBFN@?$AAv?$AAi?$AA?9?$AAV?$AAN?$AA?$AA@ 0000000180014098     libucrt:lcidtoname_downlevel.obj
 0002:000030a8       ??_C@_1M@GPCBKDJK@?$AAh?$AAy?$AA?9?$AAA?$AAM?$AA?$AA@ 00000001800140a8     libucrt:lcidtoname_downlevel.obj
 0002:000030b8       ??_C@_1BG@BECMDDJB@?$AAa?$AAz?$AA?9?$AAA?$AAZ?$AA?9?$AAL?$AAa?$AAt?$AAn?$AA?$AA@ 00000001800140b8     libucrt:lcidtoname_downlevel.obj
[...]
 0004:00000918       $pdata$__acrt_AppPolicyGetProcessTerminationMethodInternal 000000018001e918     libucrt:winapi_thunks.obj
 0004:00000924       $pdata$__acrt_FlsAlloc     000000018001e924     libucrt:winapi_thunks.obj
 0004:00000930       $pdata$__acrt_FlsFree      000000018001e930     libucrt:winapi_thunks.obj
 0004:0000093c       $pdata$__acrt_FlsGetValue  000000018001e93c     libucrt:winapi_thunks.obj
 0004:00000948       $pdata$__acrt_FlsSetValue  000000018001e948     libucrt:winapi_thunks.obj
 0004:00000954       $pdata$__acrt_InitializeCriticalSectionEx 000000018001e954     libucrt:winapi_thunks.obj
 0004:00000960       $pdata$__acrt_LCMapStringEx 000000018001e960     libucrt:winapi_thunks.obj
 0004:0000096c       $pdata$__acrt_LocaleNameToLCID 000000018001e96c     libucrt:winapi_thunks.obj
 0004:00000978       $pdata$__acrt_initialize_winapi_thunks 000000018001e978     libucrt:winapi_thunks.obj
 0004:00000984       $pdata$__acrt_uninitialize_winapi_thunks 000000018001e984     libucrt:winapi_thunks.obj
 0004:00000990       $pdata$__acrt_initialize_heap 000000018001e990     libucrt:heap_handle.obj
 0004:0000099c       $pdata$__acrt_execute_initializers 000000018001e99c     libucrt:shared_initialization.obj
 0004:000009a8       $pdata$__acrt_execute_uninitializers 000000018001e9a8     libucrt:shared_initialization.obj
 0004:000009b4       $pdata$_callnewh           000000018001e9b4     libucrt:new_handler.obj
 0004:000009c0       $pdata$_query_new_handler  000000018001e9c0     libucrt:new_handler.obj
 0004:000009cc       $pdata$??$?RV<lambda_450d765d439847d4c735a33c368b5fc0>@@AEAV<lambda_44731a7d0e6d81c3e6aa82d741081786>@@V<lambda_601a2a7da3b7a96e9554ac7215c4b07c>@@@?$__crt_seh_guarded_call@P6AXH@Z@@QEAAP6AXH@Z$$QEAV<lambda_450d765d439847d4c735a33c368b5fc0>@@AEAV<lambda_44731a7d0e6d81c3e6aa82d741081786>@@$$QEAV<lambda_601a2a7da3b7a96e9554ac7215c4b07c>@@@Z 000000018001e9cc     libucrt:signal.obj
 0004:000009d8       $pdata$__acrt_get_sigabrt_handler 000000018001e9d8     libucrt:signal.obj
 0004:000009e4       $pdata$raise               000000018001e9e4     libucrt:signal.obj
 0004:000009f0       $pdata$??$?RV<lambda_842d9ff0dc9ef11c61343bbaebe7f885>@@AEAV<lambda_c5860995281e5c4ce005b3de8f5874ee>@@V<lambda_d90129c13df834fdcbf8d2b88dafcf2d>@@@?$__crt_seh_guarded_call@X@@QEAAX$$QEAV<lambda_842d9ff0dc9ef11c61343bbaebe7f885>@@AEAV<lambda_c5860995281e5c4ce005b3de8f5874ee>@@$$QEAV<lambda_d90129c13df834fdcbf8d2b88dafcf2d>@@@Z 000000018001e9f0     libucrt:fflush.obj
 0004:000009fc       $pdata$??$?RV<lambda_886d6c58226a84441f68b9f2b8217b83>@@AEAV<lambda_ab61a845afdef5b7c387490eaf3616ee>@@V<lambda_f7f22ab5edc0698d5f6905b0d3f44752>@@@?$__crt_seh_guarded_call@X@@QEAAX$$QEAV<lambda_886d6c58226a84441f68b9f2b8217b83>@@AEAV<lambda_ab61a845afdef5b7c387490eaf3616ee>@@$$QEAV<lambda_f7f22ab5edc0698d5f6905b0d3f44752>@@@Z 000000018001e9fc     libucrt:fflush.obj
 0004:00000a08       $pdata$?common_flush_all@@YAH_N@Z 000000018001ea08     libucrt:fflush.obj
 0004:00000a14       $pdata$__acrt_stdio_flush_nolock 000000018001ea14     libucrt:fflush.obj
 0004:00000a20       $pdata$_fflush_nolock      000000018001ea20     libucrt:fflush.obj
 0004:00000a2c       $pdata$__pctype_func       000000018001ea2c     libucrt:ctype.obj
 0004:00000a38       $pdata$_isctype_l          000000018001ea38     libucrt:isctype.obj
 0004:00000a44       $pdata$_isleadbyte_l       000000018001ea44     libucrt:_wctype.obj
 0004:00000a50       $pdata$?__acrt_LCMapStringA_stat@@YAHPEAU__crt_locale_pointers@@PEB_WKPEBDHPEADHHH@Z 000000018001ea50     libucrt:lcmapstringa.obj
 0004:00000a5c       $pdata$__acrt_LCMapStringA 000000018001ea5c     libucrt:lcmapstringa.obj
 0004:00000a68       $pdata$__acrt_free_locale  000000018001ea68     libucrt:locale_refcounting.obj
 0004:00000a74       $pdata$__acrt_locale_free_lc_time_if_unreferenced 000000018001ea74     libucrt:locale_refcounting.obj
 0004:00000a80       $pdata$__acrt_release_locale_ref 000000018001ea80     libucrt:locale_refcounting.obj
 0004:00000a8c       $pdata$__acrt_update_thread_locale_data 000000018001ea8c     libucrt:locale_refcounting.obj
 0004:00000a98       $pdata$_updatetlocinfoEx_nolock 000000018001ea98     libucrt:locale_refcounting.obj
 0004:00000aa4       $pdata$__acrt_fp_strflt_to_string 000000018001eaa4     libucrt:_fptostr.obj
 0004:00000ab0       $pdata$?divide@__crt_strtox@@YA_KAEAUbig_integer@1@AEBU21@@Z 000000018001eab0     libucrt:cfout.obj
 0004:00000abc       $pdata$5$?divide@__crt_strtox@@YA_KAEAUbig_integer@1@AEBU21@@Z 000000018001eabc     libucrt:cfout.obj
 0004:00000ac8       $pdata$6$?divide@__crt_strtox@@YA_KAEAUbig_integer@1@AEBU21@@Z 000000018001eac8     libucrt:cfout.obj
 0004:00000ad4       $pdata$__acrt_fltout       000000018001ead4     libucrt:cfout.obj
 0004:00000ae0       $pdata$memcpy_s            000000018001eae0     libucrt:cfout.obj
 0004:00000aec       $pdata$_fcloseall          000000018001eaec     libucrt:closeall.obj
 0004:00000af8       $pdata$__acrt_stdio_free_buffer_nolock 000000018001eaf8     libucrt:_freebuf.obj
 0004:00000b04       $pdata$_isatty             000000018001eb04     libucrt:isatty.obj
 0004:00000b10       $pdata$__acrt_locale_free_monetary 000000018001eb10     libucrt:initmon.obj
 0004:00000b1c       $pdata$__acrt_locale_free_numeric 000000018001eb1c     libucrt:initnum.obj
 0004:00000b28       $pdata$?free_crt_array_internal@@YAXQEAPEBX_K@Z 000000018001eb28     libucrt:inittime.obj
 0004:00000b34       $pdata$__acrt_locale_free_time 000000018001eb34     libucrt:inittime.obj
 0004:00000b40       $pdata$__acrt_GetStringTypeA 000000018001eb40     libucrt:getstringtypea.obj
 0004:00000b4c       $pdata$__acrt_lowio_create_handle_array 000000018001eb4c     libucrt:osfinfo.obj
 0004:00000b58       $pdata$__acrt_lowio_destroy_handle_array 000000018001eb58     libucrt:osfinfo.obj
 0004:00000b64       $pdata$__acrt_lowio_ensure_fh_exists 000000018001eb64     libucrt:osfinfo.obj
 0004:00000b70       $pdata$_free_osfhnd        000000018001eb70     libucrt:osfinfo.obj
 0004:00000b7c       $pdata$_get_osfhandle      000000018001eb7c     libucrt:osfinfo.obj
 0004:00000b88       $pdata$qsort               000000018001eb88     libucrt:qsort.obj
 0004:00000b94       $pdata$4$qsort             000000018001eb94     libucrt:qsort.obj
 0004:00000ba0       $pdata$5$qsort             000000018001eba0     libucrt:qsort.obj
 0004:00000bac       $pdata$strncpy_s           000000018001ebac     libucrt:strncpy_s.obj
 0004:00000bb8       $pdata$fallbackMethod      000000018001ebb8     libucrt:strpbrk.obj
 0004:00000bc4       $pdata$strpbrk             000000018001ebc4     libucrt:strpbrk.obj
 0004:00000bd0       $pdata$_mbsdec_l           000000018001ebd0     libucrt:mbsdec.obj
 0004:00000bdc       $pdata$?initialize_multibyte@@YAHXZ 000000018001ebdc     libucrt:multibyte_initializer.obj
 0004:00000be8       $pdata$_msize_base         000000018001ebe8     libucrt:msize.obj
 0004:00000bf4       $pdata$_realloc_base       000000018001ebf4     libucrt:realloc_base.obj
 0004:00000c00       $pdata$?GetTableIndexFromLocaleName@@YAHPEB_W@Z 000000018001ec00     libucrt:lcidtoname_downlevel.obj
 0004:00000c0c       $pdata$__acrt_DownlevelLocaleNameToLCID 000000018001ec0c     libucrt:lcidtoname_downlevel.obj
 0004:00000c18       $pdata$??$?RV<lambda_a37b2b86f63e897a80ea819b0eb08c01>@@AEAV<lambda_38ce7e780aa69e748d6df282ebc68efe>@@V<lambda_99fb1378e971ab6e7edea83e3a7a83a2>@@@?$__crt_seh_guarded_call@H@@QEAAH$$QEAV<lambda_a37b2b86f63e897a80ea819b0eb08c01>@@AEAV<lambda_38ce7e780aa69e748d6df282ebc68efe>@@$$QEAV<lambda_99fb1378e971ab6e7edea83e3a7a83a2>@@@Z 000000018001ec18     libucrt:commit.obj
 0004:00000c24       $pdata$_commit             000000018001ec24     libucrt:commit.obj
 0004:00000c30       $pdata$?write_double_translated_ansi_nolock@@YA?AUwrite_result@?A0x17268360@@HQEBDI@Z 000000018001ec30     libucrt:write.obj
 0004:00000c3c       $pdata$?write_text_ansi_nolock@@YA?AUwrite_result@?A0x17268360@@HQEBDI@Z 000000018001ec3c     libucrt:write.obj
 0004:00000c48       $pdata$?write_text_utf16le_nolock@@YA?AUwrite_result@?A0x17268360@@HQEBDI@Z 000000018001ec48     libucrt:write.obj
 0004:00000c54       $pdata$?write_text_utf8_nolock@@YA?AUwrite_result@?A0x17268360@@HQEBDI@Z 000000018001ec54     libucrt:write.obj
 0004:00000c60       $pdata$_write              000000018001ec60     libucrt:write.obj
 0004:00000c6c       $pdata$_write_nolock       000000018001ec6c     libucrt:write.obj
 0004:00000c78       $pdata$fegetenv            000000018001ec78     libucrt:fegetenv.obj
 0004:00000c84       $pdata$fesetenv            000000018001ec84     libucrt:fesetenv.obj
 0004:00000c90       $pdata$feholdexcept        000000018001ec90     libucrt:feholdexcept.obj
 0004:00000ca8       $pdata$??$common_lseek_nolock@_J@@YA_JH_JH@Z 000000018001eca8     libucrt:lseek.obj
 0004:00000cb4       $pdata$_fclose_nolock      000000018001ecb4     libucrt:fclose.obj
 0004:00000cc0       $pdata$fclose              000000018001ecc0     libucrt:fclose.obj
 0004:00000ccc       $pdata$_putwch_nolock      000000018001eccc     libucrt:putwch.obj
 0004:00000cd8       $pdata$__acrt_fenv_set_control 000000018001ecd8     libucrt:_fenvutils.obj
 0004:00000ce4       $pdata$_clearfp            000000018001ece4     libucrt:ieee.obj
 0004:00000cf0       $pdata$_call_matherr       000000018001ecf0     libucrt:libm_error.obj
 0004:00000cfc       $pdata$_exception_enabled  000000018001ecfc     libucrt:libm_error.obj
 0004:00000d08       $pdata$_handle_error       000000018001ed08     libucrt:libm_error.obj
 0004:00000d14       $pdata$__acrt_initialize_fma3 000000018001ed14     libucrt:fma3_available.obj
 0004:00000d20       $pdata$_log10_special      000000018001ed20     libucrt:log_special.obj
 0004:00000d2c       $pdata$_log_special_common 000000018001ed2c     libucrt:log_special.obj
 0004:00000d38       $pdata$??$?RV<lambda_751a882b2c74d4b022dec766aa51a29a>@@AEAV<lambda_628dfdc04ba53c8bfc02c9951375f3f5>@@V<lambda_f6c7be5f7998530c34de24c7437d6b54>@@@?$__crt_seh_guarded_call@H@@QEAAH$$QEAV<lambda_751a882b2c74d4b022dec766aa51a29a>@@AEAV<lambda_628dfdc04ba53c8bfc02c9951375f3f5>@@$$QEAV<lambda_f6c7be5f7998530c34de24c7437d6b54>@@@Z 000000018001ed38     libucrt:close.obj
 0004:00000d44       $pdata$_close              000000018001ed44     libucrt:close.obj
 0004:00000d50       $pdata$_close_nolock       000000018001ed50     libucrt:close.obj
 0004:00000d5c       $pdata$__dcrt_lowio_ensure_console_output_initialized 000000018001ed5c     libucrt:initcon.obj
 0004:00000d68       $pdata$__dcrt_terminate_console_output 000000018001ed68     libucrt:initcon.obj
 0004:00000d74       $pdata$__dcrt_write_console_w 000000018001ed74     libucrt:initcon.obj
 0004:00000d8c       $pdata$_raise_exc          000000018001ed8c     libucrt:fpexcept.obj
 0004:00000d98       $pdata$_raise_exc_ex       000000018001ed98     libucrt:fpexcept.obj
 0004:00000da4       $pdata$_set_errno_from_matherr 000000018001eda4     libucrt:fpexcept.obj
 0004:00000db0       $pdata$_clrfp              000000018001edb0     libucrt:fpctrl.obj
 0004:00000dbc       $pdata$_ctrlfp             000000018001edbc     libucrt:fpctrl.obj
 0004:00000dc8       $pdata$_set_statfp         000000018001edc8     libucrt:fpctrl.obj
 0004:00000dd4       $pdata$_statfp             000000018001edd4     libucrt:fpctrl.obj
 0004:00000de0       $pdata$?DloadAcquireSectionWriteAccess@@YAXXZ 000000018001ede0     DelayImp:delayhlp.obj
 0004:00000dec       $pdata$?DloadGetSRWLockFunctionPointers@@YAEXZ 000000018001edec     DelayImp:delayhlp.obj
 0004:00000df8       $pdata$?DloadMakePermanentImageCommit@@YAXPEAX_K@Z 000000018001edf8     DelayImp:delayhlp.obj
 0004:00000e04       $pdata$?DloadObtainSection@@YAPEAXPEAK0@Z 000000018001ee04     DelayImp:delayhlp.obj
 0004:00000e10       $pdata$?DloadProtectSection@@YAXKPEAK@Z 000000018001ee10     DelayImp:delayhlp.obj
 0004:00000e1c       $pdata$?DloadReleaseSectionWriteAccess@@YAXXZ 000000018001ee1c     DelayImp:delayhlp.obj
 0004:00000e28       $pdata$__delayLoadHelper2  000000018001ee28     DelayImp:delayhlp.obj
 0004:00000e34       $pdata$_IsNonwritableInCurrentImage 000000018001ee34     LIBCMT:pesect.obj
 0004:00000e40       $pdata$__GSHandlerCheck    000000018001ee40     LIBCMT:_gshandler_.obj
 0004:00000e4c       $pdata$__GSHandlerCheckCommon 000000018001ee4c     LIBCMT:_gshandler_.obj
 0004:00000e70       $pdata$strrchr             000000018001ee70     libvcruntime:strrchr.obj
 0004:00000ec4       $pdata$?fin$0@?0??dllmain_crt_process_attach@@YAHQEAUHINSTANCE__@@QEAX@Z@4HA 000000018001eec4     LIBCMT:dll_dllmain.obj
 0004:00000ed0       $pdata$?fin$0@?0??dllmain_crt_process_detach@@YAH_N@Z@4HA 000000018001eed0     LIBCMT:dll_dllmain.obj
 0004:00000edc       $pdata$?filt$0@?0??dllmain_dispatch@@YAHQEAUHINSTANCE__@@KQEAX@Z@4HA 000000018001eedc     LIBCMT:dll_dllmain.obj
 0004:00000ee8       $pdata$__scrt_is_nonwritable_in_current_image$filt$0 000000018001eee8     LIBCMT:utility.obj
 0004:00000ef4       $pdata$?filt$0@?0???R<lambda_6e4b09c48022b2350581041d5f6b0c4c>@@QEBA@XZ@4HA 000000018001eef4     libucrt:exit.obj
 0004:00000f00       $pdata$?fin$0@?0???$?RV<lambda_410d79af7f07d98d83a3f525b3859a53>@@AEAV<lambda_3e16ef9562a7dcce91392c22ab16ea36>@@V<lambda_38119f0e861e05405d8a144b9b982f0a>@@@?$__crt_seh_guarded_call@X@@QEAAX$$QEAV<lambda_410d79af7f07d98d83a3f525b3859a53>@@AEAV<lambda_3e16ef9562a7dcce91392c22ab16ea36>@@$$QEAV<lambda_38119f0e861e05405d8a144b9b982f0a>@@@Z@4HA 000000018001ef00     libucrt:wsetlocale.obj
 0004:00000f0c       $pdata$?fin$0@?0???$?RV<lambda_f2e299630e499de9f9a165e60fcd3db5>@@AEAV<lambda_2ae9d31cdba2644fcbeaf08da7c24588>@@V<lambda_40d01ff24d0e7b3814fdbdcee8eab3c7>@@@?$__crt_seh_guarded_call@X@@QEAAX$$QEAV<lambda_f2e299630e499de9f9a165e60fcd3db5>@@AEAV<lambda_2ae9d31cdba2644fcbeaf08da7c24588>@@$$QEAV<lambda_40d01ff24d0e7b3814fdbdcee8eab3c7>@@@Z@4HA 000000018001ef0c     libucrt:per_thread_data.obj
 0004:00000f0c       $pdata$?fin$0@?0???$?RV<lambda_2d41944a1d46af3157314b8a01080d33>@@AEAV<lambda_8f455de75cd7d7f24b4096f044d8b9e6>@@V<lambda_aa500f224e6afead328df44964fe2772>@@@?$__crt_seh_guarded_call@X@@QEAAX$$QEAV<lambda_2d41944a1d46af3157314b8a01080d33>@@AEAV<lambda_8f455de75cd7d7f24b4096f044d8b9e6>@@$$QEAV<lambda_aa500f224e6afead328df44964fe2772>@@@Z@4HA 000000018001ef0c     libucrt:per_thread_data.obj
 0004:00000f0c       $pdata$?fin$0@?0???$?RV<lambda_450d765d439847d4c735a33c368b5fc0>@@AEAV<lambda_44731a7d0e6d81c3e6aa82d741081786>@@V<lambda_601a2a7da3b7a96e9554ac7215c4b07c>@@@?$__crt_seh_guarded_call@P6AXH@Z@@QEAAP6AXH@Z$$QEAV<lambda_450d765d439847d4c735a33c368b5fc0>@@AEAV<lambda_44731a7d0e6d81c3e6aa82d741081786>@@$$QEAV<lambda_601a2a7da3b7a96e9554ac7215c4b07c>@@@Z@4HA 000000018001ef0c     libucrt:signal.obj
 0004:00000f0c       $pdata$?fin$0@?0???$?RV<lambda_efdfa57d1f175319df784efa44bb7b81>@@AEAV<lambda_5f0a4c1567f8adc6734073e5d1e1b35c>@@V<lambda_2e8a7d3640ea6ccb4c2413664c2db6fd>@@@?$__crt_seh_guarded_call@X@@QEAAX$$QEAV<lambda_efdfa57d1f175319df784efa44bb7b81>@@AEAV<lambda_5f0a4c1567f8adc6734073e5d1e1b35c>@@$$QEAV<lambda_2e8a7d3640ea6ccb4c2413664c2db6fd>@@@Z@4HA 000000018001ef0c     libucrt:mbctype.obj
 0004:00000f0c       $pdata$?fin$0@?0???$?RV<lambda_0ae27a3a962d80f24befdcbee591983d>@@AEAV<lambda_8d0ee55de4b1038c4002e0adecdf1839>@@V<lambda_dc504788e8f1664fe9b84e20bfb512f2>@@@?$__crt_seh_guarded_call@X@@QEAAX$$QEAV<lambda_0ae27a3a962d80f24befdcbee591983d>@@AEAV<lambda_8d0ee55de4b1038c4002e0adecdf1839>@@$$QEAV<lambda_dc504788e8f1664fe9b84e20bfb512f2>@@@Z@4HA 000000018001ef0c     libucrt:per_thread_data.obj
 0004:00000f0c       $pdata$?fin$0@?0???$?RV<lambda_d80eeec6fff315bfe5c115232f3240e3>@@AEAV<lambda_6e4b09c48022b2350581041d5f6b0c4c>@@V<lambda_2358e3775559c9db80273638284d5e45>@@@?$__crt_seh_guarded_call@X@@QEAAX$$QEAV<lambda_d80eeec6fff315bfe5c115232f3240e3>@@AEAV<lambda_6e4b09c48022b2350581041d5f6b0c4c>@@$$QEAV<lambda_2358e3775559c9db80273638284d5e45>@@@Z@4HA 000000018001ef0c     libucrt:exit.obj
 0004:00000f0c       $pdata$?fin$0@?0???$?RV<lambda_aa87e3671a710a21b5dc78c0bdf72e11>@@AEAV<lambda_92619d2358a28f41a33ba319515a20b9>@@V<lambda_6992ecaafeb10aed2b74cb1fae11a551>@@@?$__crt_seh_guarded_call@X@@QEAAX$$QEAV<lambda_aa87e3671a710a21b5dc78c0bdf72e11>@@AEAV<lambda_92619d2358a28f41a33ba319515a20b9>@@$$QEAV<lambda_6992ecaafeb10aed2b74cb1fae11a551>@@@Z@4HA 000000018001ef0c     libucrt:per_thread_data.obj
 0004:00000f0c       $pdata$?fin$0@?0???$?RV<lambda_7777bce6b2f8c936911f934f8298dc43>@@AEAV<lambda_f03950bc5685219e0bcd2087efbe011e>@@V<lambda_3883c3dff614d5e0c5f61bb1ac94921c>@@@?$__crt_seh_guarded_call@H@@QEAAH$$QEAV<lambda_7777bce6b2f8c936911f934f8298dc43>@@AEAV<lambda_f03950bc5685219e0bcd2087efbe011e>@@$$QEAV<lambda_3883c3dff614d5e0c5f61bb1ac94921c>@@@Z@4HA 000000018001ef0c     libucrt:onexit.obj
 0004:00000f18       $pdata$?fin$0@?0??update_thread_multibyte_data_internal@@YAPEAU__crt_multibyte_data@@QEAU__acrt_ptd@@QEAPEAU1@@Z@4HA 000000018001ef18     libucrt:mbctype.obj
 0004:00000f24       $pdata$_query_new_handler$fin$0 000000018001ef24     libucrt:new_handler.obj
 0004:00000f30       $pdata$raise$fin$0         000000018001ef30     libucrt:signal.obj
 0004:00000f3c       $pdata$?fin$0@?0???$?RV<lambda_842d9ff0dc9ef11c61343bbaebe7f885>@@AEAV<lambda_c5860995281e5c4ce005b3de8f5874ee>@@V<lambda_d90129c13df834fdcbf8d2b88dafcf2d>@@@?$__crt_seh_guarded_call@X@@QEAAX$$QEAV<lambda_842d9ff0dc9ef11c61343bbaebe7f885>@@AEAV<lambda_c5860995281e5c4ce005b3de8f5874ee>@@$$QEAV<lambda_d90129c13df834fdcbf8d2b88dafcf2d>@@@Z@4HA 000000018001ef3c     libucrt:fflush.obj
 0004:00000f48       $pdata$?fin$0@?0???$?RV<lambda_886d6c58226a84441f68b9f2b8217b83>@@AEAV<lambda_ab61a845afdef5b7c387490eaf3616ee>@@V<lambda_f7f22ab5edc0698d5f6905b0d3f44752>@@@?$__crt_seh_guarded_call@X@@QEAAX$$QEAV<lambda_886d6c58226a84441f68b9f2b8217b83>@@AEAV<lambda_ab61a845afdef5b7c387490eaf3616ee>@@$$QEAV<lambda_f7f22ab5edc0698d5f6905b0d3f44752>@@@Z@4HA 000000018001ef48     libucrt:fflush.obj
 0004:00000f54       $pdata$__acrt_update_thread_locale_data$fin$0 000000018001ef54     libucrt:locale_refcounting.obj
 0004:00000f60       $pdata$_fcloseall$fin$0    000000018001ef60     libucrt:closeall.obj
 0004:00000f6c       $pdata$__acrt_initialize_lowio$fin$0 000000018001ef6c     libucrt:ioinit.obj
 0004:00000f6c       $pdata$__acrt_lowio_ensure_fh_exists$fin$0 000000018001ef6c     libucrt:osfinfo.obj
 0004:00000f78       $pdata$_write$fin$0        000000018001ef78     libucrt:write.obj
 0004:00000f84       $pdata$fclose$fin$0        000000018001ef84     libucrt:fclose.obj
 0004:00000f90       $pdata$?fin$0@?0???$?RV<lambda_751a882b2c74d4b022dec766aa51a29a>@@AEAV<lambda_628dfdc04ba53c8bfc02c9951375f3f5>@@V<lambda_f6c7be5f7998530c34de24c7437d6b54>@@@?$__crt_seh_guarded_call@H@@QEAAH$$QEAV<lambda_751a882b2c74d4b022dec766aa51a29a>@@AEAV<lambda_628dfdc04ba53c8bfc02c9951375f3f5>@@$$QEAV<lambda_f6c7be5f7998530c34de24c7437d6b54>@@@Z@4HA 000000018001ef90     libucrt:close.obj
 0004:00000f90       $pdata$?fin$0@?0???$?RV<lambda_a37b2b86f63e897a80ea819b0eb08c01>@@AEAV<lambda_38ce7e780aa69e748d6df282ebc68efe>@@V<lambda_99fb1378e971ab6e7edea83e3a7a83a2>@@@?$__crt_seh_guarded_call@H@@QEAAH$$QEAV<lambda_a37b2b86f63e897a80ea819b0eb08c01>@@AEAV<lambda_38ce7e780aa69e748d6df282ebc68efe>@@$$QEAV<lambda_99fb1378e971ab6e7edea83e3a7a83a2>@@@Z@4HA 000000018001ef90     libucrt:commit.obj
 0004:00000f9c       $pdata$_ctrlfp$filt$0      000000018001ef9c     libucrt:fpctrl.obj
 0004:00000fa8       $pdata$_IsNonwritableInCurrentImage$filt$0 000000018001efa8     LIBCMT:pesect.obj
 0005:00000060       $R000000                   000000018001f060     * linker generated manifest res *

 Exports

  ordinal    name

        1    _register_sha3_C_Addon_
