 sha3_C_Addon

 Timestamp is 5a1dc2da (Tue Nov 28 22:11:06 2017)

 Preferred load address is 0000000180000000

 Start         Length     Name                   Class
 0001:00000000 0000f930H .text$mn                CODE
 0001:0000f930 000000e0H .text$mn$00             CODE
 0001:0000fa10 00000240H .text$x                 CODE
 0002:00000000 00000240H .idata$5                DATA
 0002:00000240 00000020H .00cfg                  DATA
 0002:00000260 00000008H .CRT$XCA                DATA
 0002:00000268 00000008H .CRT$XCU                DATA
 0002:00000270 00000008H .CRT$XCZ                DATA
 0002:00000278 00000008H .CRT$XIA                DATA
 0002:00000280 00000018H .CRT$XIC                DATA
 0002:00000298 00000008H .CRT$XIZ                DATA
 0002:000002a0 00000008H .CRT$XPA                DATA
 0002:000002a8 00000010H .CRT$XPX                DATA
 0002:000002b8 00000008H .CRT$XPXA               DATA
 0002:000002c0 00000008H .CRT$XPZ                DATA
 0002:000002c8 00000008H .CRT$XTA                DATA
 0002:000002d0 00000010H .CRT$XTZ                DATA
 0002:000002d8 00000000H .gfids$y                DATA
 0002:000002e0 00007d08H .rdata                  DATA
 0002:00007fe8 00000000H .rdata$r                DATA
 0002:00007fe8 00000378H .rdata$zzzdbg           DATA
 0002:00008360 00000008H .rtc$IAA                DATA
 0002:00008368 00000008H .rtc$IZZ                DATA
 0002:00008370 00000008H .rtc$TAA                DATA
 0002:00008378 00000008H .rtc$TZZ                DATA
 0002:00008380 00000cdcH .xdata                  DATA
 0002:0000905c 00000020H .didat$2                DATA
 0002:0000907c 00000024H .didat$3                DATA
 0002:000090a0 00000060H .didat$4                DATA
 0002:00009100 000002c8H .didat$6                DATA
 0002:000093c8 00000068H .didat$7                DATA
 0002:00009430 0000005cH .edata                  DATA
 0002:0000948c 00000014H .idata$2                DATA
 0002:000094a0 00000018H .idata$3                DATA
 0002:000094b8 00000240H .idata$4                DATA
 0002:000096f8 0000053aH .idata$6                DATA
 0003:00000000 00000930H .data                   DATA
 0003:00000930 00000000H .data$r                 DATA
 0003:00000930 00000060H .didat$5                DATA
 0003:00000990 00001600H .bss                    DATA
 0004:00000000 00000fa8H .pdata                  DATA
 0005:00000000 00000060H .rsrc$01                DATA
 0005:00000060 00000180H .rsrc$02                DATA

  Address         Publics by Value              Rva+Base               Lib:Object

 0000:00000000       __guard_iat_table          0000000000000000     <absolute>
 0000:00000000       __dynamic_value_reloc_table 0000000000000000     <absolute>
 0000:00000000       __hybrid_code_map          0000000000000000     <absolute>
 0000:00000000       __hybrid_code_map_count    0000000000000000     <absolute>
 0000:00000000       __guard_iat_count          0000000000000000     <absolute>
 0000:00000000       __hybrid_auxiliary_iat     0000000000000000     <absolute>
 0000:00000000       __guard_longjmp_table      0000000000000000     <absolute>
 0000:00000000       __guard_longjmp_count      0000000000000000     <absolute>
 0000:00000000       __guard_fids_count         0000000000000000     <absolute>
 0000:00000000       __enclave_config           0000000000000000     <absolute>
 0000:00000000       ___safe_se_handler_table   0000000000000000     <absolute>
 0000:00000000       ___safe_se_handler_count   0000000000000000     <absolute>
 0000:00000000       __guard_fids_table         0000000000000000     <absolute>
 0000:00000100       __guard_flags              0000000000000100     <absolute>
 0000:00000000       __ImageBase                0000000180000000     <linker-defined>
 0001:00000000       __local_stdio_printf_options 0000000180001000 f i sha3JS.obj
 0001:00000010       sprintf                    0000000180001010 f i sha3JS.obj
 0001:000004a0       ?sha3_512_JS@sha3@@YAXAEBV?$FunctionCallbackInfo@VValue@v8@@@v8@@@Z 00000001800014a0 f   sha3JS.obj
 0001:000006b0       ?Init@sha3@@YAXV?$Local@VObject@v8@@@v8@@@Z 00000001800016b0 f   sha3JS.obj
 0001:000007cc       __imp_load_?GetCurrent@Isolate@v8@@SAPEAV12@XZ 00000001800017cc f   node:node.exe
 0001:000007d8       __tailMerge_node_exe       00000001800017d8     node:node.exe
 0001:00000851       __imp_load_??1HandleScope@v8@@QEAA@XZ 0000000180001851 f   node:node.exe
 0001:0000085d       __imp_load_??0HandleScope@v8@@QEAA@PEAVIsolate@1@@Z 000000018000185d f   node:node.exe
 0001:00000869       __imp_load_?GetFunction@FunctionTemplate@v8@@QEAA?AV?$Local@VFunction@v8@@@2@XZ 0000000180001869 f   node:node.exe
 0001:00000875       __imp_load_?New@FunctionTemplate@v8@@SA?AV?$Local@VFunctionTemplate@v8@@@2@PEAVIsolate@2@P6AXAEBV?$FunctionCallbackInfo@VValue@v8@@@2@@ZV?$Local@VValue@v8@@@2@V?$Local@VSignature@v8@@@2@HW4ConstructorBehavior@2@@Z 0000000180001875 f   node:node.exe
 0001:00000881       __imp_load_??1Utf8Value@String@v8@@QEAA@XZ 0000000180001881 f   node:node.exe
 0001:0000088d       __imp_load_??0Utf8Value@String@v8@@QEAA@V?$Local@VValue@v8@@@2@@Z 000000018000188d f   node:node.exe
 0001:00000899       __imp_load_?NewFromUtf8@String@v8@@SA?AV?$Local@VString@v8@@@2@PEAVIsolate@2@PEBDW4NewStringType@12@H@Z 0000000180001899 f   node:node.exe
 0001:000008a5       __imp_load_?Set@Object@v8@@QEAA_NV?$Local@VValue@v8@@@2@0@Z 00000001800018a5 f   node:node.exe
 0001:000008b1       __imp_load_?SetName@Function@v8@@QEAAXV?$Local@VString@v8@@@2@@Z 00000001800018b1 f   node:node.exe
 0001:000008bd       __imp_load_node_module_register 00000001800018bd f   node:node.exe
 0001:000008e0       __security_check_cookie    00000001800018e0 f   LIBCMT:_amdsecgs_.obj
 0001:00000c40       _DllMainCRTStartup         0000000180001c40 f   LIBCMT:dll_dllmain.obj
 0001:00000c80       __raise_securityfailure    0000000180001c80 f   LIBCMT:gs_report.obj
 0001:00000cb4       __report_gsfailure         0000000180001cb4 f   LIBCMT:gs_report.obj
 0001:00000d88       __report_rangecheckfailure 0000000180001d88 f   LIBCMT:gs_report.obj
 0001:00000d9c       __report_securityfailure   0000000180001d9c f   LIBCMT:gs_report.obj
 0001:00000f1c       __security_init_cookie     0000000180001f1c f   LIBCMT:gs_support.obj
 0001:00000fc8       ?__scrt_initialize_type_info@@YAXXZ 0000000180001fc8 f   LIBCMT:tncleanup.obj
 0001:00000fd8       ?__scrt_uninitialize_type_info@@YAXXZ 0000000180001fd8 f   LIBCMT:tncleanup.obj
 0001:00000fe4       __local_stdio_scanf_options 0000000180001fe4 f i LIBCMT:default_local_stdio_options.obj
 0001:00000fec       __scrt_initialize_default_local_stdio_options 0000000180001fec f   LIBCMT:default_local_stdio_options.obj
 0001:00001008       __scrt_acquire_startup_lock 0000000180002008 f   LIBCMT:utility.obj
 0001:00001044       __scrt_dllmain_after_initialize_c 0000000180002044 f   LIBCMT:utility.obj
 0001:00001078       __scrt_dllmain_before_initialize_c 0000000180002078 f   LIBCMT:utility.obj
 0001:00001090       __scrt_dllmain_crt_thread_attach 0000000180002090 f   LIBCMT:utility.obj
 0001:000010b8       __scrt_dllmain_crt_thread_detach 00000001800020b8 f   LIBCMT:utility.obj
 0001:000010d0       __scrt_dllmain_exception_filter 00000001800020d0 f   LIBCMT:utility.obj
 0001:00001134       __scrt_dllmain_uninitialize_c 0000000180002134 f   LIBCMT:utility.obj
 0001:00001164       __scrt_dllmain_uninitialize_critical 0000000180002164 f   LIBCMT:utility.obj
 0001:00001178       __scrt_initialize_crt      0000000180002178 f   LIBCMT:utility.obj
 0001:000011c4       __scrt_initialize_onexit_tables 00000001800021c4 f   LIBCMT:utility.obj
 0001:000012a4       __scrt_is_nonwritable_in_current_image 00000001800022a4 f   LIBCMT:utility.obj
 0001:00001340       __scrt_release_startup_lock 0000000180002340 f   LIBCMT:utility.obj
 0001:00001364       __scrt_uninitialize_crt    0000000180002364 f   LIBCMT:utility.obj
 0001:00001390       __scrt_get_dyn_tls_init_callback 0000000180002390 f   LIBCMT:dyn_tls_init.obj
 0001:00001398       __crt_debugger_hook        0000000180002398 f   LIBCMT:utility_desktop.obj
 0001:000013a0       __scrt_fastfail            00000001800023a0 f   LIBCMT:utility_desktop.obj
 0001:000014ec       _RTC_Initialize            00000001800024ec f   LIBCMT:_initsect_.obj
 0001:00001538       _RTC_Terminate             0000000180002538 f   LIBCMT:_initsect_.obj
 0001:00001584       _guard_check_icall         0000000180002584 f i LIBCMT:checkcfg.obj
 0001:0000158c       __isa_available_init       000000018000258c f   LIBCMT:_cpu_disp_.obj
 0001:00001748       DllMain                    0000000180002748 f   LIBCMT:dll_dllmain_stub.obj
 0001:00001748       _get_startup_argv_mode     0000000180002748 f   LIBCMT:argv_mode.obj
 0001:00001750       __scrt_is_ucrt_dll_in_use  0000000180002750 f   LIBCMT:ucrt_detection.obj
 0001:0000175c       _guard_check_icall_nop     000000018000275c f i LIBCMT:guard_support.obj
 0001:00001760       __C_specific_handler       0000000180002760 f   libvcruntime:_riscchandler_.obj
 0001:0000195c       __std_type_info_destroy_list 000000018000295c f   libvcruntime:std_type_info.obj
 0001:00001988       __vcrt_initialize          0000000180002988 f   libvcruntime:initialization.obj
 0001:000019bc       __vcrt_thread_attach       00000001800029bc f   libvcruntime:initialization.obj
 0001:000019d0       __vcrt_thread_detach       00000001800029d0 f   libvcruntime:initialization.obj
 0001:000019e4       __vcrt_uninitialize        00000001800029e4 f   libvcruntime:initialization.obj
 0001:00001a04       __vcrt_uninitialize_critical 0000000180002a04 f   libvcruntime:initialization.obj
 0001:00001a30       memset                     0000000180002a30 f   libvcruntime:memset.obj
 0001:00001bf0       _local_unwind              0000000180002bf0 f   libvcruntime:_jmpuwind_.obj
 0001:00001c20       _NLG_Notify                0000000180002c20 f   libvcruntime:_jmpuwind_.obj
 0001:00001c40       __NLG_Dispatch2            0000000180002c40 f   libvcruntime:_jmpuwind_.obj
 0001:00001c50       __NLG_Return2              0000000180002c50 f   libvcruntime:_jmpuwind_.obj
 0001:00001c54       __except_validate_context_record 0000000180002c54 f   libvcruntime:jbcxrval.obj
 0001:00001c8c       __vcrt_freefls             0000000180002c8c f   libvcruntime:per_thread_data.obj
 0001:00001cac       __vcrt_freeptd             0000000180002cac f   libvcruntime:per_thread_data.obj
 0001:00001cfc       __vcrt_getptd_noexit       0000000180002cfc f   libvcruntime:per_thread_data.obj
 0001:00001db4       __vcrt_initialize_ptd      0000000180002db4 f   libvcruntime:per_thread_data.obj
 0001:00001df4       __vcrt_uninitialize_ptd    0000000180002df4 f   libvcruntime:per_thread_data.obj
 0001:00001e18       __vcrt_initialize_locks    0000000180002e18 f   libvcruntime:locks.obj
 0001:00001e60       __vcrt_uninitialize_locks  0000000180002e60 f   libvcruntime:locks.obj
 0001:00002070       __vcrt_FlsAlloc            0000000180003070 f   libvcruntime:winapi_downlevel.obj
 0001:000020c4       __vcrt_FlsFree             00000001800030c4 f   libvcruntime:winapi_downlevel.obj
 0001:00002118       __vcrt_FlsGetValue         0000000180003118 f   libvcruntime:winapi_downlevel.obj
 0001:0000216c       __vcrt_FlsSetValue         000000018000316c f   libvcruntime:winapi_downlevel.obj
 0001:000021d4       __vcrt_InitializeCriticalSectionEx 00000001800031d4 f   libvcruntime:winapi_downlevel.obj
 0001:0000224c       __vcrt_initialize_winapi_thunks 000000018000324c f   libvcruntime:winapi_downlevel.obj
 0001:00002290       __vcrt_uninitialize_winapi_thunks 0000000180003290 f   libvcruntime:winapi_downlevel.obj
 0001:000022d0       __vcrt_initialize_pure_virtual_call_handler 00000001800032d0 f   libvcruntime:purevirt_data.obj
 0001:000024c0       ??$ensure_buffer_is_big_enough@D@formatting_buffer@__crt_stdio_output@@QEAA_N_K@Z 00000001800034c0 f i libucrt:output.obj
 0001:00002568       ??$type_case_integer_parse_into_buffer@I@?$output_processor@DV?$string_output_adapter@D@__crt_stdio_output@@V?$standard_base@DV?$string_output_adapter@D@__crt_stdio_output@@@2@@__crt_stdio_output@@AEAAXII_N@Z 0000000180003568 f i libucrt:output.obj
 0001:000025f0       ??$type_case_integer_parse_into_buffer@_K@?$output_processor@DV?$string_output_adapter@D@__crt_stdio_output@@V?$standard_base@DV?$string_output_adapter@D@__crt_stdio_output@@@2@@__crt_stdio_output@@AEAAX_KI_N@Z 00000001800035f0 f i libucrt:output.obj
 0001:00002680       ??$write_multiple_characters@V?$string_output_adapter@D@__crt_stdio_output@@D@__crt_stdio_output@@YAXAEBV?$string_output_adapter@D@0@DHQEAH@Z 0000000180003680 f i libucrt:output.obj
 0001:000026dc       ??0_LocaleUpdate@@QEAA@QEAU__crt_locale_pointers@@@Z 00000001800036dc f i libucrt:output.obj
 0001:0000276c       ?force_decimal_point@__crt_stdio_output@@YAXPEADQEAU__crt_locale_pointers@@@Z 000000018000376c f i libucrt:output.obj
 0001:000027dc       ?parse_int_from_format_string@?$output_processor@DV?$string_output_adapter@D@__crt_stdio_output@@V?$standard_base@DV?$string_output_adapter@D@__crt_stdio_output@@@2@@__crt_stdio_output@@AEAA_NQEAH@Z 00000001800037dc f i libucrt:output.obj
 0001:00002880       ?process@?$output_processor@DV?$string_output_adapter@D@__crt_stdio_output@@V?$standard_base@DV?$string_output_adapter@D@__crt_stdio_output@@@2@@__crt_stdio_output@@QEAAHXZ 0000000180003880 f i libucrt:output.obj
 0001:00002a88       ?state_case_normal@?$output_processor@DV?$string_output_adapter@D@__crt_stdio_output@@V?$standard_base@DV?$string_output_adapter@D@__crt_stdio_output@@@2@@__crt_stdio_output@@AEAA_NXZ 0000000180003a88 f i libucrt:output.obj
 0001:00002afc       ?state_case_normal_tchar@?$output_processor@DV?$string_output_adapter@D@__crt_stdio_output@@V?$standard_base@DV?$string_output_adapter@D@__crt_stdio_output@@@2@@__crt_stdio_output@@AEAA_ND@Z 0000000180003afc f i libucrt:output.obj
 0001:00002b94       ?state_case_size@?$output_processor@DV?$string_output_adapter@D@__crt_stdio_output@@V?$standard_base@DV?$string_output_adapter@D@__crt_stdio_output@@@2@@__crt_stdio_output@@AEAA_NXZ 0000000180003b94 f i libucrt:output.obj
 0001:00002d10       ?state_case_type@?$output_processor@DV?$string_output_adapter@D@__crt_stdio_output@@V?$standard_base@DV?$string_output_adapter@D@__crt_stdio_output@@@2@@__crt_stdio_output@@AEAA_NXZ 0000000180003d10 f i libucrt:output.obj
 0001:00002f84       ?type_case_Z@?$output_processor@DV?$string_output_adapter@D@__crt_stdio_output@@V?$standard_base@DV?$string_output_adapter@D@__crt_stdio_output@@@2@@__crt_stdio_output@@AEAA_NXZ 0000000180003f84 f i libucrt:output.obj
 0001:00003004       ?type_case_a@?$output_processor@DV?$string_output_adapter@D@__crt_stdio_output@@V?$standard_base@DV?$string_output_adapter@D@__crt_stdio_output@@@2@@__crt_stdio_output@@AEAA_NXZ 0000000180004004 f i libucrt:output.obj
 0001:0000321c       ?type_case_c_tchar@?$output_processor@DV?$string_output_adapter@D@__crt_stdio_output@@V?$standard_base@DV?$string_output_adapter@D@__crt_stdio_output@@@2@@__crt_stdio_output@@AEAA_ND@Z 000000018000421c f i libucrt:output.obj
 0001:000032e8       ?type_case_integer@?$output_processor@DV?$string_output_adapter@D@__crt_stdio_output@@V?$standard_base@DV?$string_output_adapter@D@__crt_stdio_output@@@2@@__crt_stdio_output@@AEAA_NI_N@Z 00000001800042e8 f i libucrt:output.obj
 0001:000034ac       ?type_case_n@?$output_processor@DV?$string_output_adapter@D@__crt_stdio_output@@V?$standard_base@DV?$string_output_adapter@D@__crt_stdio_output@@@2@@__crt_stdio_output@@AEAA_NXZ 00000001800044ac f i libucrt:output.obj
 0001:00003588       ?type_case_s@?$output_processor@DV?$string_output_adapter@D@__crt_stdio_output@@V?$standard_base@DV?$string_output_adapter@D@__crt_stdio_output@@@2@@__crt_stdio_output@@AEAA_NXZ 0000000180004588 f i libucrt:output.obj
 0001:00003624       ?write_stored_string_tchar@?$output_processor@DV?$string_output_adapter@D@__crt_stdio_output@@V?$standard_base@DV?$string_output_adapter@D@__crt_stdio_output@@@2@@__crt_stdio_output@@AEAA_ND@Z 0000000180004624 f i libucrt:output.obj
 0001:000036fc       ?write_string@?$string_output_adapter@D@__crt_stdio_output@@QEBAXQEBDHQEAHAEAV__crt_deferred_errno_cache@@@Z 00000001800046fc f i libucrt:output.obj
 0001:000037a0       __stdio_common_vsprintf    00000001800047a0 f   libucrt:output.obj
 0001:000037a8       __ascii_stricmp            00000001800047a8 f   libucrt:stricmp.obj
 0001:000037e8       _stricmp                   00000001800047e8 f   libucrt:stricmp.obj
 0001:00003830       _stricmp_l                 0000000180004830 f   libucrt:stricmp.obj
 0001:000038e4       _initterm                  00000001800048e4 f   libucrt:initterm.obj
 0001:00003948       _initterm_e                0000000180004948 f   libucrt:initterm.obj
 0001:00003988       _seh_filter_dll            0000000180004988 f   libucrt:exception_filter.obj
 0001:0000399c       _seh_filter_exe            000000018000499c f   libucrt:exception_filter.obj
 0001:00003da8       __acrt_initialize_thread_local_exit_callback 0000000180004da8 f   libucrt:exit.obj
 0001:00003db0       _cexit                     0000000180004db0 f   libucrt:exit.obj
 0001:00003dc0       _exit                      0000000180004dc0 f   libucrt:exit.obj
 0001:00003dcc       _is_c_termination_complete 0000000180004dcc f   libucrt:exit.obj
 0001:00003f90       __acrt_allocate_buffer_for_argv 0000000180004f90 f   libucrt:argv_parsing.obj
 0001:00003ff0       _configure_narrow_argv     0000000180004ff0 f   libucrt:argv_parsing.obj
 0001:0000436c       __dcrt_uninitialize_environments_nolock 000000018000536c f   libucrt:environment_initialization.obj
 0001:000043a4       _initialize_narrow_environment 00000001800053a4 f   libucrt:environment_initialization.obj
 0001:00004534       _execute_onexit_table      0000000180005534 f   libucrt:onexit.obj
 0001:00004570       _initialize_onexit_table   0000000180005570 f   libucrt:onexit.obj
 0001:000045e8       __acrt_uninitialize_command_line 00000001800055e8 f   libucrt:argv_data.obj
 0001:000046f4       __acrt_initialize          00000001800056f4 f   libucrt:initialization.obj
 0001:00004708       __acrt_thread_attach       0000000180005708 f   libucrt:initialization.obj
 0001:0000471c       __acrt_thread_detach       000000018000571c f   libucrt:initialization.obj
 0001:0000472c       __acrt_uninitialize        000000018000572c f   libucrt:initialization.obj
 0001:00004764       __acrt_uninitialize_critical 0000000180005764 f   libucrt:initialization.obj
 0001:00004774       terminate                  0000000180005774 f   libucrt:terminate.obj
 0001:00004794       _free_base                 0000000180005794 f   libucrt:free_base.obj
 0001:000047d4       _malloc_base               00000001800057d4 f   libucrt:malloc_base.obj
 0001:00004834       strcpy_s                   0000000180005834 f   libucrt:strcpy_s.obj
 0001:00004894       ??$parse_integer@KV?$c_string_character_source@D@__crt_strtox@@@__crt_strtox@@YAKQEAU__crt_locale_pointers@@V?$c_string_character_source@D@0@H_N@Z 0000000180005894 f i libucrt:atox.obj
 0001:00004bb0       abort                      0000000180005bb0 f   libucrt:abort.obj
 0001:00004c08       _calloc_base               0000000180005c08 f   libucrt:calloc_base.obj
 0001:00004c80       wcsncmp                    0000000180005c80 f   libucrt:wcsncmp.obj
 0001:00004cac       __acrt_call_reportfault    0000000180005cac f   libucrt:invalid_parameter.obj
 0001:00004e08       __acrt_initialize_invalid_parameter_handler 0000000180005e08 f   libucrt:invalid_parameter.obj
 0001:00004e10       _invalid_parameter         0000000180005e10 f   libucrt:invalid_parameter.obj
 0001:00004ec0       _invalid_parameter_noinfo  0000000180005ec0 f   libucrt:invalid_parameter.obj
 0001:00004ee0       _invoke_watson             0000000180005ee0 f   libucrt:invalid_parameter.obj
 0001:00004f28       isdigit                    0000000180005f28 f i libucrt:_ctype.obj
 0001:00004fe0       _tolower_l                 0000000180005fe0 f   libucrt:tolower_toupper.obj
 0001:00005120       tolower                    0000000180006120 f   libucrt:tolower_toupper.obj
 0001:0000514c       __acrt_errno_from_os_error 000000018000614c f   libucrt:errno.obj
 0001:00005194       __acrt_errno_map_os_error  0000000180006194 f   libucrt:errno.obj
 0001:000051e4       __doserrno                 00000001800061e4 f   libucrt:errno.obj
 0001:00005204       _errno                     0000000180006204 f   libucrt:errno.obj
 0001:00005224       strtol                     0000000180006224 f   libucrt:strtox.obj
 0001:00005250       _mbtowc_l                  0000000180006250 f   libucrt:mbtowc.obj
 0001:00005398       mbtowc                     0000000180006398 f   libucrt:mbtowc.obj
 0001:000053a0       _wctomb_s_l                00000001800063a0 f   libucrt:wctomb.obj
 0001:00005524       wctomb_s                   0000000180006524 f   libucrt:wctomb.obj
 0001:00005538       strnlen                    0000000180006538 f   libucrt:strnlen.obj
 0001:0000567c       wcsnlen                    000000018000667c f   libucrt:strnlen.obj
 0001:00005bbc       __acrt_freeptd             0000000180006bbc f   libucrt:per_thread_data.obj
 0001:00005c00       __acrt_getptd              0000000180006c00 f   libucrt:per_thread_data.obj
 0001:00005ccc       __acrt_getptd_head         0000000180006ccc f   libucrt:per_thread_data.obj
 0001:00005d74       __acrt_getptd_noexit       0000000180006d74 f   libucrt:per_thread_data.obj
 0001:00005e44       __acrt_initialize_ptd      0000000180006e44 f   libucrt:per_thread_data.obj
 0001:00005e80       __acrt_uninitialize_ptd    0000000180006e80 f   libucrt:per_thread_data.obj
 0001:00005ea4       __acrt_update_locale_info  0000000180006ea4 f   libucrt:locale_update.obj
 0001:00005ed8       __acrt_update_multibyte_info 0000000180006ed8 f   libucrt:locale_update.obj
 0001:000068c8       __acrt_fp_format           00000001800078c8 f   libucrt:cvt.obj
 0001:00006b50       _fileno                    0000000180007b50 f   libucrt:fileno.obj
 0001:00006b78       __acrt_initialize_stdio    0000000180007b78 f   libucrt:_file.obj
 0001:00006c98       __acrt_uninitialize_stdio  0000000180007c98 f   libucrt:_file.obj
 0001:00006cf4       _lock_file                 0000000180007cf4 f   libucrt:_file.obj
 0001:00006d00       _unlock_file               0000000180007d00 f   libucrt:_file.obj
 0001:00006d0c       _get_printf_count_output   0000000180007d0c f   libucrt:printf_count_output.obj
 0001:00006d94       __acrt_set_locale_changed  0000000180007d94 f   libucrt:wsetlocale.obj
 0001:00006da0       __acrt_uninitialize_locale 0000000180007da0 f   libucrt:wsetlocale.obj
 0001:00006fb8       __acrt_initialize_lowio    0000000180007fb8 f   libucrt:ioinit.obj
 0001:00006ff4       __acrt_uninitialize_lowio  0000000180007ff4 f   libucrt:ioinit.obj
 0001:00007034       __acrt_initialize_locks    0000000180008034 f   libucrt:locks.obj
 0001:0000707c       __acrt_lock                000000018000807c f   libucrt:locks.obj
 0001:00007098       __acrt_uninitialize_locks  0000000180008098 f   libucrt:locks.obj
 0001:000070d0       __acrt_unlock              00000001800080d0 f   libucrt:locks.obj
 0001:000070ec       __acrt_get_process_end_policy 00000001800080ec f   libucrt:win_policies.obj
 0001:0000768c       __acrt_expand_narrow_argv_wildcards 000000018000868c f   libucrt:argv_wildcards.obj
 0001:00007dd4       __acrt_initialize_multibyte 0000000180008dd4 f   libucrt:mbctype.obj
 0001:00007e34       __acrt_update_thread_multibyte_data 0000000180008e34 f   libucrt:mbctype.obj
 0001:00007e50       _setmbcp_nolock            0000000180008e50 f   libucrt:mbctype.obj
 0001:00008188       _ismbblead                 0000000180009188 f   libucrt:ismbbyte.obj
 0001:0000819c       __acrt_initialize_command_line 000000018000919c f   libucrt:argv_data.obj
 0001:000081c4       __dcrt_get_narrow_environment_from_os 00000001800091c4 f   libucrt:get_environment_from_os.obj
 0001:000082c8       _recalloc                  00000001800092c8 f   libucrt:recalloc.obj
 0001:000082d0       _recalloc_base             00000001800092d0 f   libucrt:recalloc.obj
 0001:00008540       __acrt_AppPolicyGetProcessTerminationMethodInternal 0000000180009540 f   libucrt:winapi_thunks.obj
 0001:00008590       __acrt_FlsAlloc            0000000180009590 f   libucrt:winapi_thunks.obj
 0001:000085d8       __acrt_FlsFree             00000001800095d8 f   libucrt:winapi_thunks.obj
 0001:00008620       __acrt_FlsGetValue         0000000180009620 f   libucrt:winapi_thunks.obj
 0001:00008668       __acrt_FlsSetValue         0000000180009668 f   libucrt:winapi_thunks.obj
 0001:000086bc       __acrt_InitializeCriticalSectionEx 00000001800096bc f   libucrt:winapi_thunks.obj
 0001:00008720       __acrt_LCMapStringEx       0000000180009720 f   libucrt:winapi_thunks.obj
 0001:000087fc       __acrt_LocaleNameToLCID    00000001800097fc f   libucrt:winapi_thunks.obj
 0001:0000884c       __acrt_initialize_winapi_thunks 000000018000984c f   libucrt:winapi_thunks.obj
 0001:00008894       __acrt_uninitialize_winapi_thunks 0000000180009894 f   libucrt:winapi_thunks.obj
 0001:000088d8       __acrt_initialize_heap     00000001800098d8 f   libucrt:heap_handle.obj
 0001:000088f4       __acrt_uninitialize_heap   00000001800098f4 f   libucrt:heap_handle.obj
 0001:00008900       __acrt_execute_initializers 0000000180009900 f   libucrt:shared_initialization.obj
 0001:00008980       __acrt_execute_uninitializers 0000000180009980 f   libucrt:shared_initialization.obj
 0001:000089bc       __acrt_initialize_new_handler 00000001800099bc f   libucrt:new_handler.obj
 0001:000089c4       _callnewh                  00000001800099c4 f   libucrt:new_handler.obj
 0001:000089f4       _query_new_handler         00000001800099f4 f   libucrt:new_handler.obj
 0001:00008a70       __acrt_get_sigabrt_handler 0000000180009a70 f   libucrt:signal.obj
 0001:00008aa0       __acrt_initialize_signal_handlers 0000000180009aa0 f   libucrt:signal.obj
 0001:00008ac0       raise                      0000000180009ac0 f   libucrt:signal.obj
 0001:00008d34       __acrt_has_user_matherr    0000000180009d34 f   libucrt:matherr.obj
 0001:00008d54       __acrt_initialize_user_matherr 0000000180009d54 f   libucrt:matherr.obj
 0001:00008d5c       __acrt_invoke_user_matherr 0000000180009d5c f   libucrt:matherr.obj
 0001:00008f70       __acrt_stdio_flush_nolock  0000000180009f70 f   libucrt:fflush.obj
 0001:00008fec       _fflush_nolock             0000000180009fec f   libucrt:fflush.obj
 0001:00009038       _flushall                  000000018000a038 f   libucrt:fflush.obj
 0001:00009040       _query_new_mode            000000018000a040 f   libucrt:new_mode.obj
 0001:00009048       __pctype_func              000000018000a048 f   libucrt:ctype.obj
 0001:00009078       _isctype_l                 000000018000a078 f   libucrt:isctype.obj
 0001:00009188       _isleadbyte_l              000000018000a188 f i libucrt:_wctype.obj
 0001:000094e0       __acrt_LCMapStringA        000000018000a4e0 f   libucrt:lcmapstringa.obj
 0001:00009578       __acrt_MultiByteToWideChar 000000018000a578 f   libucrt:multibytetowidechar.obj
 0001:00009580       __acrt_WideCharToMultiByte 000000018000a580 f   libucrt:widechartomultibyte.obj
 0001:00009588       __acrt_add_locale_ref      000000018000a588 f   libucrt:locale_refcounting.obj
 0001:00009614       __acrt_free_locale         000000018000a614 f   libucrt:locale_refcounting.obj
 0001:0000978c       __acrt_locale_add_lc_time_reference 000000018000a78c f   libucrt:locale_refcounting.obj
 0001:000097b4       __acrt_locale_free_lc_time_if_unreferenced 000000018000a7b4 f   libucrt:locale_refcounting.obj
 0001:000097ec       __acrt_locale_release_lc_time_reference 000000018000a7ec f   libucrt:locale_refcounting.obj
 0001:00009814       __acrt_release_locale_ref  000000018000a814 f   libucrt:locale_refcounting.obj
 0001:000098bc       __acrt_update_thread_locale_data 000000018000a8bc f   libucrt:locale_refcounting.obj
 0001:0000992c       _updatetlocinfoEx_nolock   000000018000a92c f   libucrt:locale_refcounting.obj
 0001:00009994       __acrt_fp_strflt_to_string 000000018000a994 f   libucrt:_fptostr.obj
 0001:00009a60       ?divide@__crt_strtox@@YA_KAEAUbig_integer@1@AEBU21@@Z 000000018000aa60 f i libucrt:cfout.obj
 0001:00009ef4       __acrt_fltout              000000018000aef4 f   libucrt:cfout.obj
 0001:0000b2d0       _fcloseall                 000000018000c2d0 f   libucrt:closeall.obj
 0001:0000b384       __acrt_stdio_free_buffer_nolock 000000018000c384 f   libucrt:_freebuf.obj
 0001:0000b3c4       _isatty                    000000018000c3c4 f   libucrt:isatty.obj
 0001:0000b424       __acrt_locale_free_monetary 000000018000c424 f   libucrt:initmon.obj
 0001:0000b530       __acrt_locale_free_numeric 000000018000c530 f   libucrt:initnum.obj
 0001:0000b5f0       __acrt_locale_free_time    000000018000c5f0 f   libucrt:inittime.obj
 0001:0000b6f8       __acrt_GetStringTypeA      000000018000c6f8 f   libucrt:getstringtypea.obj
 0001:0000b888       __acrt_lowio_create_handle_array 000000018000c888 f   libucrt:osfinfo.obj
 0001:0000b920       __acrt_lowio_destroy_handle_array 000000018000c920 f   libucrt:osfinfo.obj
 0001:0000b970       __acrt_lowio_ensure_fh_exists 000000018000c970 f   libucrt:osfinfo.obj
 0001:0000ba18       __acrt_lowio_lock_fh       000000018000ca18 f   libucrt:osfinfo.obj
 0001:0000ba3c       __acrt_lowio_unlock_fh     000000018000ca3c f   libucrt:osfinfo.obj
 0001:0000ba60       _free_osfhnd               000000018000ca60 f   libucrt:osfinfo.obj
 0001:0000bb1c       _get_osfhandle             000000018000cb1c f   libucrt:osfinfo.obj
 0001:0000bba0       qsort                      000000018000cba0 f   libucrt:qsort.obj
 0001:0000bf50       strncpy_s                  000000018000cf50 f   libucrt:strncpy_s.obj
 0001:0000c0d0       strpbrk                    000000018000d0d0 f   libucrt:strpbrk.obj
 0001:0000c4b0       _mbsdec                    000000018000d4b0 f   libucrt:mbsdec.obj
 0001:0000c4b8       _mbsdec_l                  000000018000d4b8 f   libucrt:mbsdec.obj
 0001:0000c560       _msize                     000000018000d560 f   libucrt:msize.obj
 0001:0000c568       _msize_base                000000018000d568 f   libucrt:msize.obj
 0001:0000c5a4       _realloc_base              000000018000d5a4 f   libucrt:realloc_base.obj
 0001:0000c6ec       __acrt_DownlevelLocaleNameToLCID 000000018000d6ec f   libucrt:lcidtoname_downlevel.obj
 0001:0000c7ac       _commit                    000000018000d7ac f   libucrt:commit.obj
 0001:0000cdf8       _write                     000000018000ddf8 f   libucrt:write.obj
 0001:0000cee4       _write_nolock              000000018000dee4 f   libucrt:write.obj
 0001:0000d228       __strncnt                  000000018000e228 f   libucrt:strncnt.obj
 0001:0000d240       fegetenv                   000000018000e240 f   libucrt:fegetenv.obj
 0001:0000d260       fesetenv                   000000018000e260 f   libucrt:fesetenv.obj
 0001:0000d2b0       feholdexcept               000000018000e2b0 f   libucrt:feholdexcept.obj
 0001:0000d300       ceil                       000000018000e300 f   libucrt:ceil.obj
 0001:0000d3d0       log10                      000000018000e3d0 f   libucrt:log10.obj
 0001:0000da18       _lseeki64_nolock           000000018000ea18 f   libucrt:lseek.obj
 0001:0000da20       _fclose_nolock             000000018000ea20 f   libucrt:fclose.obj
 0001:0000daa4       fclose                     000000018000eaa4 f   libucrt:fclose.obj
 0001:0000db08       _query_app_type            000000018000eb08 f   libucrt:report_runtime_error.obj
 0001:0000db10       _putwch_nolock             000000018000eb10 f   libucrt:putwch.obj
 0001:0000db4c       __acrt_fenv_get_control    000000018000eb4c f   libucrt:_fenvutils.obj
 0001:0000dc4c       __acrt_fenv_get_status     000000018000ec4c f   libucrt:_fenvutils.obj
 0001:0000dca4       __acrt_fenv_set_control    000000018000eca4 f   libucrt:_fenvutils.obj
 0001:0000ddec       __acrt_fenv_set_status     000000018000edec f   libucrt:_fenvutils.obj
 0001:0000de70       _clearfp                   000000018000ee70 f   libucrt:ieee.obj
 0001:0000e004       _handle_error              000000018000f004 f   libucrt:libm_error.obj
 0001:0000e12c       _handle_nan                000000018000f12c f   libucrt:libm_error.obj
 0001:0000e150       __acrt_initialize_fma3     000000018000f150 f   libucrt:fma3_available.obj
 0001:0000e1c0       _log10_special             000000018000f1c0 f   libucrt:log_special.obj
 0001:0000e2ec       _close                     000000018000f2ec f   libucrt:close.obj
 0001:0000e390       _close_nolock              000000018000f390 f   libucrt:close.obj
 0001:0000e44c       ?__acrt_stdio_free_stream@@YAXV__crt_stdio_stream@@@Z 000000018000f44c f   libucrt:stream.obj
 0001:0000e468       __dcrt_lowio_ensure_console_output_initialized 000000018000f468 f   libucrt:initcon.obj
 0001:0000e4bc       __dcrt_terminate_console_output 000000018000f4bc f   libucrt:initcon.obj
 0001:0000e4d8       __dcrt_write_console_w     000000018000f4d8 f   libucrt:initcon.obj
 0001:0000e5b0       _get_fpsr                  000000018000f5b0 f   libucrt:fpsr.obj
 0001:0000e5c0       _set_fpsr                  000000018000f5c0 f   libucrt:fpsr.obj
 0001:0000e5ca       _fclrf                     000000018000f5ca f   libucrt:fpsr.obj
 0001:0000e5de       _frnd                      000000018000f5de f   libucrt:fpsr.obj
 0001:0000e600       _raise_exc                 000000018000f600 f   libucrt:fpexcept.obj
 0001:0000e628       _raise_exc_ex              000000018000f628 f   libucrt:fpexcept.obj
 0001:0000e930       _set_errno_from_matherr    000000018000f930 f   libucrt:fpexcept.obj
 0001:0000e960       _clrfp                     000000018000f960 f   libucrt:fpctrl.obj
 0001:0000e980       _ctrlfp                    000000018000f980 f   libucrt:fpctrl.obj
 0001:0000e9fc       _set_statfp                000000018000f9fc f   libucrt:fpctrl.obj
 0001:0000ea1c       _statfp                    000000018000fa1c f   libucrt:fpctrl.obj
 0001:0000ea2d       IsProcessorFeaturePresent  000000018000fa2d f   kernel32:KERNEL32.dll
 0001:0000ea33       RtlUnwindEx                000000018000fa33 f   kernel32:KERNEL32.dll
 0001:0000ea3c       ?DloadAcquireSectionWriteAccess@@YAXXZ 000000018000fa3c f i DelayImp:delayhlp.obj
 0001:0000eaf8       ?DloadGetSRWLockFunctionPointers@@YAEXZ 000000018000faf8 f i DelayImp:delayhlp.obj
 0001:0000eb94       ?DloadMakePermanentImageCommit@@YAXPEAX_K@Z 000000018000fb94 f i DelayImp:delayhlp.obj
 0001:0000ec28       ?DloadObtainSection@@YAPEAXPEAK0@Z 000000018000fc28 f i DelayImp:delayhlp.obj
 0001:0000ecbc       ?DloadProtectSection@@YAXKPEAK@Z 000000018000fcbc f i DelayImp:delayhlp.obj
 0001:0000ed4c       ?DloadReleaseSectionWriteAccess@@YAXXZ 000000018000fd4c f i DelayImp:delayhlp.obj
 0001:0000edf0       __delayLoadHelper2         000000018000fdf0 f   DelayImp:delayhlp.obj
 0001:0000f0f0       _FindPESection             00000001800100f0 f   LIBCMT:pesect.obj
 0001:0000f140       _IsNonwritableInCurrentImage 0000000180010140 f   LIBCMT:pesect.obj
 0001:0000f190       _ValidateImageBase         0000000180010190 f   LIBCMT:pesect.obj
 0001:0000f1c0       __GSHandlerCheck           00000001800101c0 f   LIBCMT:_gshandler_.obj
 0001:0000f1e0       __GSHandlerCheckCommon     00000001800101e0 f   LIBCMT:_gshandler_.obj
 0001:0000f250       __chkstk                   0000000180010250 f   LIBCMT:_chkstk_.obj
 0001:0000f250       _alloca_probe              0000000180010250 f   LIBCMT:_chkstk_.obj
 0001:0000f2c0       memcpy                     00000001800102c0 f   libvcruntime:memcpy.obj
 0001:0000f2c0       memmove                    00000001800102c0 f   libvcruntime:memcpy.obj
 0001:0000f708       strrchr                    0000000180010708 f   libvcruntime:strrchr.obj
 0001:0000f860       memcmp                     0000000180010860 f   libvcruntime:memcmp.obj
 0001:0000f940       _guard_dispatch_icall_nop  0000000180010940 f   LIBCMT:_guard_dispatch_.obj
 0001:0000f960       __guard_ss_verify_failure  0000000180010960 f   LIBCMT:_rfgfailure_.obj
 0001:0000f96b       __guard_ss_verify_failure_rcx 000000018001096b     LIBCMT:_rfgfailure_.obj
 0001:0000f971       __guard_ss_verify_failure_rdx 0000000180010971     LIBCMT:_rfgfailure_.obj
 0001:0000f977       __guard_ss_verify_failure_r8 0000000180010977     LIBCMT:_rfgfailure_.obj
 0001:0000f97d       __guard_ss_verify_failure_r9 000000018001097d     LIBCMT:_rfgfailure_.obj
 0001:0000f983       __guard_ss_verify_failure_r10 0000000180010983     LIBCMT:_rfgfailure_.obj
 0001:0000f990       __guard_ss_verify_failure_default 0000000180010990 f   LIBCMT:_rfgfailure_.obj
 0001:0000f9f0       __guard_ss_verify_sp       00000001800109f0 f   LIBCMT:_rfgfailure_.obj
 0001:0000fa00       __guard_ss_verify_sp_default 0000000180010a00 f   LIBCMT:_rfgfailure_.obj
 0002:00000000       __imp_GetModuleHandleA     0000000180011000     kernel32:KERNEL32.dll
 0002:00000008       __imp_VirtualQuery         0000000180011008     kernel32:KERNEL32.dll
 0002:00000010       __imp_RtlCaptureContext    0000000180011010     kernel32:KERNEL32.dll
 0002:00000018       __imp_RtlLookupFunctionEntry 0000000180011018     kernel32:KERNEL32.dll
 0002:00000020       __imp_RtlVirtualUnwind     0000000180011020     kernel32:KERNEL32.dll
 0002:00000028       __imp_UnhandledExceptionFilter 0000000180011028     kernel32:KERNEL32.dll
 0002:00000030       __imp_SetUnhandledExceptionFilter 0000000180011030     kernel32:KERNEL32.dll
 0002:00000038       __imp_GetCurrentProcess    0000000180011038     kernel32:KERNEL32.dll
 0002:00000040       __imp_TerminateProcess     0000000180011040     kernel32:KERNEL32.dll
 0002:00000048       __imp_IsProcessorFeaturePresent 0000000180011048     kernel32:KERNEL32.dll
 0002:00000050       __imp_QueryPerformanceCounter 0000000180011050     kernel32:KERNEL32.dll
 0002:00000058       __imp_GetCurrentProcessId  0000000180011058     kernel32:KERNEL32.dll
 0002:00000060       __imp_GetCurrentThreadId   0000000180011060     kernel32:KERNEL32.dll
 0002:00000068       __imp_GetSystemTimeAsFileTime 0000000180011068     kernel32:KERNEL32.dll
 0002:00000070       __imp_InitializeSListHead  0000000180011070     kernel32:KERNEL32.dll
 0002:00000078       __imp_IsDebuggerPresent    0000000180011078     kernel32:KERNEL32.dll
 0002:00000080       __imp_GetStartupInfoW      0000000180011080     kernel32:KERNEL32.dll
 0002:00000088       __imp_GetModuleHandleW     0000000180011088     kernel32:KERNEL32.dll
 0002:00000090       __imp_RtlUnwindEx          0000000180011090     kernel32:KERNEL32.dll
 0002:00000098       __imp_InterlockedFlushSList 0000000180011098     kernel32:KERNEL32.dll
 0002:000000a0       __imp_GetLastError         00000001800110a0     kernel32:KERNEL32.dll
 0002:000000a8       __imp_SetLastError         00000001800110a8     kernel32:KERNEL32.dll
 0002:000000b0       __imp_EnterCriticalSection 00000001800110b0     kernel32:KERNEL32.dll
 0002:000000b8       __imp_LeaveCriticalSection 00000001800110b8     kernel32:KERNEL32.dll
 0002:000000c0       __imp_DeleteCriticalSection 00000001800110c0     kernel32:KERNEL32.dll
 0002:000000c8       __imp_InitializeCriticalSectionAndSpinCount 00000001800110c8     kernel32:KERNEL32.dll
 0002:000000d0       __imp_TlsAlloc             00000001800110d0     kernel32:KERNEL32.dll
 0002:000000d8       __imp_TlsGetValue          00000001800110d8     kernel32:KERNEL32.dll
 0002:000000e0       __imp_TlsSetValue          00000001800110e0     kernel32:KERNEL32.dll
 0002:000000e8       __imp_TlsFree              00000001800110e8     kernel32:KERNEL32.dll
 0002:000000f0       __imp_FreeLibrary          00000001800110f0     kernel32:KERNEL32.dll
 0002:000000f8       __imp_GetProcAddress       00000001800110f8     kernel32:KERNEL32.dll
 0002:00000100       __imp_LoadLibraryExW       0000000180011100     kernel32:KERNEL32.dll
 0002:00000108       __imp_ExitProcess          0000000180011108     kernel32:KERNEL32.dll
 0002:00000110       __imp_GetModuleHandleExW   0000000180011110     kernel32:KERNEL32.dll
 0002:00000118       __imp_GetModuleFileNameA   0000000180011118     kernel32:KERNEL32.dll
 0002:00000120       __imp_MultiByteToWideChar  0000000180011120     kernel32:KERNEL32.dll
 0002:00000128       __imp_WideCharToMultiByte  0000000180011128     kernel32:KERNEL32.dll
 0002:00000130       __imp_HeapFree             0000000180011130     kernel32:KERNEL32.dll
 0002:00000138       __imp_HeapAlloc            0000000180011138     kernel32:KERNEL32.dll
 0002:00000140       __imp_GetACP               0000000180011140     kernel32:KERNEL32.dll
 0002:00000148       __imp_GetStdHandle         0000000180011148     kernel32:KERNEL32.dll
 0002:00000150       __imp_GetFileType          0000000180011150     kernel32:KERNEL32.dll
 0002:00000158       __imp_FindClose            0000000180011158     kernel32:KERNEL32.dll
 0002:00000160       __imp_FindFirstFileExA     0000000180011160     kernel32:KERNEL32.dll
 0002:00000168       __imp_FindNextFileA        0000000180011168     kernel32:KERNEL32.dll
 0002:00000170       __imp_IsValidCodePage      0000000180011170     kernel32:KERNEL32.dll
 0002:00000178       __imp_GetOEMCP             0000000180011178     kernel32:KERNEL32.dll
 0002:00000180       __imp_GetCPInfo            0000000180011180     kernel32:KERNEL32.dll
 0002:00000188       __imp_GetCommandLineA      0000000180011188     kernel32:KERNEL32.dll
 0002:00000190       __imp_GetCommandLineW      0000000180011190     kernel32:KERNEL32.dll
 0002:00000198       __imp_GetEnvironmentStringsW 0000000180011198     kernel32:KERNEL32.dll
 0002:000001a0       __imp_FreeEnvironmentStringsW 00000001800111a0     kernel32:KERNEL32.dll
 0002:000001a8       __imp_LCMapStringW         00000001800111a8     kernel32:KERNEL32.dll
 0002:000001b0       __imp_GetProcessHeap       00000001800111b0     kernel32:KERNEL32.dll
 0002:000001b8       __imp_GetStringTypeW       00000001800111b8     kernel32:KERNEL32.dll
 0002:000001c0       __imp_SetStdHandle         00000001800111c0     kernel32:KERNEL32.dll
 0002:000001c8       __imp_HeapSize             00000001800111c8     kernel32:KERNEL32.dll
 0002:000001d0       __imp_HeapReAlloc          00000001800111d0     kernel32:KERNEL32.dll
 0002:000001d8       __imp_FlushFileBuffers     00000001800111d8     kernel32:KERNEL32.dll
 0002:000001e0       __imp_WriteFile            00000001800111e0     kernel32:KERNEL32.dll
 0002:000001e8       __imp_GetConsoleCP         00000001800111e8     kernel32:KERNEL32.dll
 0002:000001f0       __imp_GetConsoleMode       00000001800111f0     kernel32:KERNEL32.dll
 0002:000001f8       __imp_SetFilePointerEx     00000001800111f8     kernel32:KERNEL32.dll
 0002:00000200       __imp_CloseHandle          0000000180011200     kernel32:KERNEL32.dll
 0002:00000208       __imp_CreateFileW          0000000180011208     kernel32:KERNEL32.dll
 0002:00000210       __imp_WriteConsoleW        0000000180011210     kernel32:KERNEL32.dll
 0002:00000218       __imp_RaiseException       0000000180011218     kernel32:KERNEL32.dll
 0002:00000220       __imp_GetSystemInfo        0000000180011220     kernel32:KERNEL32.dll
 0002:00000228       __imp_VirtualProtect       0000000180011228     kernel32:KERNEL32.dll
 0002:00000230       __imp_LoadLibraryExA       0000000180011230     kernel32:KERNEL32.dll
 0002:00000238       \177KERNEL32_NULL_THUNK_DATA 0000000180011238     kernel32:KERNEL32.dll
 0002:00000240       __guard_check_icall_fptr   0000000180011240     LIBCMT:guard_support.obj
 0002:00000248       __guard_dispatch_icall_fptr 0000000180011248     LIBCMT:guard_support.obj
 0002:00000250       __guard_ss_verify_failure_fptr 0000000180011250     LIBCMT:guard_support.obj
 0002:00000258       __guard_ss_verify_sp_fptr  0000000180011258     LIBCMT:guard_support.obj
 0002:00000260       __xc_a                     0000000180011260     LIBCMT:initializers.obj
 0002:00000268       _register_sha3_C_Addon_    0000000180011268     sha3JS.obj
 0002:00000270       __xc_z                     0000000180011270     LIBCMT:initializers.obj
 0002:00000278       __xi_a                     0000000180011278     LIBCMT:initializers.obj
 0002:00000280       __acrt_stdio_initializer   0000000180011280     libucrt:stdio_initializer.obj
 0002:00000288       __acrt_multibyte_initializer 0000000180011288     libucrt:multibyte_initializer.obj
 0002:00000290       __acrt_tran_fma3_initializer 0000000180011290     libucrt:fma3_initializer.obj
 0002:00000298       __xi_z                     0000000180011298     LIBCMT:initializers.obj
 0002:000002a0       __xp_a                     00000001800112a0     LIBCMT:initializers.obj
 0002:000002a8       __acrt_locale_terminator   00000001800112a8     libucrt:locale_initializer.obj
 0002:000002b0       __dcrt_console_output_terminator 00000001800112b0     libucrt:console_output_initializer.obj
 0002:000002b8       __acrt_stdio_terminator    00000001800112b8     libucrt:stdio_initializer.obj
 0002:000002c0       __xp_z                     00000001800112c0     LIBCMT:initializers.obj
 0002:000002c8       __xt_a                     00000001800112c8     LIBCMT:initializers.obj
 0002:000002d0       __xt_z                     00000001800112d0     LIBCMT:initializers.obj
 0002:000002e0       __sz_node_exe              00000001800112e0     node:node.exe
 0002:000002f0       _pDefaultRawDllMain        00000001800112f0     LIBCMT:dll_dllmain.obj
 0002:000002f0       _pRawDllMain               00000001800112f0     LIBCMT:dll_dllmain.obj
 0002:00000638       ??_C@_08EHJDFFNH@__based?$CI?$AA@ 0000000180011638     libvcruntime:undname.obj
 0002:00000648       ??_C@_07KOLFKCDI@__cdecl?$AA@ 0000000180011648     libvcruntime:undname.obj
 0002:00000650       ??_C@_08GHMPAG@__pascal?$AA@ 0000000180011650     libvcruntime:undname.obj
 0002:00000660       ??_C@_09IFJBGAPI@__stdcall?$AA@ 0000000180011660     libvcruntime:undname.obj
 0002:00000670       ??_C@_0L@NPHFGOKO@__thiscall?$AA@ 0000000180011670     libvcruntime:undname.obj
 0002:00000680       ??_C@_0L@JMKHOMEK@__fastcall?$AA@ 0000000180011680     libvcruntime:undname.obj
 0002:00000690       ??_C@_0N@BCKKPABJ@__vectorcall?$AA@ 0000000180011690     libvcruntime:undname.obj
 0002:000006a0       ??_C@_09HIJEGCPM@__clrcall?$AA@ 00000001800116a0     libvcruntime:undname.obj
 0002:000006ac       ??_C@_06GHPCKEAG@__eabi?$AA@ 00000001800116ac     libvcruntime:undname.obj
 0002:000006b8       ??_C@_07JOMMBBKO@__ptr64?$AA@ 00000001800116b8     libvcruntime:undname.obj
 0002:000006c0       ??_C@_0L@PILCLIHE@__restrict?$AA@ 00000001800116c0     libvcruntime:undname.obj
 0002:000006d0       ??_C@_0M@GFIIJFMG@__unaligned?$AA@ 00000001800116d0     libvcruntime:undname.obj
 0002:000006e0       ??_C@_09DHDLOLLB@restrict?$CI?$AA@ 00000001800116e0     libvcruntime:undname.obj
 0002:000006ea       ??_C@_00CNPNBAHC@?$AA@     00000001800116ea     libvcruntime:undname.obj
 0002:000006ec       ??_C@_04NIHEBCM@?5new?$AA@ 00000001800116ec     libvcruntime:undname.obj
 0002:000006f8       ??_C@_07FPCDHGMM@?5delete?$AA@ 00000001800116f8     libvcruntime:undname.obj
 0002:00000700       ??_C@_01NEMOKFLO@?$DN?$AA@ 0000000180011700     libvcruntime:undname.obj
 0002:00000704       ??_C@_02GPIOPFAK@?$DO?$DO?$AA@ 0000000180011704     libvcruntime:undname.obj
 0002:00000708       ??_C@_02FODMEDOG@?$DM?$DM?$AA@ 0000000180011708     libvcruntime:undname.obj
 0002:0000070c       ??_C@_01DCLJPIOD@?$CB?$AA@ 000000018001170c     libvcruntime:undname.obj
 0002:00000710       ??_C@_02EGOFBIJA@?$DN?$DN?$AA@ 0000000180011710     libvcruntime:undname.obj
 0002:00000714       ??_C@_02FDNJECIE@?$CB?$DN?$AA@ 0000000180011714     libvcruntime:undname.obj
 0002:00000718       ??_C@_02GPECMEKF@?$FL?$FN?$AA@ 0000000180011718     libvcruntime:undname.obj
 0002:00000720       ??_C@_08LHJFAFGD@operator?$AA@ 0000000180011720     libvcruntime:undname.obj
 0002:0000072c       ??_C@_02HBOOOICD@?9?$DO?$AA@ 000000018001172c     libvcruntime:undname.obj
 0002:00000730       ??_C@_01NBENCBCI@?$CK?$AA@ 0000000180011730     libvcruntime:undname.obj
 0002:00000734       ??_C@_02ECNGHCIF@?$CL?$CL?$AA@ 0000000180011734     libvcruntime:undname.obj
 0002:00000738       ??_C@_02BAABKJLB@?9?9?$AA@ 0000000180011738     libvcruntime:undname.obj
 0002:0000073c       ??_C@_01JOAMLHOP@?9?$AA@   000000018001173c     libvcruntime:undname.obj
 0002:00000740       ??_C@_01MIFGBAGJ@?$CL?$AA@ 0000000180011740     libvcruntime:undname.obj
 0002:00000744       ??_C@_01HNPIGOCE@?$CG?$AA@ 0000000180011744     libvcruntime:undname.obj
 0002:00000748       ??_C@_03MNHNFDLC@?9?$DO?$CK?$AA@ 0000000180011748     libvcruntime:undname.obj
 0002:0000074c       ??_C@_01KMDKNFGN@?1?$AA@   000000018001174c     libvcruntime:undname.obj
 0002:00000750       ??_C@_01FGNFDNOH@?$CF?$AA@ 0000000180011750     libvcruntime:undname.obj
 0002:00000754       ??_C@_01MNNFJEPP@?$DM?$AA@ 0000000180011754     libvcruntime:undname.obj
 0002:00000758       ??_C@_02EHCHHCKH@?$DM?$DN?$AA@ 0000000180011758     libvcruntime:undname.obj
 0002:0000075c       ??_C@_01PPODPGHN@?$DO?$AA@ 000000018001175c     libvcruntime:undname.obj
 0002:00000760       ??_C@_02EEKDKGMJ@?$DO?$DN?$AA@ 0000000180011760     libvcruntime:undname.obj
 0002:00000764       ??_C@_01IHBHIGKO@?0?$AA@   0000000180011764     libvcruntime:undname.obj
 0002:00000768       ??_C@_02HCKGKOFO@?$CI?$CJ?$AA@ 0000000180011768     libvcruntime:undname.obj
 0002:0000076c       ??_C@_01PJKLJHI@?$HO?$AA@  000000018001176c     libvcruntime:undname.obj
 0002:00000770       ??_C@_01JKBOJNNK@?$FO?$AA@ 0000000180011770     libvcruntime:undname.obj
 0002:00000774       ??_C@_01DNKMNLPK@?$HM?$AA@ 0000000180011774     libvcruntime:undname.obj
 0002:00000778       ??_C@_02PPKAJPJL@?$CG?$CG?$AA@ 0000000180011778     libvcruntime:undname.obj
 0002:0000077c       ??_C@_02NONPIBCD@?$HM?$HM?$AA@ 000000018001177c     libvcruntime:undname.obj
 0002:00000780       ??_C@_02FPIMKNGF@?$CK?$DN?$AA@ 0000000180011780     libvcruntime:undname.obj
 0002:00000784       ??_C@_02FOEOMHFC@?$CL?$DN?$AA@ 0000000180011784     libvcruntime:undname.obj
 0002:00000788       ??_C@_02FKMDLLOA@?9?$DN?$AA@ 0000000180011788     libvcruntime:undname.obj
 0002:0000078c       ??_C@_02FJEHGPIO@?1?$DN?$AA@ 000000018001178c     libvcruntime:undname.obj
 0002:00000790       ??_C@_02FENAOKFI@?$CF?$DN?$AA@ 0000000180011790     libvcruntime:undname.obj
 0002:00000794       ??_C@_03IKFCCPFF@?$DO?$DO?$DN?$AA@ 0000000180011794     libvcruntime:undname.obj
 0002:00000798       ??_C@_03CDNPDDLA@?$DM?$DM?$DN?$AA@ 0000000180011798     libvcruntime:undname.obj
 0002:0000079c       ??_C@_02FGJGFEAB@?$CG?$DN?$AA@ 000000018001179c     libvcruntime:undname.obj
 0002:000007a0       ??_C@_02DHLNPPGH@?$HM?$DN?$AA@ 00000001800117a0     libvcruntime:undname.obj
 0002:000007a4       ??_C@_02MHEGNOJ@?$FO?$DN?$AA@ 00000001800117a4     libvcruntime:undname.obj
 0002:000007a8       ??_C@_09IFPLHPGF@?$GAvftable?8?$AA@ 00000001800117a8     libvcruntime:undname.obj
 0002:000007b8       ??_C@_09BLBHBJP@?$GAvbtable?8?$AA@ 00000001800117b8     libvcruntime:undname.obj
 0002:000007c8       ??_C@_07FEEIOKP@?$GAvcall?8?$AA@ 00000001800117c8     libvcruntime:undname.obj
 0002:000007d0       ??_C@_08LLFFHHDJ@?$GAtypeof?8?$AA@ 00000001800117d0     libvcruntime:undname.obj
 0002:000007e0       ??_C@_0BF@KDPPACIK@?$GAlocal?5static?5guard?8?$AA@ 00000001800117e0     libvcruntime:undname.obj
 0002:000007f8       ??_C@_08OBABFOLI@?$GAstring?8?$AA@ 00000001800117f8     libvcruntime:undname.obj
 0002:00000808       ??_C@_0BD@JDLKDPAB@?$GAvbase?5destructor?8?$AA@ 0000000180011808     libvcruntime:undname.obj
 0002:00000820       ??_C@_0BN@DEGPLNFK@?$GAvector?5deleting?5destructor?8?$AA@ 0000000180011820     libvcruntime:undname.obj
 0002:00000840       ??_C@_0BO@OBMKPJIG@?$GAdefault?5constructor?5closure?8?$AA@ 0000000180011840     libvcruntime:undname.obj
 0002:00000860       ??_C@_0BN@IMDCHIKM@?$GAscalar?5deleting?5destructor?8?$AA@ 0000000180011860     libvcruntime:undname.obj
 0002:00000880       ??_C@_0BO@PFGOCPJJ@?$GAvector?5constructor?5iterator?8?$AA@ 0000000180011880     libvcruntime:undname.obj
 0002:000008a0       ??_C@_0BN@LFPFMEDL@?$GAvector?5destructor?5iterator?8?$AA@ 00000001800118a0     libvcruntime:undname.obj
 0002:000008c0       ??_C@_0CE@IKBNEHA@?$GAvector?5vbase?5constructor?5iterat@ 00000001800118c0     libvcruntime:undname.obj
 0002:000008e8       ??_C@_0BL@NILFHHPC@?$GAvirtual?5displacement?5map?8?$AA@ 00000001800118e8     libvcruntime:undname.obj
 0002:00000908       ??_C@_0CB@JONCMFFK@?$GAeh?5vector?5constructor?5iterator?8@ 0000000180011908     libvcruntime:undname.obj
 0002:00000930       ??_C@_0CA@GCEOPDGL@?$GAeh?5vector?5destructor?5iterator?8?$AA@ 0000000180011930     libvcruntime:undname.obj
 0002:00000950       ??_C@_0CH@OOJPLCPH@?$GAeh?5vector?5vbase?5constructor?5ite@ 0000000180011950     libvcruntime:undname.obj
 0002:00000978       ??_C@_0BL@LLKPOHJI@?$GAcopy?5constructor?5closure?8?$AA@ 0000000180011978     libvcruntime:undname.obj
 0002:00000998       ??_C@_0BA@KBCDOMBN@?$GAudt?5returning?8?$AA@ 0000000180011998     libvcruntime:undname.obj
 0002:000009a8       ??_C@_03KLGMFNMG@?$GAEH?$AA@ 00000001800119a8     libvcruntime:undname.obj
 0002:000009ac       ??_C@_05KHLCHHI@?$GARTTI?$AA@ 00000001800119ac     libvcruntime:undname.obj
 0002:000009b8       ??_C@_0BA@KKLDJDLB@?$GAlocal?5vftable?8?$AA@ 00000001800119b8     libvcruntime:undname.obj
 0002:000009c8       ??_C@_0CE@IIHCMGGL@?$GAlocal?5vftable?5constructor?5closu@ 00000001800119c8     libvcruntime:undname.obj
 0002:000009ec       ??_C@_06FHBGPFGH@?5new?$FL?$FN?$AA@ 00000001800119ec     libvcruntime:undname.obj
 0002:000009f8       ??_C@_09LBNFPBCA@?5delete?$FL?$FN?$AA@ 00000001800119f8     libvcruntime:undname.obj
 0002:00000a08       ??_C@_0P@HJKNJFNN@?$GAomni?5callsig?8?$AA@ 0000000180011a08     libvcruntime:undname.obj
 0002:00000a18       ??_C@_0BL@CNOONJFP@?$GAplacement?5delete?5closure?8?$AA@ 0000000180011a18     libvcruntime:undname.obj
 0002:00000a38       ??_C@_0BN@CKNJLHMB@?$GAplacement?5delete?$FL?$FN?5closure?8?$AA@ 0000000180011a38     libvcruntime:undname.obj
 0002:00000a58       ??_C@_0CG@CFDHKGGD@?$GAmanaged?5vector?5constructor?5iter@ 0000000180011a58     libvcruntime:undname.obj
 0002:00000a80       ??_C@_0CF@IMGKMJNO@?$GAmanaged?5vector?5destructor?5itera@ 0000000180011a80     libvcruntime:undname.obj
 0002:00000aa8       ??_C@_0CG@HLDDJMAG@?$GAeh?5vector?5copy?5constructor?5iter@ 0000000180011aa8     libvcruntime:undname.obj
 0002:00000ad0       ??_C@_0CM@FCBBDIGB@?$GAeh?5vector?5vbase?5copy?5constructo@ 0000000180011ad0     libvcruntime:undname.obj
 0002:00000b00       ??_C@_0BL@CLIPGLGB@?$GAdynamic?5initializer?5for?5?8?$AA@ 0000000180011b00     libvcruntime:undname.obj
 0002:00000b20       ??_C@_0CB@PDBIFEP@?$GAdynamic?5atexit?5destructor?5for?5?8@ 0000000180011b20     libvcruntime:undname.obj
 0002:00000b48       ??_C@_0CD@CGAJBKEJ@?$GAvector?5copy?5constructor?5iterato@ 0000000180011b48     libvcruntime:undname.obj
 0002:00000b70       ??_C@_0CJ@GJELGAMM@?$GAvector?5vbase?5copy?5constructor?5i@ 0000000180011b70     libvcruntime:undname.obj
 0002:00000ba0       ??_C@_0CL@FGIJHLCE@?$GAmanaged?5vector?5copy?5constructor@ 0000000180011ba0     libvcruntime:undname.obj
 0002:00000bd0       ??_C@_0BM@PMGGMLDN@?$GAlocal?5static?5thread?5guard?8?$AA@ 0000000180011bd0     libvcruntime:undname.obj
 0002:00000bf0       ??_C@_0N@BDNMDMOL@operator?5?$CC?$CC?5?$AA@ 0000000180011bf0     libvcruntime:undname.obj
 0002:00000c00       ??_C@_0BC@GGEBGALA@operator?5co_await?$AA@ 0000000180011c00     libvcruntime:undname.obj
 0002:00000c18       ??_C@_0BC@DAFEJGAK@?5Type?5Descriptor?8?$AA@ 0000000180011c18     libvcruntime:undname.obj
 0002:00000c30       ??_C@_0BM@LDKODKLH@?5Base?5Class?5Descriptor?5at?5?$CI?$AA@ 0000000180011c30     libvcruntime:undname.obj
 0002:00000c50       ??_C@_0BD@LGICGFMM@?5Base?5Class?5Array?8?$AA@ 0000000180011c50     libvcruntime:undname.obj
 0002:00000c68       ??_C@_0BN@MECKDCOJ@?5Class?5Hierarchy?5Descriptor?8?$AA@ 0000000180011c68     libvcruntime:undname.obj
 0002:00000c88       ??_C@_0BK@CFCOFLF@?5Complete?5Object?5Locator?8?$AA@ 0000000180011c88     libvcruntime:undname.obj
 0002:00000cc0       ??_C@_1DM@KHCHBNEB@?$AAa?$AAp?$AAi?$AA?9?$AAm?$AAs?$AA?9?$AAw?$AAi?$AAn?$AA?9?$AAc?$AAo?$AAr?$AAe?$AA?9?$AAf?$AAi?$AAb?$AAe?$AAr?$AAs?$AA?9?$AAl?$AA1?$AA?9?$AA1?$AA?9?$AA1?$AA?$AA@ 0000000180011cc0     libvcruntime:winapi_downlevel.obj
 0002:00000d00       ??_C@_1DK@LPPGFMPP@?$AAa?$AAp?$AAi?$AA?9?$AAm?$AAs?$AA?9?$AAw?$AAi?$AAn?$AA?9?$AAc?$AAo?$AAr?$AAe?$AA?9?$AAs?$AAy?$AAn?$AAc?$AAh?$AA?9?$AAl?$AA1?$AA?9?$AA2?$AA?9?$AA0?$AA?$AA@ 0000000180011d00     libvcruntime:winapi_downlevel.obj
 0002:00000d40       ??_C@_1BC@GDMECMAK@?$AAk?$AAe?$AAr?$AAn?$AAe?$AAl?$AA3?$AA2?$AA?$AA@ 0000000180011d40     libvcruntime:winapi_downlevel.obj
 0002:00000d58       ??_C@_1BA@PFFKHIOG@?$AAa?$AAp?$AAi?$AA?9?$AAm?$AAs?$AA?9?$AA?$AA@ 0000000180011d58     libvcruntime:winapi_downlevel.obj
 0002:00000d68       ??_C@_1BA@IAIFMGEF@?$AAe?$AAx?$AAt?$AA?9?$AAm?$AAs?$AA?9?$AA?$AA@ 0000000180011d68     libvcruntime:winapi_downlevel.obj
 0002:00000d80       ??_C@_08KNHFBNJ@FlsAlloc?$AA@ 0000000180011d80     libvcruntime:winapi_downlevel.obj
 0002:00000d98       ??_C@_07PEJMOBNF@FlsFree?$AA@ 0000000180011d98     libvcruntime:winapi_downlevel.obj
 0002:00000da8       ??_C@_0M@GDNOONDI@FlsGetValue?$AA@ 0000000180011da8     libvcruntime:winapi_downlevel.obj
 0002:00000dc0       ??_C@_0M@JCPCPOEF@FlsSetValue?$AA@ 0000000180011dc0     libvcruntime:winapi_downlevel.obj
 0002:00000dd8       ??_C@_0BM@HCFOFFN@InitializeCriticalSectionEx?$AA@ 0000000180011dd8     libvcruntime:winapi_downlevel.obj
 0002:00000e00       standard_lookup_table      0000000180011e00     libucrt:output.obj
 0002:00000e60       ??_C@_1O@CEDCILHN@?$AA?$CI?$AAn?$AAu?$AAl?$AAl?$AA?$CJ?$AA?$AA@ 0000000180011e60     libucrt:output.obj
 0002:00000e70       ??_C@_06OJHGLDPL@?$CInull?$CJ?$AA@ 0000000180011e70     libucrt:output.obj
 0002:00000e80       __acrt_exception_action_table 0000000180011e80     libucrt:exception_filter.obj
 0002:00000f40       __acrt_signal_action_table_count 0000000180011f40     libucrt:exception_filter.obj
 0002:00000f48       __acrt_signal_action_first_fpe_index 0000000180011f48     libucrt:exception_filter.obj
 0002:00000f50       __acrt_signal_action_fpe_count 0000000180011f50     libucrt:exception_filter.obj
 0002:00000f58       ??_C@_1BI@BGOHAHKC@?$AAm?$AAs?$AAc?$AAo?$AAr?$AAe?$AAe?$AA?4?$AAd?$AAl?$AAl?$AA?$AA@ 0000000180011f58     libucrt:exit.obj
 0002:00000f70       ??_C@_0P@MIGLKIOC@CorExitProcess?$AA@ 0000000180011f70     libucrt:exit.obj
 0002:000011e0       ??_C@_03OEIAHPBN@INF?$AA@  00000001800121e0     libucrt:cvt.obj
 0002:000011e4       ??_C@_03OJHLLCGB@inf?$AA@  00000001800121e4     libucrt:cvt.obj
 0002:000011e8       ??_C@_03LKNCIKJB@NAN?$AA@  00000001800121e8     libucrt:cvt.obj
 0002:000011ec       ??_C@_03LHCJEHON@nan?$AA@  00000001800121ec     libucrt:cvt.obj
 0002:000011f0       ??_C@_09OFJJIMPC@NAN?$CISNAN?$CJ?$AA@ 00000001800121f0     libucrt:cvt.obj
 0002:00001200       ??_C@_09IPFBKMDL@nan?$CIsnan?$CJ?$AA@ 0000000180012200     libucrt:cvt.obj
 0002:00001210       ??_C@_08IKHNHAJ@NAN?$CIIND?$CJ?$AA@ 0000000180012210     libucrt:cvt.obj
 0002:00001220       ??_C@_08OFCDMILK@nan?$CIind?$CJ?$AA@ 0000000180012220     libucrt:cvt.obj
 0002:0000122c       ??_C@_05KLBDPFGC@e?$CL000?$AA@ 000000018001222c     libucrt:cvt.obj
 0002:00001240       __lc_time_c                0000000180012240     libucrt:nlsdata.obj
 0002:00001500       ??_C@_03KOEHGMDN@Sun?$AA@  0000000180012500     libucrt:nlsdata.obj
 0002:00001504       ??_C@_03PDAGKDH@Mon?$AA@   0000000180012504     libucrt:nlsdata.obj
 0002:00001508       ??_C@_03NAGEINEP@Tue?$AA@  0000000180012508     libucrt:nlsdata.obj
 0002:0000150c       ??_C@_03MHOMLAJA@Wed?$AA@  000000018001250c     libucrt:nlsdata.obj
 0002:00001510       ??_C@_03IOFIKPDN@Thu?$AA@  0000000180012510     libucrt:nlsdata.obj
 0002:00001514       ??_C@_03IDIOELNC@Fri?$AA@  0000000180012514     libucrt:nlsdata.obj
 0002:00001518       ??_C@_03FEFJNEK@Sat?$AA@   0000000180012518     libucrt:nlsdata.obj
 0002:0000151c       ??_C@_06OOPIFAJ@Sunday?$AA@ 000000018001251c     libucrt:nlsdata.obj
 0002:00001524       ??_C@_06JLEDEDGH@Monday?$AA@ 0000000180012524     libucrt:nlsdata.obj
 0002:00001530       ??_C@_07BAAGCFCM@Tuesday?$AA@ 0000000180012530     libucrt:nlsdata.obj
 0002:00001538       ??_C@_09DLIGFAKA@Wednesday?$AA@ 0000000180012538     libucrt:nlsdata.obj
 0002:00001548       ??_C@_08HACCIKIA@Thursday?$AA@ 0000000180012548     libucrt:nlsdata.obj
 0002:00001554       ??_C@_06JECMNKMI@Friday?$AA@ 0000000180012554     libucrt:nlsdata.obj
 0002:00001560       ??_C@_08INBOOONO@Saturday?$AA@ 0000000180012560     libucrt:nlsdata.obj
 0002:0000156c       ??_C@_03JIHJHPIE@Jan?$AA@  000000018001256c     libucrt:nlsdata.obj
 0002:00001570       ??_C@_03HJBDCHOM@Feb?$AA@  0000000180012570     libucrt:nlsdata.obj
 0002:00001574       ??_C@_03ODNJBKGA@Mar?$AA@  0000000180012574     libucrt:nlsdata.obj
 0002:00001578       ??_C@_03LEOLGMJP@Apr?$AA@  0000000180012578     libucrt:nlsdata.obj
 0002:0000157c       ??_C@_03CNMDKL@May?$AA@    000000018001257c     libucrt:nlsdata.obj
 0002:00001580       ??_C@_03IDFGHECI@Jun?$AA@  0000000180012580     libucrt:nlsdata.obj
 0002:00001584       ??_C@_03LBGABGKK@Jul?$AA@  0000000180012584     libucrt:nlsdata.obj
 0002:00001588       ??_C@_03IFJFEIGA@Aug?$AA@  0000000180012588     libucrt:nlsdata.obj
 0002:0000158c       ??_C@_03GGCAPAJC@Sep?$AA@  000000018001258c     libucrt:nlsdata.obj
 0002:00001590       ??_C@_03BMAOKBAD@Oct?$AA@  0000000180012590     libucrt:nlsdata.obj
 0002:00001594       ??_C@_03JPJOFNIA@Nov?$AA@  0000000180012594     libucrt:nlsdata.obj
 0002:00001598       ??_C@_03MKABNOCG@Dec?$AA@  0000000180012598     libucrt:nlsdata.obj
 0002:000015a0       ??_C@_07CGJPFGJA@January?$AA@ 00000001800125a0     libucrt:nlsdata.obj
 0002:000015a8       ??_C@_08GNJGEPFN@February?$AA@ 00000001800125a8     libucrt:nlsdata.obj
 0002:000015b4       ??_C@_05HPCKOFNC@March?$AA@ 00000001800125b4     libucrt:nlsdata.obj
 0002:000015bc       ??_C@_05DMJDNLEJ@April?$AA@ 00000001800125bc     libucrt:nlsdata.obj
 0002:000015c4       ??_C@_04CNLMGBGM@June?$AA@ 00000001800125c4     libucrt:nlsdata.obj
 0002:000015cc       ??_C@_04MIEPOIFP@July?$AA@ 00000001800125cc     libucrt:nlsdata.obj
 0002:000015d4       ??_C@_06LBBHFDDG@August?$AA@ 00000001800125d4     libucrt:nlsdata.obj
 0002:000015e0       ??_C@_09BHHEALKD@September?$AA@ 00000001800125e0     libucrt:nlsdata.obj
 0002:000015f0       ??_C@_07JJNFCEND@October?$AA@ 00000001800125f0     libucrt:nlsdata.obj
 0002:000015f8       ??_C@_08HCHEGEOA@November?$AA@ 00000001800125f8     libucrt:nlsdata.obj
 0002:00001608       ??_C@_08EDHMEBNP@December?$AA@ 0000000180012608     libucrt:nlsdata.obj
 0002:00001614       ??_C@_02DEDBPAFC@AM?$AA@   0000000180012614     libucrt:nlsdata.obj
 0002:00001618       ??_C@_02CJNFDJBF@PM?$AA@   0000000180012618     libucrt:nlsdata.obj
 0002:00001620       ??_C@_08BPBNCDIB@MM?1dd?1yy?$AA@ 0000000180012620     libucrt:nlsdata.obj
 0002:00001630       ??_C@_0BE@CKGJFCPC@dddd?0?5MMMM?5dd?0?5yyyy?$AA@ 0000000180012630     libucrt:nlsdata.obj
 0002:00001648       ??_C@_08JCCMCCIL@HH?3mm?3ss?$AA@ 0000000180012648     libucrt:nlsdata.obj
 0002:00001658       ??_C@_17MBGCMIPB@?$AAS?$AAu?$AAn?$AA?$AA@ 0000000180012658     libucrt:nlsdata.obj
 0002:00001660       ??_C@_17KBOMKBF@?$AAM?$AAo?$AAn?$AA?$AA@ 0000000180012660     libucrt:nlsdata.obj
 0002:00001668       ??_C@_17BMKGEGOJ@?$AAT?$AAu?$AAe?$AA?$AA@ 0000000180012668     libucrt:nlsdata.obj
 0002:00001670       ??_C@_17CJEDCEPE@?$AAW?$AAe?$AAd?$AA?$AA@ 0000000180012670     libucrt:nlsdata.obj
 0002:00001678       ??_C@_17PDPHAADD@?$AAT?$AAh?$AAu?$AA?$AA@ 0000000180012678     libucrt:nlsdata.obj
 0002:00001680       ??_C@_17HFOLPPLP@?$AAF?$AAr?$AAi?$AA?$AA@ 0000000180012680     libucrt:nlsdata.obj
 0002:00001688       ??_C@_17GGIBDPIH@?$AAS?$AAa?$AAt?$AA?$AA@ 0000000180012688     libucrt:nlsdata.obj
 0002:00001690       ??_C@_1O@IHNHDHPB@?$AAS?$AAu?$AAn?$AAd?$AAa?$AAy?$AA?$AA@ 0000000180012690     libucrt:nlsdata.obj
 0002:000016a0       ??_C@_1O@MMNBFLIA@?$AAM?$AAo?$AAn?$AAd?$AAa?$AAy?$AA?$AA@ 00000001800126a0     libucrt:nlsdata.obj
 0002:000016b0       ??_C@_1BA@ENFBFFEK@?$AAT?$AAu?$AAe?$AAs?$AAd?$AAa?$AAy?$AA?$AA@ 00000001800126b0     libucrt:nlsdata.obj
 0002:000016c0       ??_C@_1BE@EBOGMDOH@?$AAW?$AAe?$AAd?$AAn?$AAe?$AAs?$AAd?$AAa?$AAy?$AA?$AA@ 00000001800126c0     libucrt:nlsdata.obj
 0002:000016d8       ??_C@_1BC@HHMNLIHE@?$AAT?$AAh?$AAu?$AAr?$AAs?$AAd?$AAa?$AAy?$AA?$AA@ 00000001800126d8     libucrt:nlsdata.obj
 0002:000016f0       ??_C@_1O@PDICJHAG@?$AAF?$AAr?$AAi?$AAd?$AAa?$AAy?$AA?$AA@ 00000001800126f0     libucrt:nlsdata.obj
 0002:00001700       ??_C@_1BC@ENMNNPAJ@?$AAS?$AAa?$AAt?$AAu?$AAr?$AAd?$AAa?$AAy?$AA?$AA@ 0000000180012700     libucrt:nlsdata.obj
 0002:00001718       ??_C@_17DKNBKCHM@?$AAJ?$AAa?$AAn?$AA?$AA@ 0000000180012718     libucrt:nlsdata.obj
 0002:00001720       ??_C@_17LMDJEKJN@?$AAF?$AAe?$AAb?$AA?$AA@ 0000000180012720     libucrt:nlsdata.obj
 0002:00001728       ??_C@_17CKNLEDEC@?$AAM?$AAa?$AAr?$AA?$AA@ 0000000180012728     libucrt:nlsdata.obj
 0002:00001730       ??_C@_17LFPOIHDD@?$AAA?$AAp?$AAr?$AA?$AA@ 0000000180012730     libucrt:nlsdata.obj
 0002:00001738       ??_C@_17PNNKMEED@?$AAM?$AAa?$AAy?$AA?$AA@ 0000000180012738     libucrt:nlsdata.obj
 0002:00001740       ??_C@_17KCJGOCPB@?$AAJ?$AAu?$AAn?$AA?$AA@ 0000000180012740     libucrt:nlsdata.obj
 0002:00001748       ??_C@_17IJPCKHK@?$AAJ?$AAu?$AAl?$AA?$AA@ 0000000180012748     libucrt:nlsdata.obj
 0002:00001750       ??_C@_17ICPELBCN@?$AAA?$AAu?$AAg?$AA?$AA@ 0000000180012750     libucrt:nlsdata.obj
 0002:00001758       ??_C@_17HCHCOKMG@?$AAS?$AAe?$AAp?$AA?$AA@ 0000000180012758     libucrt:nlsdata.obj
 0002:00001760       ??_C@_17FNLKOI@?$AAO?$AAc?$AAt?$AA?$AA@ 0000000180012760     libucrt:nlsdata.obj
 0002:00001768       ??_C@_17BBDMLCIG@?$AAN?$AAo?$AAv?$AA?$AA@ 0000000180012768     libucrt:nlsdata.obj
 0002:00001770       ??_C@_17EGKACKIF@?$AAD?$AAe?$AAc?$AA?$AA@ 0000000180012770     libucrt:nlsdata.obj
 0002:00001778       ??_C@_1BA@EFMEIEBA@?$AAJ?$AAa?$AAn?$AAu?$AAa?$AAr?$AAy?$AA?$AA@ 0000000180012778     libucrt:nlsdata.obj
 0002:00001788       ??_C@_1BC@JGDDFFAM@?$AAF?$AAe?$AAb?$AAr?$AAu?$AAa?$AAr?$AAy?$AA?$AA@ 0000000180012788     libucrt:nlsdata.obj
 0002:000017a0       ??_C@_1M@IKEENEDF@?$AAM?$AAa?$AAr?$AAc?$AAh?$AA?$AA@ 00000001800127a0     libucrt:nlsdata.obj
 0002:000017b0       ??_C@_1M@GJNLMHFD@?$AAA?$AAp?$AAr?$AAi?$AAl?$AA?$AA@ 00000001800127b0     libucrt:nlsdata.obj
 0002:000017c0       ??_C@_19EPFLPGAP@?$AAJ?$AAu?$AAn?$AAe?$AA?$AA@ 00000001800127c0     libucrt:nlsdata.obj
 0002:000017d0       ??_C@_19BIFMLPCD@?$AAJ?$AAu?$AAl?$AAy?$AA?$AA@ 00000001800127d0     libucrt:nlsdata.obj
 0002:000017e0       ??_C@_1O@PAHLKOAC@?$AAA?$AAu?$AAg?$AAu?$AAs?$AAt?$AA?$AA@ 00000001800127e0     libucrt:nlsdata.obj
 0002:000017f0       ??_C@_1BE@DKAAMBJL@?$AAS?$AAe?$AAp?$AAt?$AAe?$AAm?$AAb?$AAe?$AAr?$AA?$AA@ 00000001800127f0     libucrt:nlsdata.obj
 0002:00001808       ??_C@_1BA@EPANDLNG@?$AAO?$AAc?$AAt?$AAo?$AAb?$AAe?$AAr?$AA?$AA@ 0000000180012808     libucrt:nlsdata.obj
 0002:00001818       ??_C@_1BC@BGLIFPF@?$AAN?$AAo?$AAv?$AAe?$AAm?$AAb?$AAe?$AAr?$AA?$AA@ 0000000180012818     libucrt:nlsdata.obj
 0002:00001830       ??_C@_1BC@FEMKIFH@?$AAD?$AAe?$AAc?$AAe?$AAm?$AAb?$AAe?$AAr?$AA?$AA@ 0000000180012830     libucrt:nlsdata.obj
 0002:00001844       ??_C@_15ODEHAHHF@?$AAA?$AAM?$AA?$AA@ 0000000180012844     libucrt:nlsdata.obj
 0002:0000184c       ??_C@_15CLMNNGEL@?$AAP?$AAM?$AA?$AA@ 000000018001284c     libucrt:nlsdata.obj
 0002:00001858       ??_C@_1BC@IEBCMHCM@?$AAM?$AAM?$AA?1?$AAd?$AAd?$AA?1?$AAy?$AAy?$AA?$AA@ 0000000180012858     libucrt:nlsdata.obj
 0002:00001870       ??_C@_1CI@KNAKOEBC@?$AAd?$AAd?$AAd?$AAd?$AA?0?$AA?5?$AAM?$AAM?$AAM?$AAM?$AA?5?$AAd?$AAd?$AA?0?$AA?5?$AAy?$AAy?$AAy?$AAy?$AA?$AA@ 0000000180012870     libucrt:nlsdata.obj
 0002:00001898       ??_C@_1BC@GDGBMEMK@?$AAH?$AAH?$AA?3?$AAm?$AAm?$AA?3?$AAs?$AAs?$AA?$AA@ 0000000180012898     libucrt:nlsdata.obj
 0002:000018b0       ??_C@_1M@BMHNFIME@?$AAe?$AAn?$AA?9?$AAU?$AAS?$AA?$AA@ 00000001800128b0     libucrt:nlsdata.obj
 0002:000018e0       ??_C@_1M@HPNHIDJI@?$AAj?$AAa?$AA?9?$AAJ?$AAP?$AA?$AA@ 00000001800128e0     libucrt:mbctype.obj
 0002:000018f0       ??_C@_1M@BIBDDEMK@?$AAz?$AAh?$AA?9?$AAC?$AAN?$AA?$AA@ 00000001800128f0     libucrt:mbctype.obj
 0002:00001900       ??_C@_1M@JLOOOEGK@?$AAk?$AAo?$AA?9?$AAK?$AAR?$AA?$AA@ 0000000180012900     libucrt:mbctype.obj
 0002:00001910       ??_C@_1M@CLNBBOPM@?$AAz?$AAh?$AA?9?$AAT?$AAW?$AA?$AA@ 0000000180012910     libucrt:mbctype.obj
 0002:000019c0       ??_C@_1EA@JGEFHKEI@?$AAa?$AAp?$AAi?$AA?9?$AAm?$AAs?$AA?9?$AAw?$AAi?$AAn?$AA?9?$AAc?$AAo?$AAr?$AAe?$AA?9?$AAd?$AAa?$AAt?$AAe?$AAt?$AAi?$AAm?$AAe?$AA?9?$AAl?$AA1?$AA?9?$AA1?$AA?9?$AA1?$AA?$AA@ 00000001800129c0     libucrt:winapi_thunks.obj
 0002:00001a00       ??_C@_1DI@IJCEHOCB@?$AAa?$AAp?$AAi?$AA?9?$AAm?$AAs?$AA?9?$AAw?$AAi?$AAn?$AA?9?$AAc?$AAo?$AAr?$AAe?$AA?9?$AAf?$AAi?$AAl?$AAe?$AA?9?$AAl?$AA1?$AA?9?$AA2?$AA?9?$AA2?$AA?$AA@ 0000000180012a00     libucrt:winapi_thunks.obj
 0002:00001a40       ??_C@_1EI@MPIAOHOC@?$AAa?$AAp?$AAi?$AA?9?$AAm?$AAs?$AA?9?$AAw?$AAi?$AAn?$AA?9?$AAc?$AAo?$AAr?$AAe?$AA?9?$AAl?$AAo?$AAc?$AAa?$AAl?$AAi?$AAz?$AAa?$AAt?$AAi?$AAo?$AAn?$AA?9?$AAl?$AA1?$AA?9@ 0000000180012a40     libucrt:winapi_thunks.obj
 0002:00001a90       ??_C@_1FK@FPHCKFIE@?$AAa?$AAp?$AAi?$AA?9?$AAm?$AAs?$AA?9?$AAw?$AAi?$AAn?$AA?9?$AAc?$AAo?$AAr?$AAe?$AA?9?$AAl?$AAo?$AAc?$AAa?$AAl?$AAi?$AAz?$AAa?$AAt?$AAi?$AAo?$AAn?$AA?9?$AAo?$AAb?$AAs@ 0000000180012a90     libucrt:winapi_thunks.obj
 0002:00001af0       ??_C@_1EM@DILCGIIO@?$AAa?$AAp?$AAi?$AA?9?$AAm?$AAs?$AA?9?$AAw?$AAi?$AAn?$AA?9?$AAc?$AAo?$AAr?$AAe?$AA?9?$AAp?$AAr?$AAo?$AAc?$AAe?$AAs?$AAs?$AAt?$AAh?$AAr?$AAe?$AAa?$AAd?$AAs?$AA?9?$AAl@ 0000000180012af0     libucrt:winapi_thunks.obj
 0002:00001b40       ??_C@_1DM@LNCGDDPN@?$AAa?$AAp?$AAi?$AA?9?$AAm?$AAs?$AA?9?$AAw?$AAi?$AAn?$AA?9?$AAc?$AAo?$AAr?$AAe?$AA?9?$AAs?$AAt?$AAr?$AAi?$AAn?$AAg?$AA?9?$AAl?$AA1?$AA?9?$AA1?$AA?9?$AA0?$AA?$AA@ 0000000180012b40     libucrt:winapi_thunks.obj
 0002:00001b80       ??_C@_1DO@FPAPJEMD@?$AAa?$AAp?$AAi?$AA?9?$AAm?$AAs?$AA?9?$AAw?$AAi?$AAn?$AA?9?$AAc?$AAo?$AAr?$AAe?$AA?9?$AAs?$AAy?$AAs?$AAi?$AAn?$AAf?$AAo?$AA?9?$AAl?$AA1?$AA?9?$AA2?$AA?9?$AA1?$AA?$AA@ 0000000180012b80     libucrt:winapi_thunks.obj
 0002:00001bc0       ??_C@_1DK@NDHNAHIO@?$AAa?$AAp?$AAi?$AA?9?$AAm?$AAs?$AA?9?$AAw?$AAi?$AAn?$AA?9?$AAc?$AAo?$AAr?$AAe?$AA?9?$AAw?$AAi?$AAn?$AAr?$AAt?$AA?9?$AAl?$AA1?$AA?9?$AA1?$AA?9?$AA0?$AA?$AA@ 0000000180012bc0     libucrt:winapi_thunks.obj
 0002:00001c00       ??_C@_1DM@KGHDGBCM@?$AAa?$AAp?$AAi?$AA?9?$AAm?$AAs?$AA?9?$AAw?$AAi?$AAn?$AA?9?$AAc?$AAo?$AAr?$AAe?$AA?9?$AAx?$AAs?$AAt?$AAa?$AAt?$AAe?$AA?9?$AAl?$AA2?$AA?9?$AA1?$AA?9?$AA0?$AA?$AA@ 0000000180012c00     libucrt:winapi_thunks.obj
 0002:00001c40       ??_C@_1EO@IJIOEFOH@?$AAa?$AAp?$AAi?$AA?9?$AAm?$AAs?$AA?9?$AAw?$AAi?$AAn?$AA?9?$AAr?$AAt?$AAc?$AAo?$AAr?$AAe?$AA?9?$AAn?$AAt?$AAu?$AAs?$AAe?$AAr?$AA?9?$AAw?$AAi?$AAn?$AAd?$AAo?$AAw?$AA?9@ 0000000180012c40     libucrt:winapi_thunks.obj
 0002:00001c90       ??_C@_1FG@HHGEKANL@?$AAa?$AAp?$AAi?$AA?9?$AAm?$AAs?$AA?9?$AAw?$AAi?$AAn?$AA?9?$AAs?$AAe?$AAc?$AAu?$AAr?$AAi?$AAt?$AAy?$AA?9?$AAs?$AAy?$AAs?$AAt?$AAe?$AAm?$AAf?$AAu?$AAn?$AAc?$AAt?$AAi@ 0000000180012c90     libucrt:winapi_thunks.obj
 0002:00001cf0       ??_C@_1EG@DBIOJECG@?$AAe?$AAx?$AAt?$AA?9?$AAm?$AAs?$AA?9?$AAw?$AAi?$AAn?$AA?9?$AAn?$AAt?$AAu?$AAs?$AAe?$AAr?$AA?9?$AAd?$AAi?$AAa?$AAl?$AAo?$AAg?$AAb?$AAo?$AAx?$AA?9?$AAl?$AA1?$AA?9?$AA1@ 0000000180012cf0     libucrt:winapi_thunks.obj
 0002:00001d40       ??_C@_1EO@FIHMJCLF@?$AAe?$AAx?$AAt?$AA?9?$AAm?$AAs?$AA?9?$AAw?$AAi?$AAn?$AA?9?$AAn?$AAt?$AAu?$AAs?$AAe?$AAr?$AA?9?$AAw?$AAi?$AAn?$AAd?$AAo?$AAw?$AAs?$AAt?$AAa?$AAt?$AAi?$AAo?$AAn?$AA?9@ 0000000180012d40     libucrt:winapi_thunks.obj
 0002:00001d90       ??_C@_1BC@DNHGCMLG@?$AAa?$AAd?$AAv?$AAa?$AAp?$AAi?$AA3?$AA2?$AA?$AA@ 0000000180012d90     libucrt:winapi_thunks.obj
 0002:00001da8       ??_C@_1M@OAIMIKLP@?$AAn?$AAt?$AAd?$AAl?$AAl?$AA?$AA@ 0000000180012da8     libucrt:winapi_thunks.obj
 0002:00001dc0       ??_C@_1EG@DPGNFKGC@?$AAa?$AAp?$AAi?$AA?9?$AAm?$AAs?$AA?9?$AAw?$AAi?$AAn?$AA?9?$AAa?$AAp?$AAp?$AAm?$AAo?$AAd?$AAe?$AAl?$AA?9?$AAr?$AAu?$AAn?$AAt?$AAi?$AAm?$AAe?$AA?9?$AAl?$AA1?$AA?9?$AA1@ 0000000180012dc0     libucrt:winapi_thunks.obj
 0002:00001e08       ??_C@_1O@BCCLBEOE@?$AAu?$AAs?$AAe?$AAr?$AA3?$AA2?$AA?$AA@ 0000000180012e08     libucrt:winapi_thunks.obj
 0002:00001e48       ??_C@_0O@KKBNKAPF@LCMapStringEx?$AA@ 0000000180012e48     libucrt:winapi_thunks.obj
 0002:00001e60       ??_C@_0BB@HBDEELFH@LocaleNameToLCID?$AA@ 0000000180012e60     libucrt:winapi_thunks.obj
 0002:00001e78       ??_C@_0CF@OJOFEIGO@AppPolicyGetProcessTerminationMe@ 0000000180012e78     libucrt:winapi_thunks.obj
 0002:00001ea0       __newctype                 0000000180012ea0     libucrt:ctype.obj
 0002:000021a0       __newclmap                 00000001800131a0     libucrt:ctype.obj
 0002:00002320       __newcumap                 0000000180013320     libucrt:ctype.obj
 0002:000024a0       ?large_power_data@?1??multiply_by_power_of_ten@__crt_strtox@@YA_NAEAUbig_integer@2@I@Z@4QBIB 00000001800134a0     libucrt:cfout.obj
 0002:00002db0       ?large_power_indices@?1??multiply_by_power_of_ten@__crt_strtox@@YA_NAEAUbig_integer@2@I@Z@4QBUunpack_index@?1??12@YA_N0I@Z@B 0000000180013db0     libucrt:cfout.obj
 0002:00002e48       ?small_powers_of_ten@?1??multiply_by_power_of_ten@__crt_strtox@@YA_NAEAUbig_integer@2@I@Z@4QBIB 0000000180013e48     libucrt:cfout.obj
 0002:00002e6c       ??_C@_01GBGANLPD@0?$AA@    0000000180013e6c     libucrt:cfout.obj
 0002:00002e70       ??_C@_05DNEBIAHO@1?$CDINF?$AA@ 0000000180013e70     libucrt:cfout.obj
 0002:00002e78       ??_C@_06IMKFLFPG@1?$CDQNAN?$AA@ 0000000180013e78     libucrt:cfout.obj
 0002:00002e80       ??_C@_06PGGFOGJG@1?$CDSNAN?$AA@ 0000000180013e80     libucrt:cfout.obj
 0002:00002e88       ??_C@_05PHHOCPM@1?$CDIND?$AA@ 0000000180013e88     libucrt:cfout.obj
 0002:00002e90       ??_C@_15PJPFLCCM@?$AAu?$AAk?$AA?$AA@ 0000000180013e90     libucrt:get_qualified_locale.obj
 0002:00002e98       ??_C@_1M@BJNKEDC@?$AAc?$AAa?$AA?9?$AAE?$AAS?$AA?$AA@ 0000000180013e98     libucrt:lcidtoname_downlevel.obj
 0002:00002ea8       ??_C@_1M@IJJHFJHA@?$AAc?$AAs?$AA?9?$AAC?$AAZ?$AA?$AA@ 0000000180013ea8     libucrt:lcidtoname_downlevel.obj
 0002:00002eb8       ??_C@_1M@CLPEOBGI@?$AAd?$AAa?$AA?9?$AAD?$AAK?$AA?$AA@ 0000000180013eb8     libucrt:lcidtoname_downlevel.obj
 0002:00002ec8       ??_C@_1M@MCMADGCB@?$AAd?$AAe?$AA?9?$AAD?$AAE?$AA?$AA@ 0000000180013ec8     libucrt:lcidtoname_downlevel.obj
 0002:00002ed8       ??_C@_1M@OOCKEMAM@?$AAe?$AAl?$AA?9?$AAG?$AAR?$AA?$AA@ 0000000180013ed8     libucrt:lcidtoname_downlevel.obj
 0002:00002ee8       ??_C@_1M@DDNJFGID@?$AAf?$AAi?$AA?9?$AAF?$AAI?$AA?$AA@ 0000000180013ee8     libucrt:lcidtoname_downlevel.obj
 0002:00002ef8       ??_C@_1M@GLIPPMAC@?$AAf?$AAr?$AA?9?$AAF?$AAR?$AA?$AA@ 0000000180013ef8     libucrt:lcidtoname_downlevel.obj
 0002:00002f08       ??_C@_1M@GFMCHPE@?$AAh?$AAe?$AA?9?$AAI?$AAL?$AA?$AA@ 0000000180013f08     libucrt:lcidtoname_downlevel.obj
 0002:00002f18       ??_C@_1M@MHLPGNKM@?$AAh?$AAu?$AA?9?$AAH?$AAU?$AA?$AA@ 0000000180013f18     libucrt:lcidtoname_downlevel.obj
 0002:00002f28       ??_C@_1M@LPDDNNPN@?$AAi?$AAs?$AA?9?$AAI?$AAS?$AA?$AA@ 0000000180013f28     libucrt:lcidtoname_downlevel.obj
 0002:00002f38       ??_C@_1M@MADIPODN@?$AAi?$AAt?$AA?9?$AAI?$AAT?$AA?$AA@ 0000000180013f38     libucrt:lcidtoname_downlevel.obj
 0002:00002f48       ??_C@_1M@IHBJJGG@?$AAn?$AAl?$AA?9?$AAN?$AAL?$AA?$AA@ 0000000180013f48     libucrt:lcidtoname_downlevel.obj
 0002:00002f58       ??_C@_1M@EANAGDL@?$AAn?$AAb?$AA?9?$AAN?$AAO?$AA?$AA@ 0000000180013f58     libucrt:lcidtoname_downlevel.obj
 0002:00002f68       ??_C@_1M@NEIEMEGP@?$AAp?$AAl?$AA?9?$AAP?$AAL?$AA?$AA@ 0000000180013f68     libucrt:lcidtoname_downlevel.obj
 0002:00002f78       ??_C@_1M@BOCFIGEP@?$AAp?$AAt?$AA?9?$AAB?$AAR?$AA?$AA@ 0000000180013f78     libucrt:lcidtoname_downlevel.obj
 0002:00002f88       ??_C@_1M@IMPFOPBG@?$AAr?$AAo?$AA?9?$AAR?$AAO?$AA?$AA@ 0000000180013f88     libucrt:lcidtoname_downlevel.obj
 0002:00002f98       ??_C@_1M@IDNNEJMM@?$AAr?$AAu?$AA?9?$AAR?$AAU?$AA?$AA@ 0000000180013f98     libucrt:lcidtoname_downlevel.obj
 0002:00002fa8       ??_C@_1M@LILEEOGM@?$AAh?$AAr?$AA?9?$AAH?$AAR?$AA?$AA@ 0000000180013fa8     libucrt:lcidtoname_downlevel.obj
 0002:00002fb8       ??_C@_1M@FKIFEHPB@?$AAs?$AAk?$AA?9?$AAS?$AAK?$AA?$AA@ 0000000180013fb8     libucrt:lcidtoname_downlevel.obj
 0002:00002fc8       ??_C@_1M@LJMAMNPJ@?$AAs?$AAq?$AA?9?$AAA?$AAL?$AA?$AA@ 0000000180013fc8     libucrt:lcidtoname_downlevel.obj
 0002:00002fd8       ??_C@_1M@GIAKDKJK@?$AAs?$AAv?$AA?9?$AAS?$AAE?$AA?$AA@ 0000000180013fd8     libucrt:lcidtoname_downlevel.obj
 0002:00002fe8       ??_C@_1M@MKJKIKCL@?$AAt?$AAh?$AA?9?$AAT?$AAH?$AA?$AA@ 0000000180013fe8     libucrt:lcidtoname_downlevel.obj
 0002:00002ff8       ??_C@_1M@MFLCCMPB@?$AAt?$AAr?$AA?9?$AAT?$AAR?$AA?$AA@ 0000000180013ff8     libucrt:lcidtoname_downlevel.obj
 0002:00003008       ??_C@_1M@OIJHDKJN@?$AAu?$AAr?$AA?9?$AAP?$AAK?$AA?$AA@ 0000000180014008     libucrt:lcidtoname_downlevel.obj
 0002:00003018       ??_C@_1M@LHIPCIEK@?$AAi?$AAd?$AA?9?$AAI?$AAD?$AA?$AA@ 0000000180014018     libucrt:lcidtoname_downlevel.obj
 0002:00003028       ??_C@_1M@MFMOBGI@?$AAu?$AAk?$AA?9?$AAU?$AAA?$AA?$AA@ 0000000180014028     libucrt:lcidtoname_downlevel.obj
 0002:00003038       ??_C@_1M@OBGLJIPL@?$AAb?$AAe?$AA?9?$AAB?$AAY?$AA?$AA@ 0000000180014038     libucrt:lcidtoname_downlevel.obj
 0002:00003048       ??_C@_1M@BCFAJEAD@?$AAs?$AAl?$AA?9?$AAS?$AAI?$AA?$AA@ 0000000180014048     libucrt:lcidtoname_downlevel.obj
 0002:00003058       ??_C@_1M@FKFFEDDN@?$AAe?$AAt?$AA?9?$AAE?$AAE?$AA?$AA@ 0000000180014058     libucrt:lcidtoname_downlevel.obj
 0002:00003068       ??_C@_1M@KGKKAACI@?$AAl?$AAv?$AA?9?$AAL?$AAV?$AA?$AA@ 0000000180014068     libucrt:lcidtoname_downlevel.obj
 0002:00003078       ??_C@_1M@IFGBIJO@?$AAl?$AAt?$AA?9?$AAL?$AAT?$AA?$AA@ 0000000180014078     libucrt:lcidtoname_downlevel.obj
 0002:00003088       ??_C@_1M@FGEAHEDM@?$AAf?$AAa?$AA?9?$AAI?$AAR?$AA?$AA@ 0000000180014088     libucrt:lcidtoname_downlevel.obj
 0002:00003098       ??_C@_1M@KBMAIBFN@?$AAv?$AAi?$AA?9?$AAV?$AAN?$AA?$AA@ 0000000180014098     libucrt:lcidtoname_downlevel.obj
 0002:000030a8       ??_C@_1M@GPCBKDJK@?$AAh?$AAy?$AA?9?$AAA?$AAM?$AA?$AA@ 00000001800140a8     libucrt:lcidtoname_downlevel.obj
 0002:000030b8       ??_C@_1BG@BECMDDJB@?$AAa?$AAz?$AA?9?$AAA?$AAZ?$AA?9?$AAL?$AAa?$AAt?$AAn?$AA?$AA@ 00000001800140b8     libucrt:lcidtoname_downlevel.obj
[...]
 0004:0000090c       $pdata$__acrt_AppPolicyGetProcessTerminationMethodInternal 000000018001d90c     libucrt:winapi_thunks.obj
 0004:00000918       $pdata$__acrt_FlsAlloc     000000018001d918     libucrt:winapi_thunks.obj
 0004:00000924       $pdata$__acrt_FlsFree      000000018001d924     libucrt:winapi_thunks.obj
 0004:00000930       $pdata$__acrt_FlsGetValue  000000018001d930     libucrt:winapi_thunks.obj
 0004:0000093c       $pdata$__acrt_FlsSetValue  000000018001d93c     libucrt:winapi_thunks.obj
 0004:00000948       $pdata$__acrt_InitializeCriticalSectionEx 000000018001d948     libucrt:winapi_thunks.obj
 0004:00000954       $pdata$__acrt_LCMapStringEx 000000018001d954     libucrt:winapi_thunks.obj
 0004:00000960       $pdata$__acrt_LocaleNameToLCID 000000018001d960     libucrt:winapi_thunks.obj
 0004:0000096c       $pdata$__acrt_initialize_winapi_thunks 000000018001d96c     libucrt:winapi_thunks.obj
 0004:00000978       $pdata$__acrt_uninitialize_winapi_thunks 000000018001d978     libucrt:winapi_thunks.obj
 0004:00000984       $pdata$__acrt_initialize_heap 000000018001d984     libucrt:heap_handle.obj
 0004:00000990       $pdata$__acrt_execute_initializers 000000018001d990     libucrt:shared_initialization.obj
 0004:0000099c       $pdata$__acrt_execute_uninitializers 000000018001d99c     libucrt:shared_initialization.obj
 0004:000009a8       $pdata$_callnewh           000000018001d9a8     libucrt:new_handler.obj
 0004:000009b4       $pdata$_query_new_handler  000000018001d9b4     libucrt:new_handler.obj
 0004:000009c0       $pdata$??$?RV<lambda_450d765d439847d4c735a33c368b5fc0>@@AEAV<lambda_44731a7d0e6d81c3e6aa82d741081786>@@V<lambda_601a2a7da3b7a96e9554ac7215c4b07c>@@@?$__crt_seh_guarded_call@P6AXH@Z@@QEAAP6AXH@Z$$QEAV<lambda_450d765d439847d4c735a33c368b5fc0>@@AEAV<lambda_44731a7d0e6d81c3e6aa82d741081786>@@$$QEAV<lambda_601a2a7da3b7a96e9554ac7215c4b07c>@@@Z 000000018001d9c0     libucrt:signal.obj
 0004:000009cc       $pdata$__acrt_get_sigabrt_handler 000000018001d9cc     libucrt:signal.obj
 0004:000009d8       $pdata$raise               000000018001d9d8     libucrt:signal.obj
 0004:000009e4       $pdata$??$?RV<lambda_842d9ff0dc9ef11c61343bbaebe7f885>@@AEAV<lambda_c5860995281e5c4ce005b3de8f5874ee>@@V<lambda_d90129c13df834fdcbf8d2b88dafcf2d>@@@?$__crt_seh_guarded_call@X@@QEAAX$$QEAV<lambda_842d9ff0dc9ef11c61343bbaebe7f885>@@AEAV<lambda_c5860995281e5c4ce005b3de8f5874ee>@@$$QEAV<lambda_d90129c13df834fdcbf8d2b88dafcf2d>@@@Z 000000018001d9e4     libucrt:fflush.obj
 0004:000009f0       $pdata$??$?RV<lambda_886d6c58226a84441f68b9f2b8217b83>@@AEAV<lambda_ab61a845afdef5b7c387490eaf3616ee>@@V<lambda_f7f22ab5edc0698d5f6905b0d3f44752>@@@?$__crt_seh_guarded_call@X@@QEAAX$$QEAV<lambda_886d6c58226a84441f68b9f2b8217b83>@@AEAV<lambda_ab61a845afdef5b7c387490eaf3616ee>@@$$QEAV<lambda_f7f22ab5edc0698d5f6905b0d3f44752>@@@Z 000000018001d9f0     libucrt:fflush.obj
 0004:000009fc       $pdata$?common_flush_all@@YAH_N@Z 000000018001d9fc     libucrt:fflush.obj
 0004:00000a08       $pdata$__acrt_stdio_flush_nolock 000000018001da08     libucrt:fflush.obj
 0004:00000a14       $pdata$_fflush_nolock      000000018001da14     libucrt:fflush.obj
 0004:00000a20       $pdata$__pctype_func       000000018001da20     libucrt:ctype.obj
 0004:00000a2c       $pdata$_isctype_l          000000018001da2c     libucrt:isctype.obj
 0004:00000a38       $pdata$_isleadbyte_l       000000018001da38     libucrt:_wctype.obj
 0004:00000a44       $pdata$?__acrt_LCMapStringA_stat@@YAHPEAU__crt_locale_pointers@@PEB_WKPEBDHPEADHHH@Z 000000018001da44     libucrt:lcmapstringa.obj
 0004:00000a50       $pdata$__acrt_LCMapStringA 000000018001da50     libucrt:lcmapstringa.obj
 0004:00000a5c       $pdata$__acrt_free_locale  000000018001da5c     libucrt:locale_refcounting.obj
 0004:00000a68       $pdata$__acrt_locale_free_lc_time_if_unreferenced 000000018001da68     libucrt:locale_refcounting.obj
 0004:00000a74       $pdata$__acrt_release_locale_ref 000000018001da74     libucrt:locale_refcounting.obj
 0004:00000a80       $pdata$__acrt_update_thread_locale_data 000000018001da80     libucrt:locale_refcounting.obj
 0004:00000a8c       $pdata$_updatetlocinfoEx_nolock 000000018001da8c     libucrt:locale_refcounting.obj
 0004:00000a98       $pdata$__acrt_fp_strflt_to_string 000000018001da98     libucrt:_fptostr.obj
 0004:00000aa4       $pdata$?divide@__crt_strtox@@YA_KAEAUbig_integer@1@AEBU21@@Z 000000018001daa4     libucrt:cfout.obj
 0004:00000ab0       $pdata$5$?divide@__crt_strtox@@YA_KAEAUbig_integer@1@AEBU21@@Z 000000018001dab0     libucrt:cfout.obj
 0004:00000abc       $pdata$6$?divide@__crt_strtox@@YA_KAEAUbig_integer@1@AEBU21@@Z 000000018001dabc     libucrt:cfout.obj
 0004:00000ac8       $pdata$__acrt_fltout       000000018001dac8     libucrt:cfout.obj
 0004:00000ad4       $pdata$memcpy_s            000000018001dad4     libucrt:cfout.obj
 0004:00000ae0       $pdata$_fcloseall          000000018001dae0     libucrt:closeall.obj
 0004:00000aec       $pdata$__acrt_stdio_free_buffer_nolock 000000018001daec     libucrt:_freebuf.obj
 0004:00000af8       $pdata$_isatty             000000018001daf8     libucrt:isatty.obj
 0004:00000b04       $pdata$__acrt_locale_free_monetary 000000018001db04     libucrt:initmon.obj
 0004:00000b10       $pdata$__acrt_locale_free_numeric 000000018001db10     libucrt:initnum.obj
 0004:00000b1c       $pdata$?free_crt_array_internal@@YAXQEAPEBX_K@Z 000000018001db1c     libucrt:inittime.obj
 0004:00000b28       $pdata$__acrt_locale_free_time 000000018001db28     libucrt:inittime.obj
 0004:00000b34       $pdata$__acrt_GetStringTypeA 000000018001db34     libucrt:getstringtypea.obj
 0004:00000b40       $pdata$__acrt_lowio_create_handle_array 000000018001db40     libucrt:osfinfo.obj
 0004:00000b4c       $pdata$__acrt_lowio_destroy_handle_array 000000018001db4c     libucrt:osfinfo.obj
 0004:00000b58       $pdata$__acrt_lowio_ensure_fh_exists 000000018001db58     libucrt:osfinfo.obj
 0004:00000b64       $pdata$_free_osfhnd        000000018001db64     libucrt:osfinfo.obj
 0004:00000b70       $pdata$_get_osfhandle      000000018001db70     libucrt:osfinfo.obj
 0004:00000b7c       $pdata$qsort               000000018001db7c     libucrt:qsort.obj
 0004:00000b88       $pdata$4$qsort             000000018001db88     libucrt:qsort.obj
 0004:00000b94       $pdata$5$qsort             000000018001db94     libucrt:qsort.obj
 0004:00000ba0       $pdata$strncpy_s           000000018001dba0     libucrt:strncpy_s.obj
 0004:00000bac       $pdata$fallbackMethod      000000018001dbac     libucrt:strpbrk.obj
 0004:00000bb8       $pdata$strpbrk             000000018001dbb8     libucrt:strpbrk.obj
 0004:00000bc4       $pdata$_mbsdec_l           000000018001dbc4     libucrt:mbsdec.obj
 0004:00000bd0       $pdata$?initialize_multibyte@@YAHXZ 000000018001dbd0     libucrt:multibyte_initializer.obj
 0004:00000bdc       $pdata$_msize_base         000000018001dbdc     libucrt:msize.obj
 0004:00000be8       $pdata$_realloc_base       000000018001dbe8     libucrt:realloc_base.obj
 0004:00000bf4       $pdata$?GetTableIndexFromLocaleName@@YAHPEB_W@Z 000000018001dbf4     libucrt:lcidtoname_downlevel.obj
 0004:00000c00       $pdata$__acrt_DownlevelLocaleNameToLCID 000000018001dc00     libucrt:lcidtoname_downlevel.obj
 0004:00000c0c       $pdata$??$?RV<lambda_a37b2b86f63e897a80ea819b0eb08c01>@@AEAV<lambda_38ce7e780aa69e748d6df282ebc68efe>@@V<lambda_99fb1378e971ab6e7edea83e3a7a83a2>@@@?$__crt_seh_guarded_call@H@@QEAAH$$QEAV<lambda_a37b2b86f63e897a80ea819b0eb08c01>@@AEAV<lambda_38ce7e780aa69e748d6df282ebc68efe>@@$$QEAV<lambda_99fb1378e971ab6e7edea83e3a7a83a2>@@@Z 000000018001dc0c     libucrt:commit.obj
 0004:00000c18       $pdata$_commit             000000018001dc18     libucrt:commit.obj
 0004:00000c24       $pdata$?write_double_translated_ansi_nolock@@YA?AUwrite_result@?A0x17268360@@HQEBDI@Z 000000018001dc24     libucrt:write.obj
 0004:00000c30       $pdata$?write_text_ansi_nolock@@YA?AUwrite_result@?A0x17268360@@HQEBDI@Z 000000018001dc30     libucrt:write.obj
 0004:00000c3c       $pdata$?write_text_utf16le_nolock@@YA?AUwrite_result@?A0x17268360@@HQEBDI@Z 000000018001dc3c     libucrt:write.obj
 0004:00000c48       $pdata$?write_text_utf8_nolock@@YA?AUwrite_result@?A0x17268360@@HQEBDI@Z 000000018001dc48     libucrt:write.obj
 0004:00000c54       $pdata$_write              000000018001dc54     libucrt:write.obj
 0004:00000c60       $pdata$_write_nolock       000000018001dc60     libucrt:write.obj
 0004:00000c6c       $pdata$fegetenv            000000018001dc6c     libucrt:fegetenv.obj
 0004:00000c78       $pdata$fesetenv            000000018001dc78     libucrt:fesetenv.obj
 0004:00000c84       $pdata$feholdexcept        000000018001dc84     libucrt:feholdexcept.obj
 0004:00000c9c       $pdata$??$common_lseek_nolock@_J@@YA_JH_JH@Z 000000018001dc9c     libucrt:lseek.obj
 0004:00000ca8       $pdata$_fclose_nolock      000000018001dca8     libucrt:fclose.obj
 0004:00000cb4       $pdata$fclose              000000018001dcb4     libucrt:fclose.obj
 0004:00000cc0       $pdata$_putwch_nolock      000000018001dcc0     libucrt:putwch.obj
 0004:00000ccc       $pdata$__acrt_fenv_set_control 000000018001dccc     libucrt:_fenvutils.obj
 0004:00000cd8       $pdata$_clearfp            000000018001dcd8     libucrt:ieee.obj
 0004:00000ce4       $pdata$_call_matherr       000000018001dce4     libucrt:libm_error.obj
 0004:00000cf0       $pdata$_exception_enabled  000000018001dcf0     libucrt:libm_error.obj
 0004:00000cfc       $pdata$_handle_error       000000018001dcfc     libucrt:libm_error.obj
 0004:00000d08       $pdata$__acrt_initialize_fma3 000000018001dd08     libucrt:fma3_available.obj
 0004:00000d14       $pdata$_log10_special      000000018001dd14     libucrt:log_special.obj
 0004:00000d20       $pdata$_log_special_common 000000018001dd20     libucrt:log_special.obj
 0004:00000d2c       $pdata$??$?RV<lambda_751a882b2c74d4b022dec766aa51a29a>@@AEAV<lambda_628dfdc04ba53c8bfc02c9951375f3f5>@@V<lambda_f6c7be5f7998530c34de24c7437d6b54>@@@?$__crt_seh_guarded_call@H@@QEAAH$$QEAV<lambda_751a882b2c74d4b022dec766aa51a29a>@@AEAV<lambda_628dfdc04ba53c8bfc02c9951375f3f5>@@$$QEAV<lambda_f6c7be5f7998530c34de24c7437d6b54>@@@Z 000000018001dd2c     libucrt:close.obj
 0004:00000d38       $pdata$_close              000000018001dd38     libucrt:close.obj
 0004:00000d44       $pdata$_close_nolock       000000018001dd44     libucrt:close.obj
 0004:00000d50       $pdata$__dcrt_lowio_ensure_console_output_initialized 000000018001dd50     libucrt:initcon.obj
 0004:00000d5c       $pdata$__dcrt_terminate_console_output 000000018001dd5c     libucrt:initcon.obj
 0004:00000d68       $pdata$__dcrt_write_console_w 000000018001dd68     libucrt:initcon.obj
 0004:00000d80       $pdata$_raise_exc          000000018001dd80     libucrt:fpexcept.obj
 0004:00000d8c       $pdata$_raise_exc_ex       000000018001dd8c     libucrt:fpexcept.obj
 0004:00000d98       $pdata$_set_errno_from_matherr 000000018001dd98     libucrt:fpexcept.obj
 0004:00000da4       $pdata$_clrfp              000000018001dda4     libucrt:fpctrl.obj
 0004:00000db0       $pdata$_ctrlfp             000000018001ddb0     libucrt:fpctrl.obj
 0004:00000dbc       $pdata$_set_statfp         000000018001ddbc     libucrt:fpctrl.obj
 0004:00000dc8       $pdata$_statfp             000000018001ddc8     libucrt:fpctrl.obj
 0004:00000dd4       $pdata$?DloadAcquireSectionWriteAccess@@YAXXZ 000000018001ddd4     DelayImp:delayhlp.obj
 0004:00000de0       $pdata$?DloadGetSRWLockFunctionPointers@@YAEXZ 000000018001dde0     DelayImp:delayhlp.obj
 0004:00000dec       $pdata$?DloadMakePermanentImageCommit@@YAXPEAX_K@Z 000000018001ddec     DelayImp:delayhlp.obj
 0004:00000df8       $pdata$?DloadObtainSection@@YAPEAXPEAK0@Z 000000018001ddf8     DelayImp:delayhlp.obj
 0004:00000e04       $pdata$?DloadProtectSection@@YAXKPEAK@Z 000000018001de04     DelayImp:delayhlp.obj
 0004:00000e10       $pdata$?DloadReleaseSectionWriteAccess@@YAXXZ 000000018001de10     DelayImp:delayhlp.obj
 0004:00000e1c       $pdata$__delayLoadHelper2  000000018001de1c     DelayImp:delayhlp.obj
 0004:00000e28       $pdata$_IsNonwritableInCurrentImage 000000018001de28     LIBCMT:pesect.obj
 0004:00000e34       $pdata$__GSHandlerCheck    000000018001de34     LIBCMT:_gshandler_.obj
 0004:00000e40       $pdata$__GSHandlerCheckCommon 000000018001de40     LIBCMT:_gshandler_.obj
 0004:00000e64       $pdata$strrchr             000000018001de64     libvcruntime:strrchr.obj
 0004:00000eb8       $pdata$?fin$0@?0??dllmain_crt_process_attach@@YAHQEAUHINSTANCE__@@QEAX@Z@4HA 000000018001deb8     LIBCMT:dll_dllmain.obj
 0004:00000ec4       $pdata$?fin$0@?0??dllmain_crt_process_detach@@YAH_N@Z@4HA 000000018001dec4     LIBCMT:dll_dllmain.obj
 0004:00000ed0       $pdata$?filt$0@?0??dllmain_dispatch@@YAHQEAUHINSTANCE__@@KQEAX@Z@4HA 000000018001ded0     LIBCMT:dll_dllmain.obj
 0004:00000edc       $pdata$__scrt_is_nonwritable_in_current_image$filt$0 000000018001dedc     LIBCMT:utility.obj
 0004:00000ee8       $pdata$?filt$0@?0???R<lambda_6e4b09c48022b2350581041d5f6b0c4c>@@QEBA@XZ@4HA 000000018001dee8     libucrt:exit.obj
 0004:00000ef4       $pdata$?fin$0@?0???$?RV<lambda_aa87e3671a710a21b5dc78c0bdf72e11>@@AEAV<lambda_92619d2358a28f41a33ba319515a20b9>@@V<lambda_6992ecaafeb10aed2b74cb1fae11a551>@@@?$__crt_seh_guarded_call@X@@QEAAX$$QEAV<lambda_aa87e3671a710a21b5dc78c0bdf72e11>@@AEAV<lambda_92619d2358a28f41a33ba319515a20b9>@@$$QEAV<lambda_6992ecaafeb10aed2b74cb1fae11a551>@@@Z@4HA 000000018001def4     libucrt:per_thread_data.obj
 0004:00000ef4       $pdata$?fin$0@?0???$?RV<lambda_d80eeec6fff315bfe5c115232f3240e3>@@AEAV<lambda_6e4b09c48022b2350581041d5f6b0c4c>@@V<lambda_2358e3775559c9db80273638284d5e45>@@@?$__crt_seh_guarded_call@X@@QEAAX$$QEAV<lambda_d80eeec6fff315bfe5c115232f3240e3>@@AEAV<lambda_6e4b09c48022b2350581041d5f6b0c4c>@@$$QEAV<lambda_2358e3775559c9db80273638284d5e45>@@@Z@4HA 000000018001def4     libucrt:exit.obj
 0004:00000ef4       $pdata$?fin$0@?0???$?RV<lambda_0ae27a3a962d80f24befdcbee591983d>@@AEAV<lambda_8d0ee55de4b1038c4002e0adecdf1839>@@V<lambda_dc504788e8f1664fe9b84e20bfb512f2>@@@?$__crt_seh_guarded_call@X@@QEAAX$$QEAV<lambda_0ae27a3a962d80f24befdcbee591983d>@@AEAV<lambda_8d0ee55de4b1038c4002e0adecdf1839>@@$$QEAV<lambda_dc504788e8f1664fe9b84e20bfb512f2>@@@Z@4HA 000000018001def4     libucrt:per_thread_data.obj
 0004:00000ef4       $pdata$?fin$0@?0???$?RV<lambda_f2e299630e499de9f9a165e60fcd3db5>@@AEAV<lambda_2ae9d31cdba2644fcbeaf08da7c24588>@@V<lambda_40d01ff24d0e7b3814fdbdcee8eab3c7>@@@?$__crt_seh_guarded_call@X@@QEAAX$$QEAV<lambda_f2e299630e499de9f9a165e60fcd3db5>@@AEAV<lambda_2ae9d31cdba2644fcbeaf08da7c24588>@@$$QEAV<lambda_40d01ff24d0e7b3814fdbdcee8eab3c7>@@@Z@4HA 000000018001def4     libucrt:per_thread_data.obj
 0004:00000ef4       $pdata$?fin$0@?0???$?RV<lambda_7777bce6b2f8c936911f934f8298dc43>@@AEAV<lambda_f03950bc5685219e0bcd2087efbe011e>@@V<lambda_3883c3dff614d5e0c5f61bb1ac94921c>@@@?$__crt_seh_guarded_call@H@@QEAAH$$QEAV<lambda_7777bce6b2f8c936911f934f8298dc43>@@AEAV<lambda_f03950bc5685219e0bcd2087efbe011e>@@$$QEAV<lambda_3883c3dff614d5e0c5f61bb1ac94921c>@@@Z@4HA 000000018001def4     libucrt:onexit.obj
 0004:00000ef4       $pdata$?fin$0@?0???$?RV<lambda_2d41944a1d46af3157314b8a01080d33>@@AEAV<lambda_8f455de75cd7d7f24b4096f044d8b9e6>@@V<lambda_aa500f224e6afead328df44964fe2772>@@@?$__crt_seh_guarded_call@X@@QEAAX$$QEAV<lambda_2d41944a1d46af3157314b8a01080d33>@@AEAV<lambda_8f455de75cd7d7f24b4096f044d8b9e6>@@$$QEAV<lambda_aa500f224e6afead328df44964fe2772>@@@Z@4HA 000000018001def4     libucrt:per_thread_data.obj
 0004:00000ef4       $pdata$?fin$0@?0???$?RV<lambda_450d765d439847d4c735a33c368b5fc0>@@AEAV<lambda_44731a7d0e6d81c3e6aa82d741081786>@@V<lambda_601a2a7da3b7a96e9554ac7215c4b07c>@@@?$__crt_seh_guarded_call@P6AXH@Z@@QEAAP6AXH@Z$$QEAV<lambda_450d765d439847d4c735a33c368b5fc0>@@AEAV<lambda_44731a7d0e6d81c3e6aa82d741081786>@@$$QEAV<lambda_601a2a7da3b7a96e9554ac7215c4b07c>@@@Z@4HA 000000018001def4     libucrt:signal.obj
 0004:00000ef4       $pdata$?fin$0@?0???$?RV<lambda_efdfa57d1f175319df784efa44bb7b81>@@AEAV<lambda_5f0a4c1567f8adc6734073e5d1e1b35c>@@V<lambda_2e8a7d3640ea6ccb4c2413664c2db6fd>@@@?$__crt_seh_guarded_call@X@@QEAAX$$QEAV<lambda_efdfa57d1f175319df784efa44bb7b81>@@AEAV<lambda_5f0a4c1567f8adc6734073e5d1e1b35c>@@$$QEAV<lambda_2e8a7d3640ea6ccb4c2413664c2db6fd>@@@Z@4HA 000000018001def4     libucrt:mbctype.obj
 0004:00000f00       $pdata$?fin$0@?0???$?RV<lambda_410d79af7f07d98d83a3f525b3859a53>@@AEAV<lambda_3e16ef9562a7dcce91392c22ab16ea36>@@V<lambda_38119f0e861e05405d8a144b9b982f0a>@@@?$__crt_seh_guarded_call@X@@QEAAX$$QEAV<lambda_410d79af7f07d98d83a3f525b3859a53>@@AEAV<lambda_3e16ef9562a7dcce91392c22ab16ea36>@@$$QEAV<lambda_38119f0e861e05405d8a144b9b982f0a>@@@Z@4HA 000000018001df00     libucrt:wsetlocale.obj
 0004:00000f0c       $pdata$__acrt_lowio_ensure_fh_exists$fin$0 000000018001df0c     libucrt:osfinfo.obj
 0004:00000f0c       $pdata$__acrt_initialize_lowio$fin$0 000000018001df0c     libucrt:ioinit.obj
 0004:00000f18       $pdata$?fin$0@?0??update_thread_multibyte_data_internal@@YAPEAU__crt_multibyte_data@@QEAU__acrt_ptd@@QEAPEAU1@@Z@4HA 000000018001df18     libucrt:mbctype.obj
 0004:00000f24       $pdata$_query_new_handler$fin$0 000000018001df24     libucrt:new_handler.obj
 0004:00000f30       $pdata$raise$fin$0         000000018001df30     libucrt:signal.obj
 0004:00000f3c       $pdata$?fin$0@?0???$?RV<lambda_842d9ff0dc9ef11c61343bbaebe7f885>@@AEAV<lambda_c5860995281e5c4ce005b3de8f5874ee>@@V<lambda_d90129c13df834fdcbf8d2b88dafcf2d>@@@?$__crt_seh_guarded_call@X@@QEAAX$$QEAV<lambda_842d9ff0dc9ef11c61343bbaebe7f885>@@AEAV<lambda_c5860995281e5c4ce005b3de8f5874ee>@@$$QEAV<lambda_d90129c13df834fdcbf8d2b88dafcf2d>@@@Z@4HA 000000018001df3c     libucrt:fflush.obj
 0004:00000f48       $pdata$?fin$0@?0???$?RV<lambda_886d6c58226a84441f68b9f2b8217b83>@@AEAV<lambda_ab61a845afdef5b7c387490eaf3616ee>@@V<lambda_f7f22ab5edc0698d5f6905b0d3f44752>@@@?$__crt_seh_guarded_call@X@@QEAAX$$QEAV<lambda_886d6c58226a84441f68b9f2b8217b83>@@AEAV<lambda_ab61a845afdef5b7c387490eaf3616ee>@@$$QEAV<lambda_f7f22ab5edc0698d5f6905b0d3f44752>@@@Z@4HA 000000018001df48     libucrt:fflush.obj
 0004:00000f54       $pdata$__acrt_update_thread_locale_data$fin$0 000000018001df54     libucrt:locale_refcounting.obj
 0004:00000f60       $pdata$_fcloseall$fin$0    000000018001df60     libucrt:closeall.obj
 0004:00000f6c       $pdata$?fin$0@?0???$?RV<lambda_a37b2b86f63e897a80ea819b0eb08c01>@@AEAV<lambda_38ce7e780aa69e748d6df282ebc68efe>@@V<lambda_99fb1378e971ab6e7edea83e3a7a83a2>@@@?$__crt_seh_guarded_call@H@@QEAAH$$QEAV<lambda_a37b2b86f63e897a80ea819b0eb08c01>@@AEAV<lambda_38ce7e780aa69e748d6df282ebc68efe>@@$$QEAV<lambda_99fb1378e971ab6e7edea83e3a7a83a2>@@@Z@4HA 000000018001df6c     libucrt:commit.obj
 0004:00000f6c       $pdata$?fin$0@?0???$?RV<lambda_751a882b2c74d4b022dec766aa51a29a>@@AEAV<lambda_628dfdc04ba53c8bfc02c9951375f3f5>@@V<lambda_f6c7be5f7998530c34de24c7437d6b54>@@@?$__crt_seh_guarded_call@H@@QEAAH$$QEAV<lambda_751a882b2c74d4b022dec766aa51a29a>@@AEAV<lambda_628dfdc04ba53c8bfc02c9951375f3f5>@@$$QEAV<lambda_f6c7be5f7998530c34de24c7437d6b54>@@@Z@4HA 000000018001df6c     libucrt:close.obj
 0004:00000f78       $pdata$_write$fin$0        000000018001df78     libucrt:write.obj
 0004:00000f84       $pdata$fclose$fin$0        000000018001df84     libucrt:fclose.obj
 0004:00000f90       $pdata$_ctrlfp$filt$0      000000018001df90     libucrt:fpctrl.obj
 0004:00000f9c       $pdata$_IsNonwritableInCurrentImage$filt$0 000000018001df9c     LIBCMT:pesect.obj
 0005:00000060       $R000000                   000000018001e060     * linker generated manifest res *

 Exports

  ordinal    name

        1    _register_sha3_C_Addon_
